{"timestamp":"2026-09-04T10:51:51.827697Z","level":"info","event":"Filling up the DagBag from /opt/airflow/dags/aws_project.py","logger":"airflow.dag_processing.dagbag.BundleDagBag","filename":"dagbag.py","lineno":469}
{"timestamp":"2026-09-04T10:52:44.237294Z","level":"info","event":"Filling up the DagBag from /opt/airflow/dags/aws_project.py","logger":"airflow.dag_processing.dagbag.BundleDagBag","filename":"dagbag.py","lineno":469}
{"timestamp":"2026-09-04T10:53:17.842486Z","level":"info","event":"Filling up the DagBag from /opt/airflow/dags/aws_project.py","logger":"airflow.dag_processing.dagbag.BundleDagBag","filename":"dagbag.py","lineno":469}
{"timestamp":"2026-09-04T10:53:51.357838Z","level":"info","event":"Filling up the DagBag from /opt/airflow/dags/aws_project.py","logger":"airflow.dag_processing.dagbag.BundleDagBag","filename":"dagbag.py","lineno":469}
{"timestamp":"2026-09-04T10:54:25.760879Z","level":"info","event":"Filling up the DagBag from /opt/airflow/dags/aws_project.py","logger":"airflow.dag_processing.dagbag.BundleDagBag","filename":"dagbag.py","lineno":469}
{"timestamp":"2026-09-04T10:55:00.600590Z","level":"info","event":"Filling up the DagBag from /opt/airflow/dags/aws_project.py","logger":"airflow.dag_processing.dagbag.BundleDagBag","filename":"dagbag.py","lineno":469}
{"timestamp":"2026-09-04T10:55:35.138573Z","level":"info","event":"Filling up the DagBag from /opt/airflow/dags/aws_project.py","logger":"airflow.dag_processing.dagbag.BundleDagBag","filename":"dagbag.py","lineno":469}
{"timestamp":"2026-09-04T10:56:09.326243Z","level":"info","event":"Filling up the DagBag from /opt/airflow/dags/aws_project.py","logger":"airflow.dag_processing.dagbag.BundleDagBag","filename":"dagbag.py","lineno":469}
{"timestamp":"2026-09-04T10:56:42.375764Z","level":"info","event":"Filling up the DagBag from /opt/airflow/dags/aws_project.py","logger":"airflow.dag_processing.dagbag.BundleDagBag","filename":"dagbag.py","lineno":469}
{"timestamp":"2026-09-04T10:57:15.397096Z","level":"info","event":"Filling up the DagBag from /opt/airflow/dags/aws_project.py","logger":"airflow.dag_processing.dagbag.BundleDagBag","filename":"dagbag.py","lineno":469}
{"timestamp":"2026-09-04T10:57:48.337456Z","level":"info","event":"Filling up the DagBag from /opt/airflow/dags/aws_project.py","logger":"airflow.dag_processing.dagbag.BundleDagBag","filename":"dagbag.py","lineno":469}
{"timestamp":"2026-09-04T10:58:20.835700Z","level":"info","event":"Filling up the DagBag from /opt/airflow/dags/aws_project.py","logger":"airflow.dag_processing.dagbag.BundleDagBag","filename":"dagbag.py","lineno":469}
{"timestamp":"2026-09-04T10:58:53.517779Z","level":"info","event":"Filling up the DagBag from /opt/airflow/dags/aws_project.py","logger":"airflow.dag_processing.dagbag.BundleDagBag","filename":"dagbag.py","lineno":469}
{"timestamp":"2026-09-04T10:59:26.036938Z","level":"info","event":"Filling up the DagBag from /opt/airflow/dags/aws_project.py","logger":"airflow.dag_processing.dagbag.BundleDagBag","filename":"dagbag.py","lineno":469}
{"timestamp":"2026-09-04T10:59:58.645330Z","level":"info","event":"Filling up the DagBag from /opt/airflow/dags/aws_project.py","logger":"airflow.dag_processing.dagbag.BundleDagBag","filename":"dagbag.py","lineno":469}
{"timestamp":"2026-09-04T11:00:31.118436Z","level":"info","event":"Filling up the DagBag from /opt/airflow/dags/aws_project.py","logger":"airflow.dag_processing.dagbag.BundleDagBag","filename":"dagbag.py","lineno":469}
{"timestamp":"2026-09-04T11:01:03.428678Z","level":"info","event":"Filling up the DagBag from /opt/airflow/dags/aws_project.py","logger":"airflow.dag_processing.dagbag.BundleDagBag","filename":"dagbag.py","lineno":469}
{"timestamp":"2026-09-04T11:01:35.983734Z","level":"info","event":"Filling up the DagBag from /opt/airflow/dags/aws_project.py","logger":"airflow.dag_processing.dagbag.BundleDagBag","filename":"dagbag.py","lineno":469}
{"timestamp":"2026-09-04T11:02:08.594670Z","level":"info","event":"Filling up the DagBag from /opt/airflow/dags/aws_project.py","logger":"airflow.dag_processing.dagbag.BundleDagBag","filename":"dagbag.py","lineno":469}
{"timestamp":"2026-09-04T11:02:40.927117Z","level":"info","event":"Filling up the DagBag from /opt/airflow/dags/aws_project.py","logger":"airflow.dag_processing.dagbag.BundleDagBag","filename":"dagbag.py","lineno":469}
{"timestamp":"2026-09-04T11:03:13.643324Z","level":"info","event":"Filling up the DagBag from /opt/airflow/dags/aws_project.py","logger":"airflow.dag_processing.dagbag.BundleDagBag","filename":"dagbag.py","lineno":469}
{"timestamp":"2026-09-04T11:03:45.980382Z","level":"info","event":"Filling up the DagBag from /opt/airflow/dags/aws_project.py","logger":"airflow.dag_processing.dagbag.BundleDagBag","filename":"dagbag.py","lineno":469}
{"timestamp":"2026-09-04T11:04:18.305766Z","level":"info","event":"Filling up the DagBag from /opt/airflow/dags/aws_project.py","logger":"airflow.dag_processing.dagbag.BundleDagBag","filename":"dagbag.py","lineno":469}
{"timestamp":"2026-09-04T11:04:50.996324Z","level":"info","event":"Filling up the DagBag from /opt/airflow/dags/aws_project.py","logger":"airflow.dag_processing.dagbag.BundleDagBag","filename":"dagbag.py","lineno":469}
{"timestamp":"2026-09-04T11:05:24.029543Z","level":"info","event":"Filling up the DagBag from /opt/airflow/dags/aws_project.py","logger":"airflow.dag_processing.dagbag.BundleDagBag","filename":"dagbag.py","lineno":469}
{"timestamp":"2026-09-04T11:05:57.219261Z","level":"info","event":"Filling up the DagBag from /opt/airflow/dags/aws_project.py","logger":"airflow.dag_processing.dagbag.BundleDagBag","filename":"dagbag.py","lineno":469}
{"timestamp":"2026-09-04T11:06:30.482281Z","level":"info","event":"Filling up the DagBag from /opt/airflow/dags/aws_project.py","logger":"airflow.dag_processing.dagbag.BundleDagBag","filename":"dagbag.py","lineno":469}
{"timestamp":"2026-09-04T11:07:03.725676Z","level":"info","event":"Filling up the DagBag from /opt/airflow/dags/aws_project.py","logger":"airflow.dag_processing.dagbag.BundleDagBag","filename":"dagbag.py","lineno":469}
{"timestamp":"2026-09-04T11:07:36.764380Z","level":"info","event":"Filling up the DagBag from /opt/airflow/dags/aws_project.py","logger":"airflow.dag_processing.dagbag.BundleDagBag","filename":"dagbag.py","lineno":469}
{"timestamp":"2026-09-04T11:08:09.589547Z","level":"info","event":"Filling up the DagBag from /opt/airflow/dags/aws_project.py","logger":"airflow.dag_processing.dagbag.BundleDagBag","filename":"dagbag.py","lineno":469}
{"timestamp":"2026-09-04T11:08:42.326203Z","level":"info","event":"Filling up the DagBag from /opt/airflow/dags/aws_project.py","logger":"airflow.dag_processing.dagbag.BundleDagBag","filename":"dagbag.py","lineno":469}
{"timestamp":"2026-09-04T11:09:14.872508Z","level":"info","event":"Filling up the DagBag from /opt/airflow/dags/aws_project.py","logger":"airflow.dag_processing.dagbag.BundleDagBag","filename":"dagbag.py","lineno":469}
{"timestamp":"2026-09-04T11:09:47.351320Z","level":"info","event":"Filling up the DagBag from /opt/airflow/dags/aws_project.py","logger":"airflow.dag_processing.dagbag.BundleDagBag","filename":"dagbag.py","lineno":469}
{"timestamp":"2026-09-04T11:10:20.114196Z","level":"info","event":"Filling up the DagBag from /opt/airflow/dags/aws_project.py","logger":"airflow.dag_processing.dagbag.BundleDagBag","filename":"dagbag.py","lineno":469}
{"timestamp":"2026-09-04T11:10:52.598025Z","level":"info","event":"Filling up the DagBag from /opt/airflow/dags/aws_project.py","logger":"airflow.dag_processing.dagbag.BundleDagBag","filename":"dagbag.py","lineno":469}
{"timestamp":"2026-09-04T11:11:25.000518Z","level":"info","event":"Filling up the DagBag from /opt/airflow/dags/aws_project.py","logger":"airflow.dag_processing.dagbag.BundleDagBag","filename":"dagbag.py","lineno":469}
{"timestamp":"2026-09-04T11:11:57.267295Z","level":"info","event":"Filling up the DagBag from /opt/airflow/dags/aws_project.py","logger":"airflow.dag_processing.dagbag.BundleDagBag","filename":"dagbag.py","lineno":469}
{"timestamp":"2026-09-04T11:12:29.813431Z","level":"info","event":"Filling up the DagBag from /opt/airflow/dags/aws_project.py","logger":"airflow.dag_processing.dagbag.BundleDagBag","filename":"dagbag.py","lineno":469}
{"timestamp":"2026-09-04T11:13:02.951172Z","level":"info","event":"Filling up the DagBag from /opt/airflow/dags/aws_project.py","logger":"airflow.dag_processing.dagbag.BundleDagBag","filename":"dagbag.py","lineno":469}
{"timestamp":"2026-09-04T11:13:35.471638Z","level":"info","event":"Filling up the DagBag from /opt/airflow/dags/aws_project.py","logger":"airflow.dag_processing.dagbag.BundleDagBag","filename":"dagbag.py","lineno":469}
{"timestamp":"2026-09-04T11:14:08.269685Z","level":"info","event":"Filling up the DagBag from /opt/airflow/dags/aws_project.py","logger":"airflow.dag_processing.dagbag.BundleDagBag","filename":"dagbag.py","lineno":469}
{"timestamp":"2026-09-04T11:14:40.814834Z","level":"info","event":"Filling up the DagBag from /opt/airflow/dags/aws_project.py","logger":"airflow.dag_processing.dagbag.BundleDagBag","filename":"dagbag.py","lineno":469}
{"timestamp":"2026-09-04T11:15:13.330906Z","level":"info","event":"Filling up the DagBag from /opt/airflow/dags/aws_project.py","logger":"airflow.dag_processing.dagbag.BundleDagBag","filename":"dagbag.py","lineno":469}
{"timestamp":"2026-09-04T11:15:45.783472Z","level":"info","event":"Filling up the DagBag from /opt/airflow/dags/aws_project.py","logger":"airflow.dag_processing.dagbag.BundleDagBag","filename":"dagbag.py","lineno":469}
{"timestamp":"2026-09-04T11:16:18.409093Z","level":"info","event":"Filling up the DagBag from /opt/airflow/dags/aws_project.py","logger":"airflow.dag_processing.dagbag.BundleDagBag","filename":"dagbag.py","lineno":469}
{"timestamp":"2026-09-04T11:16:50.828362Z","level":"info","event":"Filling up the DagBag from /opt/airflow/dags/aws_project.py","logger":"airflow.dag_processing.dagbag.BundleDagBag","filename":"dagbag.py","lineno":469}
{"timestamp":"2026-09-04T11:17:23.149676Z","level":"info","event":"Filling up the DagBag from /opt/airflow/dags/aws_project.py","logger":"airflow.dag_processing.dagbag.BundleDagBag","filename":"dagbag.py","lineno":469}
{"timestamp":"2026-09-04T11:17:55.734613Z","level":"info","event":"Filling up the DagBag from /opt/airflow/dags/aws_project.py","logger":"airflow.dag_processing.dagbag.BundleDagBag","filename":"dagbag.py","lineno":469}
{"timestamp":"2026-09-04T11:18:28.137238Z","level":"info","event":"Filling up the DagBag from /opt/airflow/dags/aws_project.py","logger":"airflow.dag_processing.dagbag.BundleDagBag","filename":"dagbag.py","lineno":469}
{"timestamp":"2026-09-04T11:19:00.596519Z","level":"info","event":"Filling up the DagBag from /opt/airflow/dags/aws_project.py","logger":"airflow.dag_processing.dagbag.BundleDagBag","filename":"dagbag.py","lineno":469}
{"timestamp":"2026-09-04T11:19:33.457558Z","level":"info","event":"Filling up the DagBag from /opt/airflow/dags/aws_project.py","logger":"airflow.dag_processing.dagbag.BundleDagBag","filename":"dagbag.py","lineno":469}
{"timestamp":"2026-09-04T11:20:06.117088Z","level":"info","event":"Filling up the DagBag from /opt/airflow/dags/aws_project.py","logger":"airflow.dag_processing.dagbag.BundleDagBag","filename":"dagbag.py","lineno":469}
{"timestamp":"2026-09-04T11:20:39.083903Z","level":"info","event":"Filling up the DagBag from /opt/airflow/dags/aws_project.py","logger":"airflow.dag_processing.dagbag.BundleDagBag","filename":"dagbag.py","lineno":469}
{"timestamp":"2026-09-04T11:21:12.299764Z","level":"info","event":"Filling up the DagBag from /opt/airflow/dags/aws_project.py","logger":"airflow.dag_processing.dagbag.BundleDagBag","filename":"dagbag.py","lineno":469}
{"timestamp":"2026-09-04T11:21:45.344661Z","level":"info","event":"Filling up the DagBag from /opt/airflow/dags/aws_project.py","logger":"airflow.dag_processing.dagbag.BundleDagBag","filename":"dagbag.py","lineno":469}
{"timestamp":"2026-09-04T11:22:18.462447Z","level":"info","event":"Filling up the DagBag from /opt/airflow/dags/aws_project.py","logger":"airflow.dag_processing.dagbag.BundleDagBag","filename":"dagbag.py","lineno":469}
{"timestamp":"2026-09-04T11:22:51.374443Z","level":"info","event":"Filling up the DagBag from /opt/airflow/dags/aws_project.py","logger":"airflow.dag_processing.dagbag.BundleDagBag","filename":"dagbag.py","lineno":469}
{"timestamp":"2026-09-04T11:23:23.685122Z","level":"info","event":"Filling up the DagBag from /opt/airflow/dags/aws_project.py","logger":"airflow.dag_processing.dagbag.BundleDagBag","filename":"dagbag.py","lineno":469}
{"timestamp":"2026-09-04T11:23:56.042834Z","level":"info","event":"Filling up the DagBag from /opt/airflow/dags/aws_project.py","logger":"airflow.dag_processing.dagbag.BundleDagBag","filename":"dagbag.py","lineno":469}
{"timestamp":"2026-09-04T11:24:28.680378Z","level":"info","event":"Filling up the DagBag from /opt/airflow/dags/aws_project.py","logger":"airflow.dag_processing.dagbag.BundleDagBag","filename":"dagbag.py","lineno":469}
{"timestamp":"2026-09-04T11:25:01.495961Z","level":"info","event":"Filling up the DagBag from /opt/airflow/dags/aws_project.py","logger":"airflow.dag_processing.dagbag.BundleDagBag","filename":"dagbag.py","lineno":469}
{"timestamp":"2026-09-04T11:25:34.037692Z","level":"info","event":"Filling up the DagBag from /opt/airflow/dags/aws_project.py","logger":"airflow.dag_processing.dagbag.BundleDagBag","filename":"dagbag.py","lineno":469}
{"timestamp":"2026-09-04T11:26:06.396830Z","level":"info","event":"Filling up the DagBag from /opt/airflow/dags/aws_project.py","logger":"airflow.dag_processing.dagbag.BundleDagBag","filename":"dagbag.py","lineno":469}
{"timestamp":"2026-09-04T11:26:38.879346Z","level":"info","event":"Filling up the DagBag from /opt/airflow/dags/aws_project.py","logger":"airflow.dag_processing.dagbag.BundleDagBag","filename":"dagbag.py","lineno":469}
{"timestamp":"2026-09-04T11:27:11.290735Z","level":"info","event":"Filling up the DagBag from /opt/airflow/dags/aws_project.py","logger":"airflow.dag_processing.dagbag.BundleDagBag","filename":"dagbag.py","lineno":469}
{"timestamp":"2026-09-04T11:27:44.494374Z","level":"info","event":"Filling up the DagBag from /opt/airflow/dags/aws_project.py","logger":"airflow.dag_processing.dagbag.BundleDagBag","filename":"dagbag.py","lineno":469}
{"timestamp":"2026-09-04T11:28:18.355612Z","level":"info","event":"Filling up the DagBag from /opt/airflow/dags/aws_project.py","logger":"airflow.dag_processing.dagbag.BundleDagBag","filename":"dagbag.py","lineno":469}
{"timestamp":"2026-09-04T11:28:51.971329Z","level":"info","event":"Filling up the DagBag from /opt/airflow/dags/aws_project.py","logger":"airflow.dag_processing.dagbag.BundleDagBag","filename":"dagbag.py","lineno":469}
{"timestamp":"2026-09-04T11:29:24.271933Z","level":"info","event":"Filling up the DagBag from /opt/airflow/dags/aws_project.py","logger":"airflow.dag_processing.dagbag.BundleDagBag","filename":"dagbag.py","lineno":469}
{"timestamp":"2026-09-04T11:29:56.856917Z","level":"info","event":"Filling up the DagBag from /opt/airflow/dags/aws_project.py","logger":"airflow.dag_processing.dagbag.BundleDagBag","filename":"dagbag.py","lineno":469}
{"timestamp":"2026-09-04T11:30:29.678585Z","level":"info","event":"Filling up the DagBag from /opt/airflow/dags/aws_project.py","logger":"airflow.dag_processing.dagbag.BundleDagBag","filename":"dagbag.py","lineno":469}
{"timestamp":"2026-09-04T11:31:02.306691Z","level":"info","event":"Filling up the DagBag from /opt/airflow/dags/aws_project.py","logger":"airflow.dag_processing.dagbag.BundleDagBag","filename":"dagbag.py","lineno":469}
{"timestamp":"2026-09-04T11:31:34.745751Z","level":"info","event":"Filling up the DagBag from /opt/airflow/dags/aws_project.py","logger":"airflow.dag_processing.dagbag.BundleDagBag","filename":"dagbag.py","lineno":469}
{"timestamp":"2026-09-04T11:32:07.212199Z","level":"info","event":"Filling up the DagBag from /opt/airflow/dags/aws_project.py","logger":"airflow.dag_processing.dagbag.BundleDagBag","filename":"dagbag.py","lineno":469}
{"timestamp":"2026-09-04T11:32:39.854499Z","level":"info","event":"Filling up the DagBag from /opt/airflow/dags/aws_project.py","logger":"airflow.dag_processing.dagbag.BundleDagBag","filename":"dagbag.py","lineno":469}
{"timestamp":"2026-09-04T11:33:12.274428Z","level":"info","event":"Filling up the DagBag from /opt/airflow/dags/aws_project.py","logger":"airflow.dag_processing.dagbag.BundleDagBag","filename":"dagbag.py","lineno":469}
{"timestamp":"2026-09-04T11:33:44.792098Z","level":"info","event":"Filling up the DagBag from /opt/airflow/dags/aws_project.py","logger":"airflow.dag_processing.dagbag.BundleDagBag","filename":"dagbag.py","lineno":469}
{"timestamp":"2026-09-04T11:34:18.155291Z","level":"info","event":"Filling up the DagBag from /opt/airflow/dags/aws_project.py","logger":"airflow.dag_processing.dagbag.BundleDagBag","filename":"dagbag.py","lineno":469}
{"timestamp":"2026-09-04T11:34:52.680094Z","level":"info","event":"Filling up the DagBag from /opt/airflow/dags/aws_project.py","logger":"airflow.dag_processing.dagbag.BundleDagBag","filename":"dagbag.py","lineno":469}
{"timestamp":"2026-09-04T11:35:27.080670Z","level":"info","event":"Filling up the DagBag from /opt/airflow/dags/aws_project.py","logger":"airflow.dag_processing.dagbag.BundleDagBag","filename":"dagbag.py","lineno":469}
{"timestamp":"2026-09-04T11:36:00.676386Z","level":"info","event":"Filling up the DagBag from /opt/airflow/dags/aws_project.py","logger":"airflow.dag_processing.dagbag.BundleDagBag","filename":"dagbag.py","lineno":469}
{"timestamp":"2026-09-04T11:36:33.269057Z","level":"info","event":"Filling up the DagBag from /opt/airflow/dags/aws_project.py","logger":"airflow.dag_processing.dagbag.BundleDagBag","filename":"dagbag.py","lineno":469}
{"timestamp":"2026-09-04T11:37:05.822778Z","level":"info","event":"Filling up the DagBag from /opt/airflow/dags/aws_project.py","logger":"airflow.dag_processing.dagbag.BundleDagBag","filename":"dagbag.py","lineno":469}
{"timestamp":"2026-09-04T11:37:38.318436Z","level":"info","event":"Filling up the DagBag from /opt/airflow/dags/aws_project.py","logger":"airflow.dag_processing.dagbag.BundleDagBag","filename":"dagbag.py","lineno":469}
{"timestamp":"2026-09-04T11:38:10.802866Z","level":"info","event":"Filling up the DagBag from /opt/airflow/dags/aws_project.py","logger":"airflow.dag_processing.dagbag.BundleDagBag","filename":"dagbag.py","lineno":469}
{"timestamp":"2026-09-04T11:43:39.334635Z","level":"info","event":"Filling up the DagBag from /opt/airflow/dags/aws_project.py","logger":"airflow.dag_processing.dagbag.BundleDagBag","filename":"dagbag.py","lineno":469}
{"timestamp":"2026-09-04T11:44:19.520598Z","level":"info","event":"Filling up the DagBag from /opt/airflow/dags/aws_project.py","logger":"airflow.dag_processing.dagbag.BundleDagBag","filename":"dagbag.py","lineno":469}
{"timestamp":"2026-09-04T11:44:23.268470Z","level":"info","event":"Filling up the DagBag from /opt/airflow/dags/aws_project.py","logger":"airflow.dag_processing.dagbag.BundleDagBag","filename":"dagbag.py","lineno":469}
{"timestamp":"2026-09-04T11:44:56.043243Z","level":"info","event":"Filling up the DagBag from /opt/airflow/dags/aws_project.py","logger":"airflow.dag_processing.dagbag.BundleDagBag","filename":"dagbag.py","lineno":469}
{"timestamp":"2026-09-04T11:45:28.963938Z","level":"info","event":"Filling up the DagBag from /opt/airflow/dags/aws_project.py","logger":"airflow.dag_processing.dagbag.BundleDagBag","filename":"dagbag.py","lineno":469}
{"timestamp":"2026-09-04T11:46:00.674304Z","level":"info","event":"Filling up the DagBag from /opt/airflow/dags/aws_project.py","logger":"airflow.dag_processing.dagbag.BundleDagBag","filename":"dagbag.py","lineno":469}
{"timestamp":"2026-09-04T11:46:11.542569Z","level":"info","event":"Filling up the DagBag from /opt/airflow/dags/aws_project.py","logger":"airflow.dag_processing.dagbag.BundleDagBag","filename":"dagbag.py","lineno":469}
{"timestamp":"2026-09-04T11:46:44.411429Z","level":"info","event":"Filling up the DagBag from /opt/airflow/dags/aws_project.py","logger":"airflow.dag_processing.dagbag.BundleDagBag","filename":"dagbag.py","lineno":469}
{"timestamp":"2026-09-04T11:47:10.315007Z","level":"info","event":"Filling up the DagBag from /opt/airflow/dags/aws_project.py","logger":"airflow.dag_processing.dagbag.BundleDagBag","filename":"dagbag.py","lineno":469}
{"timestamp":"2026-09-04T11:47:30.819646Z","level":"info","event":"Filling up the DagBag from /opt/airflow/dags/aws_project.py","logger":"airflow.dag_processing.dagbag.BundleDagBag","filename":"dagbag.py","lineno":469}
{"timestamp":"2026-09-04T11:47:30.828687Z","level":"error","event":"Failed to import: /opt/airflow/dags/aws_project.py","logger":"airflow.dag_processing.importers.python_importer","filename":"python_importer.py","lineno":244,"error_detail":[{"exc_type":"SyntaxError","exc_value":"closing parenthesis ')' does not match opening parenthesis '{' (aws_project.py, line 33)","exc_notes":[],"syntax_error":{"offset":101,"filename":"/opt/airflow/dags/aws_project.py","line":"            obj.put_data_s3(\"awsairflowbkt\",f\"bronze/{folder_name}\"/{url.split('/')[-1],fetched_data)","lineno":33,"msg":"closing parenthesis ')' does not match opening parenthesis '{'"},"is_cause":false,"frames":[{"filename":"/home/airflow/.local/lib/python3.13/site-packages/airflow/dag_processing/importers/python_importer.py","lineno":238,"name":"parse"},{"filename":"<frozen importlib._bootstrap_external>","lineno":1019,"name":"exec_module"},{"filename":"<frozen importlib._bootstrap_external>","lineno":1157,"name":"get_code"},{"filename":"<frozen importlib._bootstrap_external>","lineno":1087,"name":"source_to_code"},{"filename":"<frozen importlib._bootstrap>","lineno":488,"name":"_call_with_frames_removed"}],"is_group":false,"exceptions":[]}]}
{"timestamp":"2026-09-04T11:47:30.830016Z","level":"error","event":"Error loading DAG from aws_project.py: closing parenthesis ')' does not match opening parenthesis '{' (aws_project.py, line 33)","logger":"airflow.dag_processing.dagbag.BundleDagBag","filename":"dagbag.py","lineno":327}
{"timestamp":"2026-09-04T11:47:34.901007Z","level":"info","event":"Filling up the DagBag from /opt/airflow/dags/aws_project.py","logger":"airflow.dag_processing.dagbag.BundleDagBag","filename":"dagbag.py","lineno":469}
{"timestamp":"2026-09-04T11:48:08.367733Z","level":"info","event":"Filling up the DagBag from /opt/airflow/dags/aws_project.py","logger":"airflow.dag_processing.dagbag.BundleDagBag","filename":"dagbag.py","lineno":469}
{"timestamp":"2026-09-04T11:48:24.920333Z","level":"info","event":"Filling up the DagBag from /opt/airflow/dags/aws_project.py","logger":"airflow.dag_processing.dagbag.BundleDagBag","filename":"dagbag.py","lineno":469}
{"timestamp":"2026-09-04T11:48:24.923453Z","level":"error","event":"Failed to import: /opt/airflow/dags/aws_project.py","logger":"airflow.dag_processing.importers.python_importer","filename":"python_importer.py","lineno":244,"error_detail":[{"exc_type":"SyntaxError","exc_value":"closing parenthesis '}' does not match opening parenthesis '(' (aws_project.py, line 33)","exc_notes":[],"syntax_error":{"offset":87,"filename":"/opt/airflow/dags/aws_project.py","line":"            obj.put_data_s3(\"awsairflowbkt\",f\"bronze/{folder_name}\"/url.split('/')[-1]},fetched_data)","lineno":33,"msg":"closing parenthesis '}' does not match opening parenthesis '('"},"is_cause":false,"frames":[{"filename":"/home/airflow/.local/lib/python3.13/site-packages/airflow/dag_processing/importers/python_importer.py","lineno":238,"name":"parse"},{"filename":"<frozen importlib._bootstrap_external>","lineno":1019,"name":"exec_module"},{"filename":"<frozen importlib._bootstrap_external>","lineno":1157,"name":"get_code"},{"filename":"<frozen importlib._bootstrap_external>","lineno":1087,"name":"source_to_code"},{"filename":"<frozen importlib._bootstrap>","lineno":488,"name":"_call_with_frames_removed"}],"is_group":false,"exceptions":[]}]}
{"timestamp":"2026-09-04T11:48:24.924740Z","level":"error","event":"Error loading DAG from aws_project.py: closing parenthesis '}' does not match opening parenthesis '(' (aws_project.py, line 33)","logger":"airflow.dag_processing.dagbag.BundleDagBag","filename":"dagbag.py","lineno":327}
{"timestamp":"2026-09-04T11:48:28.987462Z","level":"info","event":"Filling up the DagBag from /opt/airflow/dags/aws_project.py","logger":"airflow.dag_processing.dagbag.BundleDagBag","filename":"dagbag.py","lineno":469}
{"timestamp":"2026-09-04T11:49:01.498683Z","level":"info","event":"Filling up the DagBag from /opt/airflow/dags/aws_project.py","logger":"airflow.dag_processing.dagbag.BundleDagBag","filename":"dagbag.py","lineno":469}
{"timestamp":"2026-09-04T11:49:34.073519Z","level":"info","event":"Filling up the DagBag from /opt/airflow/dags/aws_project.py","logger":"airflow.dag_processing.dagbag.BundleDagBag","filename":"dagbag.py","lineno":469}
{"timestamp":"2026-09-04T11:50:06.600716Z","level":"info","event":"Filling up the DagBag from /opt/airflow/dags/aws_project.py","logger":"airflow.dag_processing.dagbag.BundleDagBag","filename":"dagbag.py","lineno":469}
{"timestamp":"2026-09-04T11:50:11.893288Z","level":"info","event":"Filling up the DagBag from /opt/airflow/dags/aws_project.py","logger":"airflow.dag_processing.dagbag.BundleDagBag","filename":"dagbag.py","lineno":469}
{"timestamp":"2026-09-04T11:50:19.435979Z","level":"info","event":"Filling up the DagBag from /opt/airflow/dags/aws_project.py","logger":"airflow.dag_processing.dagbag.BundleDagBag","filename":"dagbag.py","lineno":469}
{"timestamp":"2026-09-04T11:50:22.869826Z","level":"info","event":"Filling up the DagBag from /opt/airflow/dags/aws_project.py","logger":"airflow.dag_processing.dagbag.BundleDagBag","filename":"dagbag.py","lineno":469}
{"timestamp":"2026-09-04T11:50:55.767321Z","level":"info","event":"Filling up the DagBag from /opt/airflow/dags/aws_project.py","logger":"airflow.dag_processing.dagbag.BundleDagBag","filename":"dagbag.py","lineno":469}
{"timestamp":"2026-09-04T11:51:28.375140Z","level":"info","event":"Filling up the DagBag from /opt/airflow/dags/aws_project.py","logger":"airflow.dag_processing.dagbag.BundleDagBag","filename":"dagbag.py","lineno":469}
{"timestamp":"2026-09-04T11:52:00.963176Z","level":"info","event":"Filling up the DagBag from /opt/airflow/dags/aws_project.py","logger":"airflow.dag_processing.dagbag.BundleDagBag","filename":"dagbag.py","lineno":469}
{"timestamp":"2026-09-04T11:52:33.591916Z","level":"info","event":"Filling up the DagBag from /opt/airflow/dags/aws_project.py","logger":"airflow.dag_processing.dagbag.BundleDagBag","filename":"dagbag.py","lineno":469}
{"timestamp":"2026-09-04T11:53:06.219816Z","level":"info","event":"Filling up the DagBag from /opt/airflow/dags/aws_project.py","logger":"airflow.dag_processing.dagbag.BundleDagBag","filename":"dagbag.py","lineno":469}
{"timestamp":"2026-09-04T11:53:38.616289Z","level":"info","event":"Filling up the DagBag from /opt/airflow/dags/aws_project.py","logger":"airflow.dag_processing.dagbag.BundleDagBag","filename":"dagbag.py","lineno":469}
{"timestamp":"2026-09-04T11:54:11.293461Z","level":"info","event":"Filling up the DagBag from /opt/airflow/dags/aws_project.py","logger":"airflow.dag_processing.dagbag.BundleDagBag","filename":"dagbag.py","lineno":469}
{"timestamp":"2026-09-04T11:54:43.980615Z","level":"info","event":"Filling up the DagBag from /opt/airflow/dags/aws_project.py","logger":"airflow.dag_processing.dagbag.BundleDagBag","filename":"dagbag.py","lineno":469}
{"timestamp":"2026-09-04T11:55:16.701586Z","level":"info","event":"Filling up the DagBag from /opt/airflow/dags/aws_project.py","logger":"airflow.dag_processing.dagbag.BundleDagBag","filename":"dagbag.py","lineno":469}
{"timestamp":"2026-09-04T11:55:50.316548Z","level":"info","event":"Filling up the DagBag from /opt/airflow/dags/aws_project.py","logger":"airflow.dag_processing.dagbag.BundleDagBag","filename":"dagbag.py","lineno":469}
{"timestamp":"2026-09-04T11:56:24.254678Z","level":"info","event":"Filling up the DagBag from /opt/airflow/dags/aws_project.py","logger":"airflow.dag_processing.dagbag.BundleDagBag","filename":"dagbag.py","lineno":469}
{"timestamp":"2026-09-04T11:56:58.148806Z","level":"info","event":"Filling up the DagBag from /opt/airflow/dags/aws_project.py","logger":"airflow.dag_processing.dagbag.BundleDagBag","filename":"dagbag.py","lineno":469}
{"timestamp":"2026-09-04T11:57:31.589036Z","level":"info","event":"Filling up the DagBag from /opt/airflow/dags/aws_project.py","logger":"airflow.dag_processing.dagbag.BundleDagBag","filename":"dagbag.py","lineno":469}
{"timestamp":"2026-09-04T11:58:04.851130Z","level":"info","event":"Filling up the DagBag from /opt/airflow/dags/aws_project.py","logger":"airflow.dag_processing.dagbag.BundleDagBag","filename":"dagbag.py","lineno":469}
{"timestamp":"2026-09-04T11:58:37.568008Z","level":"info","event":"Filling up the DagBag from /opt/airflow/dags/aws_project.py","logger":"airflow.dag_processing.dagbag.BundleDagBag","filename":"dagbag.py","lineno":469}
{"timestamp":"2026-09-04T11:59:09.979207Z","level":"info","event":"Filling up the DagBag from /opt/airflow/dags/aws_project.py","logger":"airflow.dag_processing.dagbag.BundleDagBag","filename":"dagbag.py","lineno":469}
{"timestamp":"2026-09-04T11:59:42.550691Z","level":"info","event":"Filling up the DagBag from /opt/airflow/dags/aws_project.py","logger":"airflow.dag_processing.dagbag.BundleDagBag","filename":"dagbag.py","lineno":469}
{"timestamp":"2026-09-04T12:00:15.361585Z","level":"info","event":"Filling up the DagBag from /opt/airflow/dags/aws_project.py","logger":"airflow.dag_processing.dagbag.BundleDagBag","filename":"dagbag.py","lineno":469}
{"timestamp":"2026-09-04T12:00:47.810340Z","level":"info","event":"Filling up the DagBag from /opt/airflow/dags/aws_project.py","logger":"airflow.dag_processing.dagbag.BundleDagBag","filename":"dagbag.py","lineno":469}
{"timestamp":"2026-09-04T12:01:20.333679Z","level":"info","event":"Filling up the DagBag from /opt/airflow/dags/aws_project.py","logger":"airflow.dag_processing.dagbag.BundleDagBag","filename":"dagbag.py","lineno":469}
{"timestamp":"2026-09-04T12:01:52.753423Z","level":"info","event":"Filling up the DagBag from /opt/airflow/dags/aws_project.py","logger":"airflow.dag_processing.dagbag.BundleDagBag","filename":"dagbag.py","lineno":469}
{"timestamp":"2026-09-04T12:02:25.263320Z","level":"info","event":"Filling up the DagBag from /opt/airflow/dags/aws_project.py","logger":"airflow.dag_processing.dagbag.BundleDagBag","filename":"dagbag.py","lineno":469}
{"timestamp":"2026-09-04T12:02:57.773875Z","level":"info","event":"Filling up the DagBag from /opt/airflow/dags/aws_project.py","logger":"airflow.dag_processing.dagbag.BundleDagBag","filename":"dagbag.py","lineno":469}
{"timestamp":"2026-09-04T12:03:30.187734Z","level":"info","event":"Filling up the DagBag from /opt/airflow/dags/aws_project.py","logger":"airflow.dag_processing.dagbag.BundleDagBag","filename":"dagbag.py","lineno":469}
{"timestamp":"2026-09-04T12:04:02.865041Z","level":"info","event":"Filling up the DagBag from /opt/airflow/dags/aws_project.py","logger":"airflow.dag_processing.dagbag.BundleDagBag","filename":"dagbag.py","lineno":469}
{"timestamp":"2026-09-04T12:04:35.371858Z","level":"info","event":"Filling up the DagBag from /opt/airflow/dags/aws_project.py","logger":"airflow.dag_processing.dagbag.BundleDagBag","filename":"dagbag.py","lineno":469}
{"timestamp":"2026-09-04T12:05:07.993035Z","level":"info","event":"Filling up the DagBag from /opt/airflow/dags/aws_project.py","logger":"airflow.dag_processing.dagbag.BundleDagBag","filename":"dagbag.py","lineno":469}
{"timestamp":"2026-09-04T12:05:40.778408Z","level":"info","event":"Filling up the DagBag from /opt/airflow/dags/aws_project.py","logger":"airflow.dag_processing.dagbag.BundleDagBag","filename":"dagbag.py","lineno":469}
{"timestamp":"2026-09-04T12:06:13.583514Z","level":"info","event":"Filling up the DagBag from /opt/airflow/dags/aws_project.py","logger":"airflow.dag_processing.dagbag.BundleDagBag","filename":"dagbag.py","lineno":469}
{"timestamp":"2026-09-04T12:06:47.837419Z","level":"info","event":"Filling up the DagBag from /opt/airflow/dags/aws_project.py","logger":"airflow.dag_processing.dagbag.BundleDagBag","filename":"dagbag.py","lineno":469}
{"timestamp":"2026-09-04T12:07:22.131402Z","level":"info","event":"Filling up the DagBag from /opt/airflow/dags/aws_project.py","logger":"airflow.dag_processing.dagbag.BundleDagBag","filename":"dagbag.py","lineno":469}
{"timestamp":"2026-09-04T12:07:56.545695Z","level":"info","event":"Filling up the DagBag from /opt/airflow/dags/aws_project.py","logger":"airflow.dag_processing.dagbag.BundleDagBag","filename":"dagbag.py","lineno":469}
{"timestamp":"2026-09-04T12:08:29.774557Z","level":"info","event":"Filling up the DagBag from /opt/airflow/dags/aws_project.py","logger":"airflow.dag_processing.dagbag.BundleDagBag","filename":"dagbag.py","lineno":469}
{"timestamp":"2026-09-04T12:09:02.353760Z","level":"info","event":"Filling up the DagBag from /opt/airflow/dags/aws_project.py","logger":"airflow.dag_processing.dagbag.BundleDagBag","filename":"dagbag.py","lineno":469}
{"timestamp":"2026-09-04T12:09:34.827589Z","level":"info","event":"Filling up the DagBag from /opt/airflow/dags/aws_project.py","logger":"airflow.dag_processing.dagbag.BundleDagBag","filename":"dagbag.py","lineno":469}
{"timestamp":"2026-09-04T12:10:07.406042Z","level":"info","event":"Filling up the DagBag from /opt/airflow/dags/aws_project.py","logger":"airflow.dag_processing.dagbag.BundleDagBag","filename":"dagbag.py","lineno":469}
{"timestamp":"2026-09-04T12:10:40.106365Z","level":"info","event":"Filling up the DagBag from /opt/airflow/dags/aws_project.py","logger":"airflow.dag_processing.dagbag.BundleDagBag","filename":"dagbag.py","lineno":469}
{"timestamp":"2026-09-04T12:11:12.802648Z","level":"info","event":"Filling up the DagBag from /opt/airflow/dags/aws_project.py","logger":"airflow.dag_processing.dagbag.BundleDagBag","filename":"dagbag.py","lineno":469}
{"timestamp":"2026-09-04T12:11:45.516956Z","level":"info","event":"Filling up the DagBag from /opt/airflow/dags/aws_project.py","logger":"airflow.dag_processing.dagbag.BundleDagBag","filename":"dagbag.py","lineno":469}
{"timestamp":"2026-09-04T12:12:17.971582Z","level":"info","event":"Filling up the DagBag from /opt/airflow/dags/aws_project.py","logger":"airflow.dag_processing.dagbag.BundleDagBag","filename":"dagbag.py","lineno":469}
{"timestamp":"2026-09-04T12:12:50.448942Z","level":"info","event":"Filling up the DagBag from /opt/airflow/dags/aws_project.py","logger":"airflow.dag_processing.dagbag.BundleDagBag","filename":"dagbag.py","lineno":469}
{"timestamp":"2026-09-04T12:13:22.739536Z","level":"info","event":"Filling up the DagBag from /opt/airflow/dags/aws_project.py","logger":"airflow.dag_processing.dagbag.BundleDagBag","filename":"dagbag.py","lineno":469}
{"timestamp":"2026-09-04T12:13:55.181361Z","level":"info","event":"Filling up the DagBag from /opt/airflow/dags/aws_project.py","logger":"airflow.dag_processing.dagbag.BundleDagBag","filename":"dagbag.py","lineno":469}
{"timestamp":"2026-09-04T12:14:27.728041Z","level":"info","event":"Filling up the DagBag from /opt/airflow/dags/aws_project.py","logger":"airflow.dag_processing.dagbag.BundleDagBag","filename":"dagbag.py","lineno":469}
{"timestamp":"2026-09-04T12:15:00.016921Z","level":"info","event":"Filling up the DagBag from /opt/airflow/dags/aws_project.py","logger":"airflow.dag_processing.dagbag.BundleDagBag","filename":"dagbag.py","lineno":469}
{"timestamp":"2026-09-04T12:15:32.548713Z","level":"info","event":"Filling up the DagBag from /opt/airflow/dags/aws_project.py","logger":"airflow.dag_processing.dagbag.BundleDagBag","filename":"dagbag.py","lineno":469}
{"timestamp":"2026-09-04T12:16:05.092736Z","level":"info","event":"Filling up the DagBag from /opt/airflow/dags/aws_project.py","logger":"airflow.dag_processing.dagbag.BundleDagBag","filename":"dagbag.py","lineno":469}
{"timestamp":"2026-09-04T12:16:37.842164Z","level":"info","event":"Filling up the DagBag from /opt/airflow/dags/aws_project.py","logger":"airflow.dag_processing.dagbag.BundleDagBag","filename":"dagbag.py","lineno":469}
{"timestamp":"2026-09-04T12:17:10.431563Z","level":"info","event":"Filling up the DagBag from /opt/airflow/dags/aws_project.py","logger":"airflow.dag_processing.dagbag.BundleDagBag","filename":"dagbag.py","lineno":469}
{"timestamp":"2026-09-04T12:17:42.846477Z","level":"info","event":"Filling up the DagBag from /opt/airflow/dags/aws_project.py","logger":"airflow.dag_processing.dagbag.BundleDagBag","filename":"dagbag.py","lineno":469}
{"timestamp":"2026-09-04T12:18:15.282906Z","level":"info","event":"Filling up the DagBag from /opt/airflow/dags/aws_project.py","logger":"airflow.dag_processing.dagbag.BundleDagBag","filename":"dagbag.py","lineno":469}
{"timestamp":"2026-09-04T12:18:47.971481Z","level":"info","event":"Filling up the DagBag from /opt/airflow/dags/aws_project.py","logger":"airflow.dag_processing.dagbag.BundleDagBag","filename":"dagbag.py","lineno":469}
{"timestamp":"2026-09-04T12:19:20.775803Z","level":"info","event":"Filling up the DagBag from /opt/airflow/dags/aws_project.py","logger":"airflow.dag_processing.dagbag.BundleDagBag","filename":"dagbag.py","lineno":469}
{"timestamp":"2026-09-04T12:19:53.841041Z","level":"info","event":"Filling up the DagBag from /opt/airflow/dags/aws_project.py","logger":"airflow.dag_processing.dagbag.BundleDagBag","filename":"dagbag.py","lineno":469}
{"timestamp":"2026-09-04T16:27:12.679940Z","level":"info","event":"Filling up the DagBag from /opt/airflow/dags/aws_project.py","logger":"airflow.dag_processing.dagbag.BundleDagBag","filename":"dagbag.py","lineno":469}
{"timestamp":"2026-09-04T16:28:08.192323Z","level":"info","event":"Filling up the DagBag from /opt/airflow/dags/aws_project.py","logger":"airflow.dag_processing.dagbag.BundleDagBag","filename":"dagbag.py","lineno":469}
{"timestamp":"2026-09-04T16:28:41.103215Z","level":"info","event":"Filling up the DagBag from /opt/airflow/dags/aws_project.py","logger":"airflow.dag_processing.dagbag.BundleDagBag","filename":"dagbag.py","lineno":469}
{"timestamp":"2026-09-04T16:29:13.683856Z","level":"info","event":"Filling up the DagBag from /opt/airflow/dags/aws_project.py","logger":"airflow.dag_processing.dagbag.BundleDagBag","filename":"dagbag.py","lineno":469}
{"timestamp":"2026-09-04T16:29:46.400248Z","level":"info","event":"Filling up the DagBag from /opt/airflow/dags/aws_project.py","logger":"airflow.dag_processing.dagbag.BundleDagBag","filename":"dagbag.py","lineno":469}
{"timestamp":"2026-09-04T16:30:20.859448Z","level":"info","event":"Filling up the DagBag from /opt/airflow/dags/aws_project.py","logger":"airflow.dag_processing.dagbag.BundleDagBag","filename":"dagbag.py","lineno":469}
{"timestamp":"2026-09-04T16:30:55.095346Z","level":"info","event":"Filling up the DagBag from /opt/airflow/dags/aws_project.py","logger":"airflow.dag_processing.dagbag.BundleDagBag","filename":"dagbag.py","lineno":469}
{"timestamp":"2026-09-04T16:31:28.998722Z","level":"info","event":"Filling up the DagBag from /opt/airflow/dags/aws_project.py","logger":"airflow.dag_processing.dagbag.BundleDagBag","filename":"dagbag.py","lineno":469}
{"timestamp":"2026-09-04T16:32:01.691624Z","level":"info","event":"Filling up the DagBag from /opt/airflow/dags/aws_project.py","logger":"airflow.dag_processing.dagbag.BundleDagBag","filename":"dagbag.py","lineno":469}
{"timestamp":"2026-09-04T16:32:34.343066Z","level":"info","event":"Filling up the DagBag from /opt/airflow/dags/aws_project.py","logger":"airflow.dag_processing.dagbag.BundleDagBag","filename":"dagbag.py","lineno":469}
{"timestamp":"2026-09-04T16:33:07.045507Z","level":"info","event":"Filling up the DagBag from /opt/airflow/dags/aws_project.py","logger":"airflow.dag_processing.dagbag.BundleDagBag","filename":"dagbag.py","lineno":469}
{"timestamp":"2026-09-04T16:33:39.479169Z","level":"info","event":"Filling up the DagBag from /opt/airflow/dags/aws_project.py","logger":"airflow.dag_processing.dagbag.BundleDagBag","filename":"dagbag.py","lineno":469}
{"timestamp":"2026-09-04T16:34:11.711355Z","level":"info","event":"Filling up the DagBag from /opt/airflow/dags/aws_project.py","logger":"airflow.dag_processing.dagbag.BundleDagBag","filename":"dagbag.py","lineno":469}
{"timestamp":"2026-09-04T16:34:43.980846Z","level":"info","event":"Filling up the DagBag from /opt/airflow/dags/aws_project.py","logger":"airflow.dag_processing.dagbag.BundleDagBag","filename":"dagbag.py","lineno":469}
{"timestamp":"2026-09-04T16:35:16.513580Z","level":"info","event":"Filling up the DagBag from /opt/airflow/dags/aws_project.py","logger":"airflow.dag_processing.dagbag.BundleDagBag","filename":"dagbag.py","lineno":469}
{"timestamp":"2026-09-04T16:35:48.759966Z","level":"info","event":"Filling up the DagBag from /opt/airflow/dags/aws_project.py","logger":"airflow.dag_processing.dagbag.BundleDagBag","filename":"dagbag.py","lineno":469}
{"timestamp":"2026-09-04T16:36:21.326317Z","level":"info","event":"Filling up the DagBag from /opt/airflow/dags/aws_project.py","logger":"airflow.dag_processing.dagbag.BundleDagBag","filename":"dagbag.py","lineno":469}
{"timestamp":"2026-09-04T16:36:53.505462Z","level":"info","event":"Filling up the DagBag from /opt/airflow/dags/aws_project.py","logger":"airflow.dag_processing.dagbag.BundleDagBag","filename":"dagbag.py","lineno":469}
{"timestamp":"2026-09-04T16:37:26.040890Z","level":"info","event":"Filling up the DagBag from /opt/airflow/dags/aws_project.py","logger":"airflow.dag_processing.dagbag.BundleDagBag","filename":"dagbag.py","lineno":469}
{"timestamp":"2026-09-04T16:37:58.549791Z","level":"info","event":"Filling up the DagBag from /opt/airflow/dags/aws_project.py","logger":"airflow.dag_processing.dagbag.BundleDagBag","filename":"dagbag.py","lineno":469}
{"timestamp":"2026-09-04T16:38:31.404535Z","level":"info","event":"Filling up the DagBag from /opt/airflow/dags/aws_project.py","logger":"airflow.dag_processing.dagbag.BundleDagBag","filename":"dagbag.py","lineno":469}
{"timestamp":"2026-09-04T16:39:03.840429Z","level":"info","event":"Filling up the DagBag from /opt/airflow/dags/aws_project.py","logger":"airflow.dag_processing.dagbag.BundleDagBag","filename":"dagbag.py","lineno":469}
{"timestamp":"2026-09-04T16:39:36.310731Z","level":"info","event":"Filling up the DagBag from /opt/airflow/dags/aws_project.py","logger":"airflow.dag_processing.dagbag.BundleDagBag","filename":"dagbag.py","lineno":469}
{"timestamp":"2026-09-04T16:40:09.011669Z","level":"info","event":"Filling up the DagBag from /opt/airflow/dags/aws_project.py","logger":"airflow.dag_processing.dagbag.BundleDagBag","filename":"dagbag.py","lineno":469}
