{"timestamp":"2026-09-16T13:40:24.561973Z","level":"info","event":"Filling up the DagBag from /opt/airflow/dags/aws_project.py","logger":"airflow.dag_processing.dagbag.BundleDagBag","filename":"dagbag.py","lineno":469}
{"timestamp":"2026-09-16T13:41:09.766290Z","level":"info","event":"Filling up the DagBag from /opt/airflow/dags/aws_project.py","logger":"airflow.dag_processing.dagbag.BundleDagBag","filename":"dagbag.py","lineno":469}
{"timestamp":"2026-09-16T13:41:42.198778Z","level":"info","event":"Filling up the DagBag from /opt/airflow/dags/aws_project.py","logger":"airflow.dag_processing.dagbag.BundleDagBag","filename":"dagbag.py","lineno":469}
{"timestamp":"2026-09-16T13:42:14.463962Z","level":"info","event":"Filling up the DagBag from /opt/airflow/dags/aws_project.py","logger":"airflow.dag_processing.dagbag.BundleDagBag","filename":"dagbag.py","lineno":469}
{"timestamp":"2026-09-16T13:42:47.268625Z","level":"info","event":"Filling up the DagBag from /opt/airflow/dags/aws_project.py","logger":"airflow.dag_processing.dagbag.BundleDagBag","filename":"dagbag.py","lineno":469}
{"timestamp":"2026-09-16T13:43:19.928382Z","level":"info","event":"Filling up the DagBag from /opt/airflow/dags/aws_project.py","logger":"airflow.dag_processing.dagbag.BundleDagBag","filename":"dagbag.py","lineno":469}
{"timestamp":"2026-09-16T13:43:52.904397Z","level":"info","event":"Filling up the DagBag from /opt/airflow/dags/aws_project.py","logger":"airflow.dag_processing.dagbag.BundleDagBag","filename":"dagbag.py","lineno":469}
{"timestamp":"2026-09-16T13:44:25.873087Z","level":"info","event":"Filling up the DagBag from /opt/airflow/dags/aws_project.py","logger":"airflow.dag_processing.dagbag.BundleDagBag","filename":"dagbag.py","lineno":469}
{"timestamp":"2026-09-16T13:44:59.801831Z","level":"info","event":"Filling up the DagBag from /opt/airflow/dags/aws_project.py","logger":"airflow.dag_processing.dagbag.BundleDagBag","filename":"dagbag.py","lineno":469}
{"timestamp":"2026-09-16T13:45:32.770498Z","level":"info","event":"Filling up the DagBag from /opt/airflow/dags/aws_project.py","logger":"airflow.dag_processing.dagbag.BundleDagBag","filename":"dagbag.py","lineno":469}
{"timestamp":"2026-09-16T13:46:05.343894Z","level":"info","event":"Filling up the DagBag from /opt/airflow/dags/aws_project.py","logger":"airflow.dag_processing.dagbag.BundleDagBag","filename":"dagbag.py","lineno":469}
{"timestamp":"2026-09-16T13:46:38.301373Z","level":"info","event":"Filling up the DagBag from /opt/airflow/dags/aws_project.py","logger":"airflow.dag_processing.dagbag.BundleDagBag","filename":"dagbag.py","lineno":469}
{"timestamp":"2026-09-16T13:47:11.206343Z","level":"info","event":"Filling up the DagBag from /opt/airflow/dags/aws_project.py","logger":"airflow.dag_processing.dagbag.BundleDagBag","filename":"dagbag.py","lineno":469}
{"timestamp":"2026-09-16T13:47:43.995870Z","level":"info","event":"Filling up the DagBag from /opt/airflow/dags/aws_project.py","logger":"airflow.dag_processing.dagbag.BundleDagBag","filename":"dagbag.py","lineno":469}
{"timestamp":"2026-09-16T13:48:05.910628Z","level":"info","event":"Filling up the DagBag from /opt/airflow/dags/aws_project.py","logger":"airflow.dag_processing.dagbag.BundleDagBag","filename":"dagbag.py","lineno":469}
{"timestamp":"2026-09-16T13:48:05.913518Z","level":"error","event":"Failed to import: /opt/airflow/dags/aws_project.py","logger":"airflow.dag_processing.importers.python_importer","filename":"python_importer.py","lineno":244,"error_detail":[{"exc_type":"SyntaxError","exc_value":"invalid syntax (aws_project.py, line 55)","exc_notes":[],"syntax_error":{"offset":46,"filename":"/opt/airflow/dags/aws_project.py","line":"    extract_load_task >> trigger_databricks>>\n","lineno":55,"msg":"invalid syntax"},"is_cause":false,"frames":[{"filename":"/home/airflow/.local/lib/python3.13/site-packages/airflow/dag_processing/importers/python_importer.py","lineno":238,"name":"parse"},{"filename":"<frozen importlib._bootstrap_external>","lineno":1019,"name":"exec_module"},{"filename":"<frozen importlib._bootstrap_external>","lineno":1157,"name":"get_code"},{"filename":"<frozen importlib._bootstrap_external>","lineno":1087,"name":"source_to_code"},{"filename":"<frozen importlib._bootstrap>","lineno":488,"name":"_call_with_frames_removed"}],"is_group":false,"exceptions":[]}]}
{"timestamp":"2026-09-16T13:48:05.914594Z","level":"error","event":"Error loading DAG from aws_project.py: invalid syntax (aws_project.py, line 55)","logger":"airflow.dag_processing.dagbag.BundleDagBag","filename":"dagbag.py","lineno":327}
{"timestamp":"2026-09-16T13:48:07.966097Z","level":"info","event":"Filling up the DagBag from /opt/airflow/dags/aws_project.py","logger":"airflow.dag_processing.dagbag.BundleDagBag","filename":"dagbag.py","lineno":469}
{"timestamp":"2026-09-16T13:48:10.150294Z","level":"error","event":"Failed to import: /opt/airflow/dags/aws_project.py","logger":"airflow.dag_processing.importers.python_importer","filename":"python_importer.py","lineno":244,"error_detail":[{"exc_type":"NameError","exc_value":"name 'run' is not defined","exc_notes":[],"syntax_error":null,"is_cause":false,"frames":[{"filename":"/home/airflow/.local/lib/python3.13/site-packages/airflow/dag_processing/importers/python_importer.py","lineno":238,"name":"parse"},{"filename":"<frozen importlib._bootstrap_external>","lineno":1023,"name":"exec_module"},{"filename":"<frozen importlib._bootstrap>","lineno":488,"name":"_call_with_frames_removed"},{"filename":"/opt/airflow/dags/aws_project.py","lineno":57,"name":"<module>"},{"filename":"/home/airflow/.local/lib/python3.13/site-packages/airflow/sdk/definitions/dag.py","lineno":1629,"name":"factory"},{"filename":"/opt/airflow/dags/aws_project.py","lineno":55,"name":"aws_project"}],"is_group":false,"exceptions":[]}]}
{"timestamp":"2026-09-16T13:48:10.156148Z","level":"error","event":"Error loading DAG from aws_project.py: name 'run' is not defined","logger":"airflow.dag_processing.dagbag.BundleDagBag","filename":"dagbag.py","lineno":327}
{"timestamp":"2026-09-16T13:48:11.196331Z","level":"info","event":"Filling up the DagBag from /opt/airflow/dags/aws_project.py","logger":"airflow.dag_processing.dagbag.BundleDagBag","filename":"dagbag.py","lineno":469}
{"timestamp":"2026-09-16T13:48:43.612268Z","level":"info","event":"Filling up the DagBag from /opt/airflow/dags/aws_project.py","logger":"airflow.dag_processing.dagbag.BundleDagBag","filename":"dagbag.py","lineno":469}
{"timestamp":"2026-09-16T13:49:16.149061Z","level":"info","event":"Filling up the DagBag from /opt/airflow/dags/aws_project.py","logger":"airflow.dag_processing.dagbag.BundleDagBag","filename":"dagbag.py","lineno":469}
{"timestamp":"2026-09-16T13:49:49.154030Z","level":"info","event":"Filling up the DagBag from /opt/airflow/dags/aws_project.py","logger":"airflow.dag_processing.dagbag.BundleDagBag","filename":"dagbag.py","lineno":469}
{"timestamp":"2026-09-16T13:50:21.694512Z","level":"info","event":"Filling up the DagBag from /opt/airflow/dags/aws_project.py","logger":"airflow.dag_processing.dagbag.BundleDagBag","filename":"dagbag.py","lineno":469}
{"timestamp":"2026-09-16T13:50:54.111598Z","level":"info","event":"Filling up the DagBag from /opt/airflow/dags/aws_project.py","logger":"airflow.dag_processing.dagbag.BundleDagBag","filename":"dagbag.py","lineno":469}
{"timestamp":"2026-09-16T13:51:26.519871Z","level":"info","event":"Filling up the DagBag from /opt/airflow/dags/aws_project.py","logger":"airflow.dag_processing.dagbag.BundleDagBag","filename":"dagbag.py","lineno":469}
{"timestamp":"2026-09-16T13:51:59.838097Z","level":"info","event":"Filling up the DagBag from /opt/airflow/dags/aws_project.py","logger":"airflow.dag_processing.dagbag.BundleDagBag","filename":"dagbag.py","lineno":469}
{"timestamp":"2026-09-16T13:52:32.457976Z","level":"info","event":"Filling up the DagBag from /opt/airflow/dags/aws_project.py","logger":"airflow.dag_processing.dagbag.BundleDagBag","filename":"dagbag.py","lineno":469}
{"timestamp":"2026-09-16T13:53:04.686544Z","level":"info","event":"Filling up the DagBag from /opt/airflow/dags/aws_project.py","logger":"airflow.dag_processing.dagbag.BundleDagBag","filename":"dagbag.py","lineno":469}
{"timestamp":"2026-09-16T13:53:37.620050Z","level":"info","event":"Filling up the DagBag from /opt/airflow/dags/aws_project.py","logger":"airflow.dag_processing.dagbag.BundleDagBag","filename":"dagbag.py","lineno":469}
{"timestamp":"2026-09-16T13:54:10.648823Z","level":"info","event":"Filling up the DagBag from /opt/airflow/dags/aws_project.py","logger":"airflow.dag_processing.dagbag.BundleDagBag","filename":"dagbag.py","lineno":469}
{"timestamp":"2026-09-16T13:54:43.426561Z","level":"info","event":"Filling up the DagBag from /opt/airflow/dags/aws_project.py","logger":"airflow.dag_processing.dagbag.BundleDagBag","filename":"dagbag.py","lineno":469}
{"timestamp":"2026-09-16T13:55:16.251223Z","level":"info","event":"Filling up the DagBag from /opt/airflow/dags/aws_project.py","logger":"airflow.dag_processing.dagbag.BundleDagBag","filename":"dagbag.py","lineno":469}
{"timestamp":"2026-09-16T13:55:48.656852Z","level":"info","event":"Filling up the DagBag from /opt/airflow/dags/aws_project.py","logger":"airflow.dag_processing.dagbag.BundleDagBag","filename":"dagbag.py","lineno":469}
{"timestamp":"2026-09-16T13:56:21.167934Z","level":"info","event":"Filling up the DagBag from /opt/airflow/dags/aws_project.py","logger":"airflow.dag_processing.dagbag.BundleDagBag","filename":"dagbag.py","lineno":469}
{"timestamp":"2026-09-16T13:56:53.673421Z","level":"info","event":"Filling up the DagBag from /opt/airflow/dags/aws_project.py","logger":"airflow.dag_processing.dagbag.BundleDagBag","filename":"dagbag.py","lineno":469}
{"timestamp":"2026-09-16T13:57:26.336350Z","level":"info","event":"Filling up the DagBag from /opt/airflow/dags/aws_project.py","logger":"airflow.dag_processing.dagbag.BundleDagBag","filename":"dagbag.py","lineno":469}
{"timestamp":"2026-09-16T13:57:59.116132Z","level":"info","event":"Filling up the DagBag from /opt/airflow/dags/aws_project.py","logger":"airflow.dag_processing.dagbag.BundleDagBag","filename":"dagbag.py","lineno":469}
{"timestamp":"2026-09-16T13:58:31.955045Z","level":"info","event":"Filling up the DagBag from /opt/airflow/dags/aws_project.py","logger":"airflow.dag_processing.dagbag.BundleDagBag","filename":"dagbag.py","lineno":469}
{"timestamp":"2026-09-16T13:59:04.637827Z","level":"info","event":"Filling up the DagBag from /opt/airflow/dags/aws_project.py","logger":"airflow.dag_processing.dagbag.BundleDagBag","filename":"dagbag.py","lineno":469}
{"timestamp":"2026-09-16T13:59:36.862199Z","level":"info","event":"Filling up the DagBag from /opt/airflow/dags/aws_project.py","logger":"airflow.dag_processing.dagbag.BundleDagBag","filename":"dagbag.py","lineno":469}
{"timestamp":"2026-09-16T14:00:09.372357Z","level":"info","event":"Filling up the DagBag from /opt/airflow/dags/aws_project.py","logger":"airflow.dag_processing.dagbag.BundleDagBag","filename":"dagbag.py","lineno":469}
{"timestamp":"2026-09-16T14:00:41.774660Z","level":"info","event":"Filling up the DagBag from /opt/airflow/dags/aws_project.py","logger":"airflow.dag_processing.dagbag.BundleDagBag","filename":"dagbag.py","lineno":469}
{"timestamp":"2026-09-16T14:01:14.665312Z","level":"info","event":"Filling up the DagBag from /opt/airflow/dags/aws_project.py","logger":"airflow.dag_processing.dagbag.BundleDagBag","filename":"dagbag.py","lineno":469}
{"timestamp":"2026-09-16T14:01:47.384859Z","level":"info","event":"Filling up the DagBag from /opt/airflow/dags/aws_project.py","logger":"airflow.dag_processing.dagbag.BundleDagBag","filename":"dagbag.py","lineno":469}
{"timestamp":"2026-09-16T14:02:19.695364Z","level":"info","event":"Filling up the DagBag from /opt/airflow/dags/aws_project.py","logger":"airflow.dag_processing.dagbag.BundleDagBag","filename":"dagbag.py","lineno":469}
{"timestamp":"2026-09-16T14:02:52.729750Z","level":"info","event":"Filling up the DagBag from /opt/airflow/dags/aws_project.py","logger":"airflow.dag_processing.dagbag.BundleDagBag","filename":"dagbag.py","lineno":469}
{"timestamp":"2026-09-16T14:03:25.646347Z","level":"info","event":"Filling up the DagBag from /opt/airflow/dags/aws_project.py","logger":"airflow.dag_processing.dagbag.BundleDagBag","filename":"dagbag.py","lineno":469}
{"timestamp":"2026-09-16T14:03:58.675115Z","level":"info","event":"Filling up the DagBag from /opt/airflow/dags/aws_project.py","logger":"airflow.dag_processing.dagbag.BundleDagBag","filename":"dagbag.py","lineno":469}
{"timestamp":"2026-09-16T14:04:31.277025Z","level":"info","event":"Filling up the DagBag from /opt/airflow/dags/aws_project.py","logger":"airflow.dag_processing.dagbag.BundleDagBag","filename":"dagbag.py","lineno":469}
{"timestamp":"2026-09-16T14:05:03.860940Z","level":"info","event":"Filling up the DagBag from /opt/airflow/dags/aws_project.py","logger":"airflow.dag_processing.dagbag.BundleDagBag","filename":"dagbag.py","lineno":469}
{"timestamp":"2026-09-16T14:05:36.547875Z","level":"info","event":"Filling up the DagBag from /opt/airflow/dags/aws_project.py","logger":"airflow.dag_processing.dagbag.BundleDagBag","filename":"dagbag.py","lineno":469}
{"timestamp":"2026-09-16T14:06:08.835970Z","level":"info","event":"Filling up the DagBag from /opt/airflow/dags/aws_project.py","logger":"airflow.dag_processing.dagbag.BundleDagBag","filename":"dagbag.py","lineno":469}
{"timestamp":"2026-09-16T14:06:41.375877Z","level":"info","event":"Filling up the DagBag from /opt/airflow/dags/aws_project.py","logger":"airflow.dag_processing.dagbag.BundleDagBag","filename":"dagbag.py","lineno":469}
{"timestamp":"2026-09-16T14:07:13.649825Z","level":"info","event":"Filling up the DagBag from /opt/airflow/dags/aws_project.py","logger":"airflow.dag_processing.dagbag.BundleDagBag","filename":"dagbag.py","lineno":469}
{"timestamp":"2026-09-16T14:07:46.309962Z","level":"info","event":"Filling up the DagBag from /opt/airflow/dags/aws_project.py","logger":"airflow.dag_processing.dagbag.BundleDagBag","filename":"dagbag.py","lineno":469}
{"timestamp":"2026-09-16T14:08:19.158402Z","level":"info","event":"Filling up the DagBag from /opt/airflow/dags/aws_project.py","logger":"airflow.dag_processing.dagbag.BundleDagBag","filename":"dagbag.py","lineno":469}
{"timestamp":"2026-09-16T14:08:51.488872Z","level":"info","event":"Filling up the DagBag from /opt/airflow/dags/aws_project.py","logger":"airflow.dag_processing.dagbag.BundleDagBag","filename":"dagbag.py","lineno":469}
{"timestamp":"2026-09-16T14:09:24.041318Z","level":"info","event":"Filling up the DagBag from /opt/airflow/dags/aws_project.py","logger":"airflow.dag_processing.dagbag.BundleDagBag","filename":"dagbag.py","lineno":469}
{"timestamp":"2026-09-16T14:09:56.734550Z","level":"info","event":"Filling up the DagBag from /opt/airflow/dags/aws_project.py","logger":"airflow.dag_processing.dagbag.BundleDagBag","filename":"dagbag.py","lineno":469}
{"timestamp":"2026-09-16T14:10:29.834509Z","level":"info","event":"Filling up the DagBag from /opt/airflow/dags/aws_project.py","logger":"airflow.dag_processing.dagbag.BundleDagBag","filename":"dagbag.py","lineno":469}
{"timestamp":"2026-09-16T14:11:03.027150Z","level":"info","event":"Filling up the DagBag from /opt/airflow/dags/aws_project.py","logger":"airflow.dag_processing.dagbag.BundleDagBag","filename":"dagbag.py","lineno":469}
{"timestamp":"2026-09-16T14:11:35.334041Z","level":"info","event":"Filling up the DagBag from /opt/airflow/dags/aws_project.py","logger":"airflow.dag_processing.dagbag.BundleDagBag","filename":"dagbag.py","lineno":469}
{"timestamp":"2026-09-16T14:12:07.625868Z","level":"info","event":"Filling up the DagBag from /opt/airflow/dags/aws_project.py","logger":"airflow.dag_processing.dagbag.BundleDagBag","filename":"dagbag.py","lineno":469}
{"timestamp":"2026-09-16T14:12:40.232366Z","level":"info","event":"Filling up the DagBag from /opt/airflow/dags/aws_project.py","logger":"airflow.dag_processing.dagbag.BundleDagBag","filename":"dagbag.py","lineno":469}
{"timestamp":"2026-09-16T14:13:12.582102Z","level":"info","event":"Filling up the DagBag from /opt/airflow/dags/aws_project.py","logger":"airflow.dag_processing.dagbag.BundleDagBag","filename":"dagbag.py","lineno":469}
{"timestamp":"2026-09-16T14:13:45.626932Z","level":"info","event":"Filling up the DagBag from /opt/airflow/dags/aws_project.py","logger":"airflow.dag_processing.dagbag.BundleDagBag","filename":"dagbag.py","lineno":469}
{"timestamp":"2026-09-16T14:14:18.326029Z","level":"info","event":"Filling up the DagBag from /opt/airflow/dags/aws_project.py","logger":"airflow.dag_processing.dagbag.BundleDagBag","filename":"dagbag.py","lineno":469}
{"timestamp":"2026-09-16T14:14:50.854031Z","level":"info","event":"Filling up the DagBag from /opt/airflow/dags/aws_project.py","logger":"airflow.dag_processing.dagbag.BundleDagBag","filename":"dagbag.py","lineno":469}
{"timestamp":"2026-09-16T14:15:23.307329Z","level":"info","event":"Filling up the DagBag from /opt/airflow/dags/aws_project.py","logger":"airflow.dag_processing.dagbag.BundleDagBag","filename":"dagbag.py","lineno":469}
{"timestamp":"2026-09-16T14:15:55.704257Z","level":"info","event":"Filling up the DagBag from /opt/airflow/dags/aws_project.py","logger":"airflow.dag_processing.dagbag.BundleDagBag","filename":"dagbag.py","lineno":469}
{"timestamp":"2026-09-16T14:16:28.248493Z","level":"info","event":"Filling up the DagBag from /opt/airflow/dags/aws_project.py","logger":"airflow.dag_processing.dagbag.BundleDagBag","filename":"dagbag.py","lineno":469}
{"timestamp":"2026-09-16T14:17:00.808942Z","level":"info","event":"Filling up the DagBag from /opt/airflow/dags/aws_project.py","logger":"airflow.dag_processing.dagbag.BundleDagBag","filename":"dagbag.py","lineno":469}
{"timestamp":"2026-09-16T14:17:33.715191Z","level":"info","event":"Filling up the DagBag from /opt/airflow/dags/aws_project.py","logger":"airflow.dag_processing.dagbag.BundleDagBag","filename":"dagbag.py","lineno":469}
{"timestamp":"2026-09-16T14:18:06.254888Z","level":"info","event":"Filling up the DagBag from /opt/airflow/dags/aws_project.py","logger":"airflow.dag_processing.dagbag.BundleDagBag","filename":"dagbag.py","lineno":469}
{"timestamp":"2026-09-16T14:18:39.036170Z","level":"info","event":"Filling up the DagBag from /opt/airflow/dags/aws_project.py","logger":"airflow.dag_processing.dagbag.BundleDagBag","filename":"dagbag.py","lineno":469}
{"timestamp":"2026-09-16T14:19:12.535354Z","level":"info","event":"Filling up the DagBag from /opt/airflow/dags/aws_project.py","logger":"airflow.dag_processing.dagbag.BundleDagBag","filename":"dagbag.py","lineno":469}
{"timestamp":"2026-09-16T14:19:45.469460Z","level":"info","event":"Filling up the DagBag from /opt/airflow/dags/aws_project.py","logger":"airflow.dag_processing.dagbag.BundleDagBag","filename":"dagbag.py","lineno":469}
{"timestamp":"2026-09-16T14:20:17.572193Z","level":"info","event":"Filling up the DagBag from /opt/airflow/dags/aws_project.py","logger":"airflow.dag_processing.dagbag.BundleDagBag","filename":"dagbag.py","lineno":469}
{"timestamp":"2026-09-16T14:20:50.240051Z","level":"info","event":"Filling up the DagBag from /opt/airflow/dags/aws_project.py","logger":"airflow.dag_processing.dagbag.BundleDagBag","filename":"dagbag.py","lineno":469}
{"timestamp":"2026-09-16T14:21:22.471580Z","level":"info","event":"Filling up the DagBag from /opt/airflow/dags/aws_project.py","logger":"airflow.dag_processing.dagbag.BundleDagBag","filename":"dagbag.py","lineno":469}
{"timestamp":"2026-09-16T14:21:54.647136Z","level":"info","event":"Filling up the DagBag from /opt/airflow/dags/aws_project.py","logger":"airflow.dag_processing.dagbag.BundleDagBag","filename":"dagbag.py","lineno":469}
{"timestamp":"2026-09-16T14:22:27.187599Z","level":"info","event":"Filling up the DagBag from /opt/airflow/dags/aws_project.py","logger":"airflow.dag_processing.dagbag.BundleDagBag","filename":"dagbag.py","lineno":469}
{"timestamp":"2026-09-16T14:22:59.502152Z","level":"info","event":"Filling up the DagBag from /opt/airflow/dags/aws_project.py","logger":"airflow.dag_processing.dagbag.BundleDagBag","filename":"dagbag.py","lineno":469}
{"timestamp":"2026-09-16T14:23:31.986785Z","level":"info","event":"Filling up the DagBag from /opt/airflow/dags/aws_project.py","logger":"airflow.dag_processing.dagbag.BundleDagBag","filename":"dagbag.py","lineno":469}
{"timestamp":"2026-09-16T14:24:04.303535Z","level":"info","event":"Filling up the DagBag from /opt/airflow/dags/aws_project.py","logger":"airflow.dag_processing.dagbag.BundleDagBag","filename":"dagbag.py","lineno":469}
{"timestamp":"2026-09-16T14:24:36.918766Z","level":"info","event":"Filling up the DagBag from /opt/airflow/dags/aws_project.py","logger":"airflow.dag_processing.dagbag.BundleDagBag","filename":"dagbag.py","lineno":469}
{"timestamp":"2026-09-16T14:25:09.045795Z","level":"info","event":"Filling up the DagBag from /opt/airflow/dags/aws_project.py","logger":"airflow.dag_processing.dagbag.BundleDagBag","filename":"dagbag.py","lineno":469}
{"timestamp":"2026-09-16T14:25:41.536931Z","level":"info","event":"Filling up the DagBag from /opt/airflow/dags/aws_project.py","logger":"airflow.dag_processing.dagbag.BundleDagBag","filename":"dagbag.py","lineno":469}
{"timestamp":"2026-09-16T14:26:14.515183Z","level":"info","event":"Filling up the DagBag from /opt/airflow/dags/aws_project.py","logger":"airflow.dag_processing.dagbag.BundleDagBag","filename":"dagbag.py","lineno":469}
{"timestamp":"2026-09-16T14:26:47.098893Z","level":"info","event":"Filling up the DagBag from /opt/airflow/dags/aws_project.py","logger":"airflow.dag_processing.dagbag.BundleDagBag","filename":"dagbag.py","lineno":469}
{"timestamp":"2026-09-16T14:27:19.865837Z","level":"info","event":"Filling up the DagBag from /opt/airflow/dags/aws_project.py","logger":"airflow.dag_processing.dagbag.BundleDagBag","filename":"dagbag.py","lineno":469}
{"timestamp":"2026-09-16T14:27:52.475033Z","level":"info","event":"Filling up the DagBag from /opt/airflow/dags/aws_project.py","logger":"airflow.dag_processing.dagbag.BundleDagBag","filename":"dagbag.py","lineno":469}
{"timestamp":"2026-09-16T14:28:25.065663Z","level":"info","event":"Filling up the DagBag from /opt/airflow/dags/aws_project.py","logger":"airflow.dag_processing.dagbag.BundleDagBag","filename":"dagbag.py","lineno":469}
{"timestamp":"2026-09-16T14:28:57.568934Z","level":"info","event":"Filling up the DagBag from /opt/airflow/dags/aws_project.py","logger":"airflow.dag_processing.dagbag.BundleDagBag","filename":"dagbag.py","lineno":469}
{"timestamp":"2026-09-16T14:29:30.045778Z","level":"info","event":"Filling up the DagBag from /opt/airflow/dags/aws_project.py","logger":"airflow.dag_processing.dagbag.BundleDagBag","filename":"dagbag.py","lineno":469}
{"timestamp":"2026-09-16T14:30:02.635174Z","level":"info","event":"Filling up the DagBag from /opt/airflow/dags/aws_project.py","logger":"airflow.dag_processing.dagbag.BundleDagBag","filename":"dagbag.py","lineno":469}
{"timestamp":"2026-09-16T14:30:34.912292Z","level":"info","event":"Filling up the DagBag from /opt/airflow/dags/aws_project.py","logger":"airflow.dag_processing.dagbag.BundleDagBag","filename":"dagbag.py","lineno":469}
{"timestamp":"2026-09-16T14:31:07.475415Z","level":"info","event":"Filling up the DagBag from /opt/airflow/dags/aws_project.py","logger":"airflow.dag_processing.dagbag.BundleDagBag","filename":"dagbag.py","lineno":469}
{"timestamp":"2026-09-16T14:31:39.994053Z","level":"info","event":"Filling up the DagBag from /opt/airflow/dags/aws_project.py","logger":"airflow.dag_processing.dagbag.BundleDagBag","filename":"dagbag.py","lineno":469}
{"timestamp":"2026-09-16T14:32:12.674658Z","level":"info","event":"Filling up the DagBag from /opt/airflow/dags/aws_project.py","logger":"airflow.dag_processing.dagbag.BundleDagBag","filename":"dagbag.py","lineno":469}
{"timestamp":"2026-09-16T14:32:45.133669Z","level":"info","event":"Filling up the DagBag from /opt/airflow/dags/aws_project.py","logger":"airflow.dag_processing.dagbag.BundleDagBag","filename":"dagbag.py","lineno":469}
{"timestamp":"2026-09-16T14:33:17.644476Z","level":"info","event":"Filling up the DagBag from /opt/airflow/dags/aws_project.py","logger":"airflow.dag_processing.dagbag.BundleDagBag","filename":"dagbag.py","lineno":469}
{"timestamp":"2026-09-16T14:33:50.026923Z","level":"info","event":"Filling up the DagBag from /opt/airflow/dags/aws_project.py","logger":"airflow.dag_processing.dagbag.BundleDagBag","filename":"dagbag.py","lineno":469}
{"timestamp":"2026-09-16T14:34:22.657116Z","level":"info","event":"Filling up the DagBag from /opt/airflow/dags/aws_project.py","logger":"airflow.dag_processing.dagbag.BundleDagBag","filename":"dagbag.py","lineno":469}
{"timestamp":"2026-09-16T14:34:55.501030Z","level":"info","event":"Filling up the DagBag from /opt/airflow/dags/aws_project.py","logger":"airflow.dag_processing.dagbag.BundleDagBag","filename":"dagbag.py","lineno":469}
{"timestamp":"2026-09-16T14:35:28.303187Z","level":"info","event":"Filling up the DagBag from /opt/airflow/dags/aws_project.py","logger":"airflow.dag_processing.dagbag.BundleDagBag","filename":"dagbag.py","lineno":469}
{"timestamp":"2026-09-16T14:36:00.857492Z","level":"info","event":"Filling up the DagBag from /opt/airflow/dags/aws_project.py","logger":"airflow.dag_processing.dagbag.BundleDagBag","filename":"dagbag.py","lineno":469}
{"timestamp":"2026-09-16T14:36:33.298794Z","level":"info","event":"Filling up the DagBag from /opt/airflow/dags/aws_project.py","logger":"airflow.dag_processing.dagbag.BundleDagBag","filename":"dagbag.py","lineno":469}
{"timestamp":"2026-09-16T14:37:05.423288Z","level":"info","event":"Filling up the DagBag from /opt/airflow/dags/aws_project.py","logger":"airflow.dag_processing.dagbag.BundleDagBag","filename":"dagbag.py","lineno":469}
{"timestamp":"2026-09-16T14:37:37.975269Z","level":"info","event":"Filling up the DagBag from /opt/airflow/dags/aws_project.py","logger":"airflow.dag_processing.dagbag.BundleDagBag","filename":"dagbag.py","lineno":469}
{"timestamp":"2026-09-16T14:38:10.541047Z","level":"info","event":"Filling up the DagBag from /opt/airflow/dags/aws_project.py","logger":"airflow.dag_processing.dagbag.BundleDagBag","filename":"dagbag.py","lineno":469}
{"timestamp":"2026-09-16T14:38:43.031938Z","level":"info","event":"Filling up the DagBag from /opt/airflow/dags/aws_project.py","logger":"airflow.dag_processing.dagbag.BundleDagBag","filename":"dagbag.py","lineno":469}
{"timestamp":"2026-09-16T14:39:15.596722Z","level":"info","event":"Filling up the DagBag from /opt/airflow/dags/aws_project.py","logger":"airflow.dag_processing.dagbag.BundleDagBag","filename":"dagbag.py","lineno":469}
{"timestamp":"2026-09-16T14:39:48.161108Z","level":"info","event":"Filling up the DagBag from /opt/airflow/dags/aws_project.py","logger":"airflow.dag_processing.dagbag.BundleDagBag","filename":"dagbag.py","lineno":469}
{"timestamp":"2026-09-16T14:40:20.545951Z","level":"info","event":"Filling up the DagBag from /opt/airflow/dags/aws_project.py","logger":"airflow.dag_processing.dagbag.BundleDagBag","filename":"dagbag.py","lineno":469}
{"timestamp":"2026-09-16T14:40:53.156122Z","level":"info","event":"Filling up the DagBag from /opt/airflow/dags/aws_project.py","logger":"airflow.dag_processing.dagbag.BundleDagBag","filename":"dagbag.py","lineno":469}
{"timestamp":"2026-09-16T14:41:25.526173Z","level":"info","event":"Filling up the DagBag from /opt/airflow/dags/aws_project.py","logger":"airflow.dag_processing.dagbag.BundleDagBag","filename":"dagbag.py","lineno":469}
{"timestamp":"2026-09-16T14:41:57.684124Z","level":"info","event":"Filling up the DagBag from /opt/airflow/dags/aws_project.py","logger":"airflow.dag_processing.dagbag.BundleDagBag","filename":"dagbag.py","lineno":469}
{"timestamp":"2026-09-16T14:42:29.983208Z","level":"info","event":"Filling up the DagBag from /opt/airflow/dags/aws_project.py","logger":"airflow.dag_processing.dagbag.BundleDagBag","filename":"dagbag.py","lineno":469}
{"timestamp":"2026-09-16T14:43:02.413132Z","level":"info","event":"Filling up the DagBag from /opt/airflow/dags/aws_project.py","logger":"airflow.dag_processing.dagbag.BundleDagBag","filename":"dagbag.py","lineno":469}
{"timestamp":"2026-09-16T14:43:36.763334Z","level":"info","event":"Filling up the DagBag from /opt/airflow/dags/aws_project.py","logger":"airflow.dag_processing.dagbag.BundleDagBag","filename":"dagbag.py","lineno":469}
{"timestamp":"2026-09-16T14:44:09.266286Z","level":"info","event":"Filling up the DagBag from /opt/airflow/dags/aws_project.py","logger":"airflow.dag_processing.dagbag.BundleDagBag","filename":"dagbag.py","lineno":469}
{"timestamp":"2026-09-16T14:44:41.781720Z","level":"info","event":"Filling up the DagBag from /opt/airflow/dags/aws_project.py","logger":"airflow.dag_processing.dagbag.BundleDagBag","filename":"dagbag.py","lineno":469}
{"timestamp":"2026-09-16T14:45:14.064948Z","level":"info","event":"Filling up the DagBag from /opt/airflow/dags/aws_project.py","logger":"airflow.dag_processing.dagbag.BundleDagBag","filename":"dagbag.py","lineno":469}
{"timestamp":"2026-09-16T14:45:46.634993Z","level":"info","event":"Filling up the DagBag from /opt/airflow/dags/aws_project.py","logger":"airflow.dag_processing.dagbag.BundleDagBag","filename":"dagbag.py","lineno":469}
{"timestamp":"2026-09-16T14:46:19.836782Z","level":"info","event":"Filling up the DagBag from /opt/airflow/dags/aws_project.py","logger":"airflow.dag_processing.dagbag.BundleDagBag","filename":"dagbag.py","lineno":469}
{"timestamp":"2026-09-16T14:46:52.106554Z","level":"info","event":"Filling up the DagBag from /opt/airflow/dags/aws_project.py","logger":"airflow.dag_processing.dagbag.BundleDagBag","filename":"dagbag.py","lineno":469}
{"timestamp":"2026-09-16T14:47:24.979532Z","level":"info","event":"Filling up the DagBag from /opt/airflow/dags/aws_project.py","logger":"airflow.dag_processing.dagbag.BundleDagBag","filename":"dagbag.py","lineno":469}
{"timestamp":"2026-09-16T14:47:57.497534Z","level":"info","event":"Filling up the DagBag from /opt/airflow/dags/aws_project.py","logger":"airflow.dag_processing.dagbag.BundleDagBag","filename":"dagbag.py","lineno":469}
{"timestamp":"2026-09-16T14:48:29.777424Z","level":"info","event":"Filling up the DagBag from /opt/airflow/dags/aws_project.py","logger":"airflow.dag_processing.dagbag.BundleDagBag","filename":"dagbag.py","lineno":469}
{"timestamp":"2026-09-16T14:49:02.298196Z","level":"info","event":"Filling up the DagBag from /opt/airflow/dags/aws_project.py","logger":"airflow.dag_processing.dagbag.BundleDagBag","filename":"dagbag.py","lineno":469}
{"timestamp":"2026-09-16T14:49:34.616384Z","level":"info","event":"Filling up the DagBag from /opt/airflow/dags/aws_project.py","logger":"airflow.dag_processing.dagbag.BundleDagBag","filename":"dagbag.py","lineno":469}
{"timestamp":"2026-09-16T14:50:06.926944Z","level":"info","event":"Filling up the DagBag from /opt/airflow/dags/aws_project.py","logger":"airflow.dag_processing.dagbag.BundleDagBag","filename":"dagbag.py","lineno":469}
{"timestamp":"2026-09-16T14:50:39.473184Z","level":"info","event":"Filling up the DagBag from /opt/airflow/dags/aws_project.py","logger":"airflow.dag_processing.dagbag.BundleDagBag","filename":"dagbag.py","lineno":469}
{"timestamp":"2026-09-16T14:51:12.003422Z","level":"info","event":"Filling up the DagBag from /opt/airflow/dags/aws_project.py","logger":"airflow.dag_processing.dagbag.BundleDagBag","filename":"dagbag.py","lineno":469}
{"timestamp":"2026-09-16T14:51:44.859622Z","level":"info","event":"Filling up the DagBag from /opt/airflow/dags/aws_project.py","logger":"airflow.dag_processing.dagbag.BundleDagBag","filename":"dagbag.py","lineno":469}
{"timestamp":"2026-09-16T14:52:17.416047Z","level":"info","event":"Filling up the DagBag from /opt/airflow/dags/aws_project.py","logger":"airflow.dag_processing.dagbag.BundleDagBag","filename":"dagbag.py","lineno":469}
{"timestamp":"2026-09-16T14:52:49.860958Z","level":"info","event":"Filling up the DagBag from /opt/airflow/dags/aws_project.py","logger":"airflow.dag_processing.dagbag.BundleDagBag","filename":"dagbag.py","lineno":469}
{"timestamp":"2026-09-16T14:53:22.418941Z","level":"info","event":"Filling up the DagBag from /opt/airflow/dags/aws_project.py","logger":"airflow.dag_processing.dagbag.BundleDagBag","filename":"dagbag.py","lineno":469}
{"timestamp":"2026-09-16T14:53:54.957484Z","level":"info","event":"Filling up the DagBag from /opt/airflow/dags/aws_project.py","logger":"airflow.dag_processing.dagbag.BundleDagBag","filename":"dagbag.py","lineno":469}
{"timestamp":"2026-09-16T14:54:27.271644Z","level":"info","event":"Filling up the DagBag from /opt/airflow/dags/aws_project.py","logger":"airflow.dag_processing.dagbag.BundleDagBag","filename":"dagbag.py","lineno":469}
{"timestamp":"2026-09-16T14:54:59.929450Z","level":"info","event":"Filling up the DagBag from /opt/airflow/dags/aws_project.py","logger":"airflow.dag_processing.dagbag.BundleDagBag","filename":"dagbag.py","lineno":469}
{"timestamp":"2026-09-16T14:55:32.245285Z","level":"info","event":"Filling up the DagBag from /opt/airflow/dags/aws_project.py","logger":"airflow.dag_processing.dagbag.BundleDagBag","filename":"dagbag.py","lineno":469}
{"timestamp":"2026-09-16T14:56:05.099363Z","level":"info","event":"Filling up the DagBag from /opt/airflow/dags/aws_project.py","logger":"airflow.dag_processing.dagbag.BundleDagBag","filename":"dagbag.py","lineno":469}
{"timestamp":"2026-09-16T14:56:37.814390Z","level":"info","event":"Filling up the DagBag from /opt/airflow/dags/aws_project.py","logger":"airflow.dag_processing.dagbag.BundleDagBag","filename":"dagbag.py","lineno":469}
{"timestamp":"2026-09-16T14:57:11.356604Z","level":"info","event":"Filling up the DagBag from /opt/airflow/dags/aws_project.py","logger":"airflow.dag_processing.dagbag.BundleDagBag","filename":"dagbag.py","lineno":469}
{"timestamp":"2026-09-16T14:57:43.992039Z","level":"info","event":"Filling up the DagBag from /opt/airflow/dags/aws_project.py","logger":"airflow.dag_processing.dagbag.BundleDagBag","filename":"dagbag.py","lineno":469}
{"timestamp":"2026-09-16T14:58:16.644328Z","level":"info","event":"Filling up the DagBag from /opt/airflow/dags/aws_project.py","logger":"airflow.dag_processing.dagbag.BundleDagBag","filename":"dagbag.py","lineno":469}
{"timestamp":"2026-09-16T14:58:49.284017Z","level":"info","event":"Filling up the DagBag from /opt/airflow/dags/aws_project.py","logger":"airflow.dag_processing.dagbag.BundleDagBag","filename":"dagbag.py","lineno":469}
{"timestamp":"2026-09-16T14:59:21.995155Z","level":"info","event":"Filling up the DagBag from /opt/airflow/dags/aws_project.py","logger":"airflow.dag_processing.dagbag.BundleDagBag","filename":"dagbag.py","lineno":469}
{"timestamp":"2026-09-16T14:59:54.471284Z","level":"info","event":"Filling up the DagBag from /opt/airflow/dags/aws_project.py","logger":"airflow.dag_processing.dagbag.BundleDagBag","filename":"dagbag.py","lineno":469}
{"timestamp":"2026-09-16T15:00:27.106767Z","level":"info","event":"Filling up the DagBag from /opt/airflow/dags/aws_project.py","logger":"airflow.dag_processing.dagbag.BundleDagBag","filename":"dagbag.py","lineno":469}
{"timestamp":"2026-09-16T15:00:59.719240Z","level":"info","event":"Filling up the DagBag from /opt/airflow/dags/aws_project.py","logger":"airflow.dag_processing.dagbag.BundleDagBag","filename":"dagbag.py","lineno":469}
{"timestamp":"2026-09-16T15:01:32.337826Z","level":"info","event":"Filling up the DagBag from /opt/airflow/dags/aws_project.py","logger":"airflow.dag_processing.dagbag.BundleDagBag","filename":"dagbag.py","lineno":469}
{"timestamp":"2026-09-16T15:02:04.644334Z","level":"info","event":"Filling up the DagBag from /opt/airflow/dags/aws_project.py","logger":"airflow.dag_processing.dagbag.BundleDagBag","filename":"dagbag.py","lineno":469}
{"timestamp":"2026-09-16T15:02:37.454943Z","level":"info","event":"Filling up the DagBag from /opt/airflow/dags/aws_project.py","logger":"airflow.dag_processing.dagbag.BundleDagBag","filename":"dagbag.py","lineno":469}
{"timestamp":"2026-09-16T15:03:10.336581Z","level":"info","event":"Filling up the DagBag from /opt/airflow/dags/aws_project.py","logger":"airflow.dag_processing.dagbag.BundleDagBag","filename":"dagbag.py","lineno":469}
{"timestamp":"2026-09-16T15:03:42.911235Z","level":"info","event":"Filling up the DagBag from /opt/airflow/dags/aws_project.py","logger":"airflow.dag_processing.dagbag.BundleDagBag","filename":"dagbag.py","lineno":469}
{"timestamp":"2026-09-16T15:04:15.837643Z","level":"info","event":"Filling up the DagBag from /opt/airflow/dags/aws_project.py","logger":"airflow.dag_processing.dagbag.BundleDagBag","filename":"dagbag.py","lineno":469}
{"timestamp":"2026-09-16T15:04:48.751520Z","level":"info","event":"Filling up the DagBag from /opt/airflow/dags/aws_project.py","logger":"airflow.dag_processing.dagbag.BundleDagBag","filename":"dagbag.py","lineno":469}
{"timestamp":"2026-09-16T15:05:21.013550Z","level":"info","event":"Filling up the DagBag from /opt/airflow/dags/aws_project.py","logger":"airflow.dag_processing.dagbag.BundleDagBag","filename":"dagbag.py","lineno":469}
{"timestamp":"2026-09-16T15:05:53.906283Z","level":"info","event":"Filling up the DagBag from /opt/airflow/dags/aws_project.py","logger":"airflow.dag_processing.dagbag.BundleDagBag","filename":"dagbag.py","lineno":469}
{"timestamp":"2026-09-16T15:06:26.714986Z","level":"info","event":"Filling up the DagBag from /opt/airflow/dags/aws_project.py","logger":"airflow.dag_processing.dagbag.BundleDagBag","filename":"dagbag.py","lineno":469}
{"timestamp":"2026-09-16T15:06:59.125157Z","level":"info","event":"Filling up the DagBag from /opt/airflow/dags/aws_project.py","logger":"airflow.dag_processing.dagbag.BundleDagBag","filename":"dagbag.py","lineno":469}
{"timestamp":"2026-09-16T15:07:31.652360Z","level":"info","event":"Filling up the DagBag from /opt/airflow/dags/aws_project.py","logger":"airflow.dag_processing.dagbag.BundleDagBag","filename":"dagbag.py","lineno":469}
{"timestamp":"2026-09-16T15:08:04.595209Z","level":"info","event":"Filling up the DagBag from /opt/airflow/dags/aws_project.py","logger":"airflow.dag_processing.dagbag.BundleDagBag","filename":"dagbag.py","lineno":469}
{"timestamp":"2026-09-16T15:08:37.262910Z","level":"info","event":"Filling up the DagBag from /opt/airflow/dags/aws_project.py","logger":"airflow.dag_processing.dagbag.BundleDagBag","filename":"dagbag.py","lineno":469}
{"timestamp":"2026-09-16T15:09:09.834308Z","level":"info","event":"Filling up the DagBag from /opt/airflow/dags/aws_project.py","logger":"airflow.dag_processing.dagbag.BundleDagBag","filename":"dagbag.py","lineno":469}
{"timestamp":"2026-09-16T15:09:42.392056Z","level":"info","event":"Filling up the DagBag from /opt/airflow/dags/aws_project.py","logger":"airflow.dag_processing.dagbag.BundleDagBag","filename":"dagbag.py","lineno":469}
{"timestamp":"2026-09-16T15:10:14.704779Z","level":"info","event":"Filling up the DagBag from /opt/airflow/dags/aws_project.py","logger":"airflow.dag_processing.dagbag.BundleDagBag","filename":"dagbag.py","lineno":469}
{"timestamp":"2026-09-16T15:10:47.358253Z","level":"info","event":"Filling up the DagBag from /opt/airflow/dags/aws_project.py","logger":"airflow.dag_processing.dagbag.BundleDagBag","filename":"dagbag.py","lineno":469}
{"timestamp":"2026-09-16T15:11:19.926378Z","level":"info","event":"Filling up the DagBag from /opt/airflow/dags/aws_project.py","logger":"airflow.dag_processing.dagbag.BundleDagBag","filename":"dagbag.py","lineno":469}
{"timestamp":"2026-09-16T15:11:52.532674Z","level":"info","event":"Filling up the DagBag from /opt/airflow/dags/aws_project.py","logger":"airflow.dag_processing.dagbag.BundleDagBag","filename":"dagbag.py","lineno":469}
{"timestamp":"2026-09-16T15:12:25.123386Z","level":"info","event":"Filling up the DagBag from /opt/airflow/dags/aws_project.py","logger":"airflow.dag_processing.dagbag.BundleDagBag","filename":"dagbag.py","lineno":469}
{"timestamp":"2026-09-16T15:12:58.068760Z","level":"info","event":"Filling up the DagBag from /opt/airflow/dags/aws_project.py","logger":"airflow.dag_processing.dagbag.BundleDagBag","filename":"dagbag.py","lineno":469}
{"timestamp":"2026-09-16T15:13:30.775471Z","level":"info","event":"Filling up the DagBag from /opt/airflow/dags/aws_project.py","logger":"airflow.dag_processing.dagbag.BundleDagBag","filename":"dagbag.py","lineno":469}
{"timestamp":"2026-09-16T15:14:03.720585Z","level":"info","event":"Filling up the DagBag from /opt/airflow/dags/aws_project.py","logger":"airflow.dag_processing.dagbag.BundleDagBag","filename":"dagbag.py","lineno":469}
{"timestamp":"2026-09-16T15:14:13.221769Z","level":"info","event":"Filling up the DagBag from /opt/airflow/dags/aws_project.py","logger":"airflow.dag_processing.dagbag.BundleDagBag","filename":"dagbag.py","lineno":469}
{"timestamp":"2026-09-16T15:14:45.812666Z","level":"info","event":"Filling up the DagBag from /opt/airflow/dags/aws_project.py","logger":"airflow.dag_processing.dagbag.BundleDagBag","filename":"dagbag.py","lineno":469}
{"timestamp":"2026-09-16T15:15:10.374299Z","level":"info","event":"Filling up the DagBag from /opt/airflow/dags/aws_project.py","logger":"airflow.dag_processing.dagbag.BundleDagBag","filename":"dagbag.py","lineno":469}
{"timestamp":"2026-09-16T15:15:20.763109Z","level":"info","event":"Filling up the DagBag from /opt/airflow/dags/aws_project.py","logger":"airflow.dag_processing.dagbag.BundleDagBag","filename":"dagbag.py","lineno":469}
{"timestamp":"2026-09-16T15:15:53.809349Z","level":"info","event":"Filling up the DagBag from /opt/airflow/dags/aws_project.py","logger":"airflow.dag_processing.dagbag.BundleDagBag","filename":"dagbag.py","lineno":469}
{"timestamp":"2026-09-16T15:16:26.372633Z","level":"info","event":"Filling up the DagBag from /opt/airflow/dags/aws_project.py","logger":"airflow.dag_processing.dagbag.BundleDagBag","filename":"dagbag.py","lineno":469}
{"timestamp":"2026-09-16T15:16:59.037780Z","level":"info","event":"Filling up the DagBag from /opt/airflow/dags/aws_project.py","logger":"airflow.dag_processing.dagbag.BundleDagBag","filename":"dagbag.py","lineno":469}
{"timestamp":"2026-09-16T15:17:31.590843Z","level":"info","event":"Filling up the DagBag from /opt/airflow/dags/aws_project.py","logger":"airflow.dag_processing.dagbag.BundleDagBag","filename":"dagbag.py","lineno":469}
{"timestamp":"2026-09-16T15:18:04.265855Z","level":"info","event":"Filling up the DagBag from /opt/airflow/dags/aws_project.py","logger":"airflow.dag_processing.dagbag.BundleDagBag","filename":"dagbag.py","lineno":469}
