{"timestamp":"2026-09-05T07:28:54.338330Z","level":"info","event":"Filling up the DagBag from /opt/airflow/dags/aws_project.py","logger":"airflow.dag_processing.dagbag.BundleDagBag","filename":"dagbag.py","lineno":469}
{"timestamp":"2026-09-05T07:29:46.842478Z","level":"info","event":"Filling up the DagBag from /opt/airflow/dags/aws_project.py","logger":"airflow.dag_processing.dagbag.BundleDagBag","filename":"dagbag.py","lineno":469}
{"timestamp":"2026-09-05T07:30:19.934677Z","level":"info","event":"Filling up the DagBag from /opt/airflow/dags/aws_project.py","logger":"airflow.dag_processing.dagbag.BundleDagBag","filename":"dagbag.py","lineno":469}
{"timestamp":"2026-09-05T07:30:53.816082Z","level":"info","event":"Filling up the DagBag from /opt/airflow/dags/aws_project.py","logger":"airflow.dag_processing.dagbag.BundleDagBag","filename":"dagbag.py","lineno":469}
{"timestamp":"2026-09-05T07:31:27.704187Z","level":"info","event":"Filling up the DagBag from /opt/airflow/dags/aws_project.py","logger":"airflow.dag_processing.dagbag.BundleDagBag","filename":"dagbag.py","lineno":469}
{"timestamp":"2026-09-05T07:32:04.374366Z","level":"info","event":"Filling up the DagBag from /opt/airflow/dags/aws_project.py","logger":"airflow.dag_processing.dagbag.BundleDagBag","filename":"dagbag.py","lineno":469}
{"timestamp":"2026-09-05T07:32:41.131031Z","level":"info","event":"Filling up the DagBag from /opt/airflow/dags/aws_project.py","logger":"airflow.dag_processing.dagbag.BundleDagBag","filename":"dagbag.py","lineno":469}
{"timestamp":"2026-09-05T07:33:14.578456Z","level":"info","event":"Filling up the DagBag from /opt/airflow/dags/aws_project.py","logger":"airflow.dag_processing.dagbag.BundleDagBag","filename":"dagbag.py","lineno":469}
{"timestamp":"2026-09-05T07:33:47.240626Z","level":"info","event":"Filling up the DagBag from /opt/airflow/dags/aws_project.py","logger":"airflow.dag_processing.dagbag.BundleDagBag","filename":"dagbag.py","lineno":469}
{"timestamp":"2026-09-05T07:34:19.893455Z","level":"info","event":"Filling up the DagBag from /opt/airflow/dags/aws_project.py","logger":"airflow.dag_processing.dagbag.BundleDagBag","filename":"dagbag.py","lineno":469}
{"timestamp":"2026-09-05T07:34:53.154300Z","level":"info","event":"Filling up the DagBag from /opt/airflow/dags/aws_project.py","logger":"airflow.dag_processing.dagbag.BundleDagBag","filename":"dagbag.py","lineno":469}
{"timestamp":"2026-09-05T07:35:26.444928Z","level":"info","event":"Filling up the DagBag from /opt/airflow/dags/aws_project.py","logger":"airflow.dag_processing.dagbag.BundleDagBag","filename":"dagbag.py","lineno":469}
{"timestamp":"2026-09-05T07:35:59.940482Z","level":"info","event":"Filling up the DagBag from /opt/airflow/dags/aws_project.py","logger":"airflow.dag_processing.dagbag.BundleDagBag","filename":"dagbag.py","lineno":469}
{"timestamp":"2026-09-05T07:36:33.222451Z","level":"info","event":"Filling up the DagBag from /opt/airflow/dags/aws_project.py","logger":"airflow.dag_processing.dagbag.BundleDagBag","filename":"dagbag.py","lineno":469}
{"timestamp":"2026-09-05T07:37:06.735960Z","level":"info","event":"Filling up the DagBag from /opt/airflow/dags/aws_project.py","logger":"airflow.dag_processing.dagbag.BundleDagBag","filename":"dagbag.py","lineno":469}
{"timestamp":"2026-09-05T07:37:39.838457Z","level":"info","event":"Filling up the DagBag from /opt/airflow/dags/aws_project.py","logger":"airflow.dag_processing.dagbag.BundleDagBag","filename":"dagbag.py","lineno":469}
{"timestamp":"2026-09-05T07:38:12.721162Z","level":"info","event":"Filling up the DagBag from /opt/airflow/dags/aws_project.py","logger":"airflow.dag_processing.dagbag.BundleDagBag","filename":"dagbag.py","lineno":469}
{"timestamp":"2026-09-05T07:38:45.332241Z","level":"info","event":"Filling up the DagBag from /opt/airflow/dags/aws_project.py","logger":"airflow.dag_processing.dagbag.BundleDagBag","filename":"dagbag.py","lineno":469}
{"timestamp":"2026-09-05T07:39:18.096852Z","level":"info","event":"Filling up the DagBag from /opt/airflow/dags/aws_project.py","logger":"airflow.dag_processing.dagbag.BundleDagBag","filename":"dagbag.py","lineno":469}
{"timestamp":"2026-09-05T07:39:50.683133Z","level":"info","event":"Filling up the DagBag from /opt/airflow/dags/aws_project.py","logger":"airflow.dag_processing.dagbag.BundleDagBag","filename":"dagbag.py","lineno":469}
{"timestamp":"2026-09-05T07:40:23.544665Z","level":"info","event":"Filling up the DagBag from /opt/airflow/dags/aws_project.py","logger":"airflow.dag_processing.dagbag.BundleDagBag","filename":"dagbag.py","lineno":469}
{"timestamp":"2026-09-05T07:40:58.416144Z","level":"info","event":"Filling up the DagBag from /opt/airflow/dags/aws_project.py","logger":"airflow.dag_processing.dagbag.BundleDagBag","filename":"dagbag.py","lineno":469}
{"timestamp":"2026-09-05T07:41:34.106081Z","level":"info","event":"Filling up the DagBag from /opt/airflow/dags/aws_project.py","logger":"airflow.dag_processing.dagbag.BundleDagBag","filename":"dagbag.py","lineno":469}
{"timestamp":"2026-09-05T07:42:07.493510Z","level":"info","event":"Filling up the DagBag from /opt/airflow/dags/aws_project.py","logger":"airflow.dag_processing.dagbag.BundleDagBag","filename":"dagbag.py","lineno":469}
{"timestamp":"2026-09-05T07:42:40.181962Z","level":"info","event":"Filling up the DagBag from /opt/airflow/dags/aws_project.py","logger":"airflow.dag_processing.dagbag.BundleDagBag","filename":"dagbag.py","lineno":469}
{"timestamp":"2026-09-05T07:43:12.504175Z","level":"info","event":"Filling up the DagBag from /opt/airflow/dags/aws_project.py","logger":"airflow.dag_processing.dagbag.BundleDagBag","filename":"dagbag.py","lineno":469}
{"timestamp":"2026-09-05T07:43:45.187926Z","level":"info","event":"Filling up the DagBag from /opt/airflow/dags/aws_project.py","logger":"airflow.dag_processing.dagbag.BundleDagBag","filename":"dagbag.py","lineno":469}
{"timestamp":"2026-09-05T07:44:17.541893Z","level":"info","event":"Filling up the DagBag from /opt/airflow/dags/aws_project.py","logger":"airflow.dag_processing.dagbag.BundleDagBag","filename":"dagbag.py","lineno":469}
{"timestamp":"2026-09-05T07:44:49.913450Z","level":"info","event":"Filling up the DagBag from /opt/airflow/dags/aws_project.py","logger":"airflow.dag_processing.dagbag.BundleDagBag","filename":"dagbag.py","lineno":469}
{"timestamp":"2026-09-05T07:45:22.582948Z","level":"info","event":"Filling up the DagBag from /opt/airflow/dags/aws_project.py","logger":"airflow.dag_processing.dagbag.BundleDagBag","filename":"dagbag.py","lineno":469}
{"timestamp":"2026-09-05T07:45:55.383524Z","level":"info","event":"Filling up the DagBag from /opt/airflow/dags/aws_project.py","logger":"airflow.dag_processing.dagbag.BundleDagBag","filename":"dagbag.py","lineno":469}
{"timestamp":"2026-09-05T07:46:28.153293Z","level":"info","event":"Filling up the DagBag from /opt/airflow/dags/aws_project.py","logger":"airflow.dag_processing.dagbag.BundleDagBag","filename":"dagbag.py","lineno":469}
{"timestamp":"2026-09-05T07:47:00.727365Z","level":"info","event":"Filling up the DagBag from /opt/airflow/dags/aws_project.py","logger":"airflow.dag_processing.dagbag.BundleDagBag","filename":"dagbag.py","lineno":469}
{"timestamp":"2026-09-05T07:47:33.106654Z","level":"info","event":"Filling up the DagBag from /opt/airflow/dags/aws_project.py","logger":"airflow.dag_processing.dagbag.BundleDagBag","filename":"dagbag.py","lineno":469}
{"timestamp":"2026-09-05T07:48:05.693532Z","level":"info","event":"Filling up the DagBag from /opt/airflow/dags/aws_project.py","logger":"airflow.dag_processing.dagbag.BundleDagBag","filename":"dagbag.py","lineno":469}
{"timestamp":"2026-09-05T07:48:38.465955Z","level":"info","event":"Filling up the DagBag from /opt/airflow/dags/aws_project.py","logger":"airflow.dag_processing.dagbag.BundleDagBag","filename":"dagbag.py","lineno":469}
{"timestamp":"2026-09-05T07:49:11.812062Z","level":"info","event":"Filling up the DagBag from /opt/airflow/dags/aws_project.py","logger":"airflow.dag_processing.dagbag.BundleDagBag","filename":"dagbag.py","lineno":469}
{"timestamp":"2026-09-05T07:49:45.084491Z","level":"info","event":"Filling up the DagBag from /opt/airflow/dags/aws_project.py","logger":"airflow.dag_processing.dagbag.BundleDagBag","filename":"dagbag.py","lineno":469}
{"timestamp":"2026-09-05T07:50:18.195642Z","level":"info","event":"Filling up the DagBag from /opt/airflow/dags/aws_project.py","logger":"airflow.dag_processing.dagbag.BundleDagBag","filename":"dagbag.py","lineno":469}
{"timestamp":"2026-09-05T07:50:50.646849Z","level":"info","event":"Filling up the DagBag from /opt/airflow/dags/aws_project.py","logger":"airflow.dag_processing.dagbag.BundleDagBag","filename":"dagbag.py","lineno":469}
{"timestamp":"2026-09-05T07:51:24.183299Z","level":"info","event":"Filling up the DagBag from /opt/airflow/dags/aws_project.py","logger":"airflow.dag_processing.dagbag.BundleDagBag","filename":"dagbag.py","lineno":469}
{"timestamp":"2026-09-05T07:51:56.780761Z","level":"info","event":"Filling up the DagBag from /opt/airflow/dags/aws_project.py","logger":"airflow.dag_processing.dagbag.BundleDagBag","filename":"dagbag.py","lineno":469}
{"timestamp":"2026-09-05T07:52:30.017547Z","level":"info","event":"Filling up the DagBag from /opt/airflow/dags/aws_project.py","logger":"airflow.dag_processing.dagbag.BundleDagBag","filename":"dagbag.py","lineno":469}
{"timestamp":"2026-09-05T07:53:03.065537Z","level":"info","event":"Filling up the DagBag from /opt/airflow/dags/aws_project.py","logger":"airflow.dag_processing.dagbag.BundleDagBag","filename":"dagbag.py","lineno":469}
{"timestamp":"2026-09-05T07:53:36.535322Z","level":"info","event":"Filling up the DagBag from /opt/airflow/dags/aws_project.py","logger":"airflow.dag_processing.dagbag.BundleDagBag","filename":"dagbag.py","lineno":469}
{"timestamp":"2026-09-05T07:54:09.723276Z","level":"info","event":"Filling up the DagBag from /opt/airflow/dags/aws_project.py","logger":"airflow.dag_processing.dagbag.BundleDagBag","filename":"dagbag.py","lineno":469}
{"timestamp":"2026-09-05T07:54:42.586673Z","level":"info","event":"Filling up the DagBag from /opt/airflow/dags/aws_project.py","logger":"airflow.dag_processing.dagbag.BundleDagBag","filename":"dagbag.py","lineno":469}
{"timestamp":"2026-09-05T07:55:14.942344Z","level":"info","event":"Filling up the DagBag from /opt/airflow/dags/aws_project.py","logger":"airflow.dag_processing.dagbag.BundleDagBag","filename":"dagbag.py","lineno":469}
{"timestamp":"2026-09-05T07:55:47.412224Z","level":"info","event":"Filling up the DagBag from /opt/airflow/dags/aws_project.py","logger":"airflow.dag_processing.dagbag.BundleDagBag","filename":"dagbag.py","lineno":469}
{"timestamp":"2026-09-05T07:56:19.727840Z","level":"info","event":"Filling up the DagBag from /opt/airflow/dags/aws_project.py","logger":"airflow.dag_processing.dagbag.BundleDagBag","filename":"dagbag.py","lineno":469}
{"timestamp":"2026-09-05T07:56:52.627260Z","level":"info","event":"Filling up the DagBag from /opt/airflow/dags/aws_project.py","logger":"airflow.dag_processing.dagbag.BundleDagBag","filename":"dagbag.py","lineno":469}
{"timestamp":"2026-09-05T07:57:25.235184Z","level":"info","event":"Filling up the DagBag from /opt/airflow/dags/aws_project.py","logger":"airflow.dag_processing.dagbag.BundleDagBag","filename":"dagbag.py","lineno":469}
{"timestamp":"2026-09-05T07:57:57.838137Z","level":"info","event":"Filling up the DagBag from /opt/airflow/dags/aws_project.py","logger":"airflow.dag_processing.dagbag.BundleDagBag","filename":"dagbag.py","lineno":469}
{"timestamp":"2026-09-05T07:58:30.313494Z","level":"info","event":"Filling up the DagBag from /opt/airflow/dags/aws_project.py","logger":"airflow.dag_processing.dagbag.BundleDagBag","filename":"dagbag.py","lineno":469}
{"timestamp":"2026-09-05T07:59:02.965568Z","level":"info","event":"Filling up the DagBag from /opt/airflow/dags/aws_project.py","logger":"airflow.dag_processing.dagbag.BundleDagBag","filename":"dagbag.py","lineno":469}
{"timestamp":"2026-09-05T07:59:35.353812Z","level":"info","event":"Filling up the DagBag from /opt/airflow/dags/aws_project.py","logger":"airflow.dag_processing.dagbag.BundleDagBag","filename":"dagbag.py","lineno":469}
{"timestamp":"2026-09-05T08:00:08.024037Z","level":"info","event":"Filling up the DagBag from /opt/airflow/dags/aws_project.py","logger":"airflow.dag_processing.dagbag.BundleDagBag","filename":"dagbag.py","lineno":469}
{"timestamp":"2026-09-05T08:00:40.383808Z","level":"info","event":"Filling up the DagBag from /opt/airflow/dags/aws_project.py","logger":"airflow.dag_processing.dagbag.BundleDagBag","filename":"dagbag.py","lineno":469}
{"timestamp":"2026-09-05T09:11:04.071145Z","level":"info","event":"Filling up the DagBag from /opt/airflow/dags/aws_project.py","logger":"airflow.dag_processing.dagbag.BundleDagBag","filename":"dagbag.py","lineno":469}
{"timestamp":"2026-09-05T09:11:55.620448Z","level":"info","event":"Filling up the DagBag from /opt/airflow/dags/aws_project.py","logger":"airflow.dag_processing.dagbag.BundleDagBag","filename":"dagbag.py","lineno":469}
{"timestamp":"2026-09-05T09:12:28.186348Z","level":"info","event":"Filling up the DagBag from /opt/airflow/dags/aws_project.py","logger":"airflow.dag_processing.dagbag.BundleDagBag","filename":"dagbag.py","lineno":469}
{"timestamp":"2026-09-05T09:13:00.514462Z","level":"info","event":"Filling up the DagBag from /opt/airflow/dags/aws_project.py","logger":"airflow.dag_processing.dagbag.BundleDagBag","filename":"dagbag.py","lineno":469}
{"timestamp":"2026-09-05T09:13:32.908482Z","level":"info","event":"Filling up the DagBag from /opt/airflow/dags/aws_project.py","logger":"airflow.dag_processing.dagbag.BundleDagBag","filename":"dagbag.py","lineno":469}
{"timestamp":"2026-09-05T09:14:05.444034Z","level":"info","event":"Filling up the DagBag from /opt/airflow/dags/aws_project.py","logger":"airflow.dag_processing.dagbag.BundleDagBag","filename":"dagbag.py","lineno":469}
{"timestamp":"2026-09-05T09:14:37.811985Z","level":"info","event":"Filling up the DagBag from /opt/airflow/dags/aws_project.py","logger":"airflow.dag_processing.dagbag.BundleDagBag","filename":"dagbag.py","lineno":469}
{"timestamp":"2026-09-05T09:15:12.020367Z","level":"info","event":"Filling up the DagBag from /opt/airflow/dags/aws_project.py","logger":"airflow.dag_processing.dagbag.BundleDagBag","filename":"dagbag.py","lineno":469}
{"timestamp":"2026-09-05T09:15:45.951559Z","level":"info","event":"Filling up the DagBag from /opt/airflow/dags/aws_project.py","logger":"airflow.dag_processing.dagbag.BundleDagBag","filename":"dagbag.py","lineno":469}
{"timestamp":"2026-09-05T09:16:19.995986Z","level":"info","event":"Filling up the DagBag from /opt/airflow/dags/aws_project.py","logger":"airflow.dag_processing.dagbag.BundleDagBag","filename":"dagbag.py","lineno":469}
{"timestamp":"2026-09-05T09:16:53.637301Z","level":"info","event":"Filling up the DagBag from /opt/airflow/dags/aws_project.py","logger":"airflow.dag_processing.dagbag.BundleDagBag","filename":"dagbag.py","lineno":469}
{"timestamp":"2026-09-05T09:17:27.138852Z","level":"info","event":"Filling up the DagBag from /opt/airflow/dags/aws_project.py","logger":"airflow.dag_processing.dagbag.BundleDagBag","filename":"dagbag.py","lineno":469}
{"timestamp":"2026-09-05T09:18:00.005011Z","level":"info","event":"Filling up the DagBag from /opt/airflow/dags/aws_project.py","logger":"airflow.dag_processing.dagbag.BundleDagBag","filename":"dagbag.py","lineno":469}
{"timestamp":"2026-09-05T09:18:32.444648Z","level":"info","event":"Filling up the DagBag from /opt/airflow/dags/aws_project.py","logger":"airflow.dag_processing.dagbag.BundleDagBag","filename":"dagbag.py","lineno":469}
{"timestamp":"2026-09-05T09:19:04.908471Z","level":"info","event":"Filling up the DagBag from /opt/airflow/dags/aws_project.py","logger":"airflow.dag_processing.dagbag.BundleDagBag","filename":"dagbag.py","lineno":469}
{"timestamp":"2026-09-05T09:19:37.135257Z","level":"info","event":"Filling up the DagBag from /opt/airflow/dags/aws_project.py","logger":"airflow.dag_processing.dagbag.BundleDagBag","filename":"dagbag.py","lineno":469}
{"timestamp":"2026-09-05T09:20:09.541173Z","level":"info","event":"Filling up the DagBag from /opt/airflow/dags/aws_project.py","logger":"airflow.dag_processing.dagbag.BundleDagBag","filename":"dagbag.py","lineno":469}
{"timestamp":"2026-09-05T09:20:41.751030Z","level":"info","event":"Filling up the DagBag from /opt/airflow/dags/aws_project.py","logger":"airflow.dag_processing.dagbag.BundleDagBag","filename":"dagbag.py","lineno":469}
{"timestamp":"2026-09-05T09:21:14.385434Z","level":"info","event":"Filling up the DagBag from /opt/airflow/dags/aws_project.py","logger":"airflow.dag_processing.dagbag.BundleDagBag","filename":"dagbag.py","lineno":469}
{"timestamp":"2026-09-05T09:21:46.572197Z","level":"info","event":"Filling up the DagBag from /opt/airflow/dags/aws_project.py","logger":"airflow.dag_processing.dagbag.BundleDagBag","filename":"dagbag.py","lineno":469}
{"timestamp":"2026-09-05T09:22:18.768875Z","level":"info","event":"Filling up the DagBag from /opt/airflow/dags/aws_project.py","logger":"airflow.dag_processing.dagbag.BundleDagBag","filename":"dagbag.py","lineno":469}
{"timestamp":"2026-09-05T09:22:51.420026Z","level":"info","event":"Filling up the DagBag from /opt/airflow/dags/aws_project.py","logger":"airflow.dag_processing.dagbag.BundleDagBag","filename":"dagbag.py","lineno":469}
{"timestamp":"2026-09-05T09:23:23.863507Z","level":"info","event":"Filling up the DagBag from /opt/airflow/dags/aws_project.py","logger":"airflow.dag_processing.dagbag.BundleDagBag","filename":"dagbag.py","lineno":469}
{"timestamp":"2026-09-05T09:23:56.267238Z","level":"info","event":"Filling up the DagBag from /opt/airflow/dags/aws_project.py","logger":"airflow.dag_processing.dagbag.BundleDagBag","filename":"dagbag.py","lineno":469}
{"timestamp":"2026-09-05T09:24:28.764148Z","level":"info","event":"Filling up the DagBag from /opt/airflow/dags/aws_project.py","logger":"airflow.dag_processing.dagbag.BundleDagBag","filename":"dagbag.py","lineno":469}
{"timestamp":"2026-09-05T09:25:01.177179Z","level":"info","event":"Filling up the DagBag from /opt/airflow/dags/aws_project.py","logger":"airflow.dag_processing.dagbag.BundleDagBag","filename":"dagbag.py","lineno":469}
{"timestamp":"2026-09-05T09:25:33.588814Z","level":"info","event":"Filling up the DagBag from /opt/airflow/dags/aws_project.py","logger":"airflow.dag_processing.dagbag.BundleDagBag","filename":"dagbag.py","lineno":469}
{"timestamp":"2026-09-05T09:26:05.859549Z","level":"info","event":"Filling up the DagBag from /opt/airflow/dags/aws_project.py","logger":"airflow.dag_processing.dagbag.BundleDagBag","filename":"dagbag.py","lineno":469}
{"timestamp":"2026-09-05T09:26:38.245372Z","level":"info","event":"Filling up the DagBag from /opt/airflow/dags/aws_project.py","logger":"airflow.dag_processing.dagbag.BundleDagBag","filename":"dagbag.py","lineno":469}
{"timestamp":"2026-09-05T09:27:10.502551Z","level":"info","event":"Filling up the DagBag from /opt/airflow/dags/aws_project.py","logger":"airflow.dag_processing.dagbag.BundleDagBag","filename":"dagbag.py","lineno":469}
{"timestamp":"2026-09-05T09:27:43.155975Z","level":"info","event":"Filling up the DagBag from /opt/airflow/dags/aws_project.py","logger":"airflow.dag_processing.dagbag.BundleDagBag","filename":"dagbag.py","lineno":469}
{"timestamp":"2026-09-05T09:28:17.403439Z","level":"info","event":"Filling up the DagBag from /opt/airflow/dags/aws_project.py","logger":"airflow.dag_processing.dagbag.BundleDagBag","filename":"dagbag.py","lineno":469}
{"timestamp":"2026-09-05T09:28:51.723959Z","level":"info","event":"Filling up the DagBag from /opt/airflow/dags/aws_project.py","logger":"airflow.dag_processing.dagbag.BundleDagBag","filename":"dagbag.py","lineno":469}
{"timestamp":"2026-09-05T09:29:26.045904Z","level":"info","event":"Filling up the DagBag from /opt/airflow/dags/aws_project.py","logger":"airflow.dag_processing.dagbag.BundleDagBag","filename":"dagbag.py","lineno":469}
{"timestamp":"2026-09-05T09:29:59.851154Z","level":"info","event":"Filling up the DagBag from /opt/airflow/dags/aws_project.py","logger":"airflow.dag_processing.dagbag.BundleDagBag","filename":"dagbag.py","lineno":469}
{"timestamp":"2026-09-05T09:30:33.216731Z","level":"info","event":"Filling up the DagBag from /opt/airflow/dags/aws_project.py","logger":"airflow.dag_processing.dagbag.BundleDagBag","filename":"dagbag.py","lineno":469}
{"timestamp":"2026-09-05T09:31:05.963005Z","level":"info","event":"Filling up the DagBag from /opt/airflow/dags/aws_project.py","logger":"airflow.dag_processing.dagbag.BundleDagBag","filename":"dagbag.py","lineno":469}
{"timestamp":"2026-09-05T09:31:38.369808Z","level":"info","event":"Filling up the DagBag from /opt/airflow/dags/aws_project.py","logger":"airflow.dag_processing.dagbag.BundleDagBag","filename":"dagbag.py","lineno":469}
{"timestamp":"2026-09-05T09:32:10.718636Z","level":"info","event":"Filling up the DagBag from /opt/airflow/dags/aws_project.py","logger":"airflow.dag_processing.dagbag.BundleDagBag","filename":"dagbag.py","lineno":469}
{"timestamp":"2026-09-05T09:32:43.105477Z","level":"info","event":"Filling up the DagBag from /opt/airflow/dags/aws_project.py","logger":"airflow.dag_processing.dagbag.BundleDagBag","filename":"dagbag.py","lineno":469}
{"timestamp":"2026-09-05T09:33:15.319040Z","level":"info","event":"Filling up the DagBag from /opt/airflow/dags/aws_project.py","logger":"airflow.dag_processing.dagbag.BundleDagBag","filename":"dagbag.py","lineno":469}
{"timestamp":"2026-09-05T09:33:48.017225Z","level":"info","event":"Filling up the DagBag from /opt/airflow/dags/aws_project.py","logger":"airflow.dag_processing.dagbag.BundleDagBag","filename":"dagbag.py","lineno":469}
{"timestamp":"2026-09-05T09:34:20.300820Z","level":"info","event":"Filling up the DagBag from /opt/airflow/dags/aws_project.py","logger":"airflow.dag_processing.dagbag.BundleDagBag","filename":"dagbag.py","lineno":469}
{"timestamp":"2026-09-05T09:34:52.703854Z","level":"info","event":"Filling up the DagBag from /opt/airflow/dags/aws_project.py","logger":"airflow.dag_processing.dagbag.BundleDagBag","filename":"dagbag.py","lineno":469}
{"timestamp":"2026-09-05T09:35:25.041643Z","level":"info","event":"Filling up the DagBag from /opt/airflow/dags/aws_project.py","logger":"airflow.dag_processing.dagbag.BundleDagBag","filename":"dagbag.py","lineno":469}
{"timestamp":"2026-09-05T09:35:57.211907Z","level":"info","event":"Filling up the DagBag from /opt/airflow/dags/aws_project.py","logger":"airflow.dag_processing.dagbag.BundleDagBag","filename":"dagbag.py","lineno":469}
{"timestamp":"2026-09-05T09:36:29.575533Z","level":"info","event":"Filling up the DagBag from /opt/airflow/dags/aws_project.py","logger":"airflow.dag_processing.dagbag.BundleDagBag","filename":"dagbag.py","lineno":469}
{"timestamp":"2026-09-05T09:37:01.906817Z","level":"info","event":"Filling up the DagBag from /opt/airflow/dags/aws_project.py","logger":"airflow.dag_processing.dagbag.BundleDagBag","filename":"dagbag.py","lineno":469}
{"timestamp":"2026-09-05T09:37:34.395297Z","level":"info","event":"Filling up the DagBag from /opt/airflow/dags/aws_project.py","logger":"airflow.dag_processing.dagbag.BundleDagBag","filename":"dagbag.py","lineno":469}
{"timestamp":"2026-09-05T09:38:06.757752Z","level":"info","event":"Filling up the DagBag from /opt/airflow/dags/aws_project.py","logger":"airflow.dag_processing.dagbag.BundleDagBag","filename":"dagbag.py","lineno":469}
{"timestamp":"2026-09-05T09:38:39.365857Z","level":"info","event":"Filling up the DagBag from /opt/airflow/dags/aws_project.py","logger":"airflow.dag_processing.dagbag.BundleDagBag","filename":"dagbag.py","lineno":469}
{"timestamp":"2026-09-05T11:12:44.509346Z","level":"info","event":"Filling up the DagBag from /opt/airflow/dags/aws_project.py","logger":"airflow.dag_processing.dagbag.BundleDagBag","filename":"dagbag.py","lineno":469}
{"timestamp":"2026-09-05T11:13:41.797705Z","level":"info","event":"Filling up the DagBag from /opt/airflow/dags/aws_project.py","logger":"airflow.dag_processing.dagbag.BundleDagBag","filename":"dagbag.py","lineno":469}
{"timestamp":"2026-09-05T11:13:51.039364Z","level":"error","event":"Failed to import: /opt/airflow/dags/aws_project.py","logger":"airflow.dag_processing.importers.python_importer","filename":"python_importer.py","lineno":244,"error_detail":[{"exc_type":"AccessDenied","exc_value":"An error occurred (AccessDenied) when calling the PutObject operation: Access Denied","exc_notes":[],"syntax_error":null,"is_cause":false,"frames":[{"filename":"/home/airflow/.local/lib/python3.13/site-packages/airflow/dag_processing/importers/python_importer.py","lineno":238,"name":"parse"},{"filename":"<frozen importlib._bootstrap_external>","lineno":1023,"name":"exec_module"},{"filename":"<frozen importlib._bootstrap>","lineno":488,"name":"_call_with_frames_removed"},{"filename":"/opt/airflow/dags/aws_project.py","lineno":9,"name":"<module>"},{"filename":"/opt/airflow/utils/bronze_layer.py","lineno":66,"name":"<module>"},{"filename":"/opt/airflow/utils/bronze_layer.py","lineno":54,"name":"put_data_s3"},{"filename":"/home/airflow/.local/lib/python3.13/site-packages/botocore/client.py","lineno":602,"name":"_api_call"},{"filename":"/home/airflow/.local/lib/python3.13/site-packages/botocore/context.py","lineno":123,"name":"wrapper"},{"filename":"/home/airflow/.local/lib/python3.13/site-packages/botocore/client.py","lineno":1078,"name":"_make_api_call"}],"is_group":false,"exceptions":[]}]}
{"timestamp":"2026-09-05T11:13:51.129852Z","level":"error","event":"Error loading DAG from aws_project.py: An error occurred (AccessDenied) when calling the PutObject operation: Access Denied","logger":"airflow.dag_processing.dagbag.BundleDagBag","filename":"dagbag.py","lineno":327}
{"timestamp":"2026-09-05T11:13:57.700544Z","level":"info","event":"Filling up the DagBag from /opt/airflow/dags/aws_project.py","logger":"airflow.dag_processing.dagbag.BundleDagBag","filename":"dagbag.py","lineno":469}
{"timestamp":"2026-09-05T11:14:04.313524Z","level":"error","event":"Failed to import: /opt/airflow/dags/aws_project.py","logger":"airflow.dag_processing.importers.python_importer","filename":"python_importer.py","lineno":244,"error_detail":[{"exc_type":"AccessDenied","exc_value":"An error occurred (AccessDenied) when calling the PutObject operation: Access Denied","exc_notes":[],"syntax_error":null,"is_cause":false,"frames":[{"filename":"/home/airflow/.local/lib/python3.13/site-packages/airflow/dag_processing/importers/python_importer.py","lineno":238,"name":"parse"},{"filename":"<frozen importlib._bootstrap_external>","lineno":1023,"name":"exec_module"},{"filename":"<frozen importlib._bootstrap>","lineno":488,"name":"_call_with_frames_removed"},{"filename":"/opt/airflow/dags/aws_project.py","lineno":9,"name":"<module>"},{"filename":"/opt/airflow/utils/bronze_layer.py","lineno":66,"name":"<module>"},{"filename":"/opt/airflow/utils/bronze_layer.py","lineno":54,"name":"put_data_s3"},{"filename":"/home/airflow/.local/lib/python3.13/site-packages/botocore/client.py","lineno":602,"name":"_api_call"},{"filename":"/home/airflow/.local/lib/python3.13/site-packages/botocore/context.py","lineno":123,"name":"wrapper"},{"filename":"/home/airflow/.local/lib/python3.13/site-packages/botocore/client.py","lineno":1078,"name":"_make_api_call"}],"is_group":false,"exceptions":[]}]}
{"timestamp":"2026-09-05T11:14:04.321165Z","level":"error","event":"Error loading DAG from aws_project.py: An error occurred (AccessDenied) when calling the PutObject operation: Access Denied","logger":"airflow.dag_processing.dagbag.BundleDagBag","filename":"dagbag.py","lineno":327}
{"timestamp":"2026-09-05T11:14:16.443118Z","level":"info","event":"Filling up the DagBag from /opt/airflow/dags/aws_project.py","logger":"airflow.dag_processing.dagbag.BundleDagBag","filename":"dagbag.py","lineno":469}
{"timestamp":"2026-09-05T11:14:19.036790Z","level":"error","event":"Failed to import: /opt/airflow/dags/aws_project.py","logger":"airflow.dag_processing.importers.python_importer","filename":"python_importer.py","lineno":244,"error_detail":[{"exc_type":"AccessDenied","exc_value":"An error occurred (AccessDenied) when calling the PutObject operation: Access Denied","exc_notes":[],"syntax_error":null,"is_cause":false,"frames":[{"filename":"/home/airflow/.local/lib/python3.13/site-packages/airflow/dag_processing/importers/python_importer.py","lineno":238,"name":"parse"},{"filename":"<frozen importlib._bootstrap_external>","lineno":1023,"name":"exec_module"},{"filename":"<frozen importlib._bootstrap>","lineno":488,"name":"_call_with_frames_removed"},{"filename":"/opt/airflow/dags/aws_project.py","lineno":9,"name":"<module>"},{"filename":"/opt/airflow/utils/bronze_layer.py","lineno":66,"name":"<module>"},{"filename":"/opt/airflow/utils/bronze_layer.py","lineno":54,"name":"put_data_s3"},{"filename":"/home/airflow/.local/lib/python3.13/site-packages/botocore/client.py","lineno":602,"name":"_api_call"},{"filename":"/home/airflow/.local/lib/python3.13/site-packages/botocore/context.py","lineno":123,"name":"wrapper"},{"filename":"/home/airflow/.local/lib/python3.13/site-packages/botocore/client.py","lineno":1078,"name":"_make_api_call"}],"is_group":false,"exceptions":[]}]}
{"timestamp":"2026-09-05T11:14:19.042117Z","level":"error","event":"Error loading DAG from aws_project.py: An error occurred (AccessDenied) when calling the PutObject operation: Access Denied","logger":"airflow.dag_processing.dagbag.BundleDagBag","filename":"dagbag.py","lineno":327}
{"timestamp":"2026-09-05T11:14:49.525651Z","level":"info","event":"Filling up the DagBag from /opt/airflow/dags/aws_project.py","logger":"airflow.dag_processing.dagbag.BundleDagBag","filename":"dagbag.py","lineno":469}
{"timestamp":"2026-09-05T11:14:53.261496Z","level":"error","event":"Failed to import: /opt/airflow/dags/aws_project.py","logger":"airflow.dag_processing.importers.python_importer","filename":"python_importer.py","lineno":244,"error_detail":[{"exc_type":"AccessDenied","exc_value":"An error occurred (AccessDenied) when calling the PutObject operation: Access Denied","exc_notes":[],"syntax_error":null,"is_cause":false,"frames":[{"filename":"/home/airflow/.local/lib/python3.13/site-packages/airflow/dag_processing/importers/python_importer.py","lineno":238,"name":"parse"},{"filename":"<frozen importlib._bootstrap_external>","lineno":1023,"name":"exec_module"},{"filename":"<frozen importlib._bootstrap>","lineno":488,"name":"_call_with_frames_removed"},{"filename":"/opt/airflow/dags/aws_project.py","lineno":9,"name":"<module>"},{"filename":"/opt/airflow/utils/bronze_layer.py","lineno":66,"name":"<module>"},{"filename":"/opt/airflow/utils/bronze_layer.py","lineno":54,"name":"put_data_s3"},{"filename":"/home/airflow/.local/lib/python3.13/site-packages/botocore/client.py","lineno":602,"name":"_api_call"},{"filename":"/home/airflow/.local/lib/python3.13/site-packages/botocore/context.py","lineno":123,"name":"wrapper"},{"filename":"/home/airflow/.local/lib/python3.13/site-packages/botocore/client.py","lineno":1078,"name":"_make_api_call"}],"is_group":false,"exceptions":[]}]}
{"timestamp":"2026-09-05T11:14:53.269422Z","level":"error","event":"Error loading DAG from aws_project.py: An error occurred (AccessDenied) when calling the PutObject operation: Access Denied","logger":"airflow.dag_processing.dagbag.BundleDagBag","filename":"dagbag.py","lineno":327}
{"timestamp":"2026-09-05T11:15:23.770913Z","level":"info","event":"Filling up the DagBag from /opt/airflow/dags/aws_project.py","logger":"airflow.dag_processing.dagbag.BundleDagBag","filename":"dagbag.py","lineno":469}
{"timestamp":"2026-09-05T11:15:27.795123Z","level":"error","event":"Failed to import: /opt/airflow/dags/aws_project.py","logger":"airflow.dag_processing.importers.python_importer","filename":"python_importer.py","lineno":244,"error_detail":[{"exc_type":"AccessDenied","exc_value":"An error occurred (AccessDenied) when calling the PutObject operation: Access Denied","exc_notes":[],"syntax_error":null,"is_cause":false,"frames":[{"filename":"/home/airflow/.local/lib/python3.13/site-packages/airflow/dag_processing/importers/python_importer.py","lineno":238,"name":"parse"},{"filename":"<frozen importlib._bootstrap_external>","lineno":1023,"name":"exec_module"},{"filename":"<frozen importlib._bootstrap>","lineno":488,"name":"_call_with_frames_removed"},{"filename":"/opt/airflow/dags/aws_project.py","lineno":9,"name":"<module>"},{"filename":"/opt/airflow/utils/bronze_layer.py","lineno":66,"name":"<module>"},{"filename":"/opt/airflow/utils/bronze_layer.py","lineno":54,"name":"put_data_s3"},{"filename":"/home/airflow/.local/lib/python3.13/site-packages/botocore/client.py","lineno":602,"name":"_api_call"},{"filename":"/home/airflow/.local/lib/python3.13/site-packages/botocore/context.py","lineno":123,"name":"wrapper"},{"filename":"/home/airflow/.local/lib/python3.13/site-packages/botocore/client.py","lineno":1078,"name":"_make_api_call"}],"is_group":false,"exceptions":[]}]}
{"timestamp":"2026-09-05T11:15:27.811938Z","level":"error","event":"Error loading DAG from aws_project.py: An error occurred (AccessDenied) when calling the PutObject operation: Access Denied","logger":"airflow.dag_processing.dagbag.BundleDagBag","filename":"dagbag.py","lineno":327}
{"timestamp":"2026-09-05T11:15:58.032131Z","level":"info","event":"Filling up the DagBag from /opt/airflow/dags/aws_project.py","logger":"airflow.dag_processing.dagbag.BundleDagBag","filename":"dagbag.py","lineno":469}
{"timestamp":"2026-09-05T11:16:03.818575Z","level":"error","event":"Failed to import: /opt/airflow/dags/aws_project.py","logger":"airflow.dag_processing.importers.python_importer","filename":"python_importer.py","lineno":244,"error_detail":[{"exc_type":"InvalidRegionError","exc_value":"Provided region_name 'Asia Pacific (Sydney)' doesn't match a supported format.","exc_notes":[],"syntax_error":null,"is_cause":false,"frames":[{"filename":"/home/airflow/.local/lib/python3.13/site-packages/airflow/dag_processing/importers/python_importer.py","lineno":238,"name":"parse"},{"filename":"<frozen importlib._bootstrap_external>","lineno":1023,"name":"exec_module"},{"filename":"<frozen importlib._bootstrap>","lineno":488,"name":"_call_with_frames_removed"},{"filename":"/opt/airflow/dags/aws_project.py","lineno":9,"name":"<module>"},{"filename":"/opt/airflow/utils/bronze_layer.py","lineno":66,"name":"<module>"},{"filename":"/opt/airflow/utils/bronze_layer.py","lineno":47,"name":"put_data_s3"},{"filename":"/home/airflow/.local/lib/python3.13/site-packages/boto3/__init__.py","lineno":93,"name":"client"},{"filename":"/home/airflow/.local/lib/python3.13/site-packages/boto3/session.py","lineno":337,"name":"client"},{"filename":"/home/airflow/.local/lib/python3.13/site-packages/botocore/context.py","lineno":123,"name":"wrapper"},{"filename":"/home/airflow/.local/lib/python3.13/site-packages/botocore/session.py","lineno":944,"name":"create_client"},{"filename":"/home/airflow/.local/lib/python3.13/site-packages/botocore/session.py","lineno":1058,"name":"_resolve_region_name"},{"filename":"/home/airflow/.local/lib/python3.13/site-packages/botocore/utils.py","lineno":1341,"name":"validate_region_name"}],"is_group":false,"exceptions":[]}]}
{"timestamp":"2026-09-05T11:16:03.918451Z","level":"error","event":"Error loading DAG from aws_project.py: Provided region_name 'Asia Pacific (Sydney)' doesn't match a supported format.","logger":"airflow.dag_processing.dagbag.BundleDagBag","filename":"dagbag.py","lineno":327}
{"timestamp":"2026-09-05T11:16:34.698075Z","level":"info","event":"Filling up the DagBag from /opt/airflow/dags/aws_project.py","logger":"airflow.dag_processing.dagbag.BundleDagBag","filename":"dagbag.py","lineno":469}
{"timestamp":"2026-09-05T11:16:40.653378Z","level":"error","event":"Failed to import: /opt/airflow/dags/aws_project.py","logger":"airflow.dag_processing.importers.python_importer","filename":"python_importer.py","lineno":244,"error_detail":[{"exc_type":"InvalidRegionError","exc_value":"Provided region_name 'Asia Pacific (Sydney)' doesn't match a supported format.","exc_notes":[],"syntax_error":null,"is_cause":false,"frames":[{"filename":"/home/airflow/.local/lib/python3.13/site-packages/airflow/dag_processing/importers/python_importer.py","lineno":238,"name":"parse"},{"filename":"<frozen importlib._bootstrap_external>","lineno":1023,"name":"exec_module"},{"filename":"<frozen importlib._bootstrap>","lineno":488,"name":"_call_with_frames_removed"},{"filename":"/opt/airflow/dags/aws_project.py","lineno":9,"name":"<module>"},{"filename":"/opt/airflow/utils/bronze_layer.py","lineno":66,"name":"<module>"},{"filename":"/opt/airflow/utils/bronze_layer.py","lineno":47,"name":"put_data_s3"},{"filename":"/home/airflow/.local/lib/python3.13/site-packages/boto3/__init__.py","lineno":93,"name":"client"},{"filename":"/home/airflow/.local/lib/python3.13/site-packages/boto3/session.py","lineno":337,"name":"client"},{"filename":"/home/airflow/.local/lib/python3.13/site-packages/botocore/context.py","lineno":123,"name":"wrapper"},{"filename":"/home/airflow/.local/lib/python3.13/site-packages/botocore/session.py","lineno":944,"name":"create_client"},{"filename":"/home/airflow/.local/lib/python3.13/site-packages/botocore/session.py","lineno":1058,"name":"_resolve_region_name"},{"filename":"/home/airflow/.local/lib/python3.13/site-packages/botocore/utils.py","lineno":1341,"name":"validate_region_name"}],"is_group":false,"exceptions":[]}]}
{"timestamp":"2026-09-05T11:16:40.665278Z","level":"error","event":"Error loading DAG from aws_project.py: Provided region_name 'Asia Pacific (Sydney)' doesn't match a supported format.","logger":"airflow.dag_processing.dagbag.BundleDagBag","filename":"dagbag.py","lineno":327}
{"timestamp":"2026-09-05T11:17:11.177308Z","level":"info","event":"Filling up the DagBag from /opt/airflow/dags/aws_project.py","logger":"airflow.dag_processing.dagbag.BundleDagBag","filename":"dagbag.py","lineno":469}
{"timestamp":"2026-09-05T11:17:17.643151Z","level":"error","event":"Failed to import: /opt/airflow/dags/aws_project.py","logger":"airflow.dag_processing.importers.python_importer","filename":"python_importer.py","lineno":244,"error_detail":[{"exc_type":"InvalidRegionError","exc_value":"Provided region_name 'Asia Pacific (Sydney)' doesn't match a supported format.","exc_notes":[],"syntax_error":null,"is_cause":false,"frames":[{"filename":"/home/airflow/.local/lib/python3.13/site-packages/airflow/dag_processing/importers/python_importer.py","lineno":238,"name":"parse"},{"filename":"<frozen importlib._bootstrap_external>","lineno":1023,"name":"exec_module"},{"filename":"<frozen importlib._bootstrap>","lineno":488,"name":"_call_with_frames_removed"},{"filename":"/opt/airflow/dags/aws_project.py","lineno":9,"name":"<module>"},{"filename":"/opt/airflow/utils/bronze_layer.py","lineno":66,"name":"<module>"},{"filename":"/opt/airflow/utils/bronze_layer.py","lineno":47,"name":"put_data_s3"},{"filename":"/home/airflow/.local/lib/python3.13/site-packages/boto3/__init__.py","lineno":93,"name":"client"},{"filename":"/home/airflow/.local/lib/python3.13/site-packages/boto3/session.py","lineno":337,"name":"client"},{"filename":"/home/airflow/.local/lib/python3.13/site-packages/botocore/context.py","lineno":123,"name":"wrapper"},{"filename":"/home/airflow/.local/lib/python3.13/site-packages/botocore/session.py","lineno":944,"name":"create_client"},{"filename":"/home/airflow/.local/lib/python3.13/site-packages/botocore/session.py","lineno":1058,"name":"_resolve_region_name"},{"filename":"/home/airflow/.local/lib/python3.13/site-packages/botocore/utils.py","lineno":1341,"name":"validate_region_name"}],"is_group":false,"exceptions":[]}]}
{"timestamp":"2026-09-05T11:17:17.652105Z","level":"error","event":"Error loading DAG from aws_project.py: Provided region_name 'Asia Pacific (Sydney)' doesn't match a supported format.","logger":"airflow.dag_processing.dagbag.BundleDagBag","filename":"dagbag.py","lineno":327}
{"timestamp":"2026-09-05T11:17:48.078235Z","level":"info","event":"Filling up the DagBag from /opt/airflow/dags/aws_project.py","logger":"airflow.dag_processing.dagbag.BundleDagBag","filename":"dagbag.py","lineno":469}
{"timestamp":"2026-09-05T11:17:54.051679Z","level":"error","event":"Failed to import: /opt/airflow/dags/aws_project.py","logger":"airflow.dag_processing.importers.python_importer","filename":"python_importer.py","lineno":244,"error_detail":[{"exc_type":"InvalidRegionError","exc_value":"Provided region_name 'Asia Pacific (Sydney)' doesn't match a supported format.","exc_notes":[],"syntax_error":null,"is_cause":false,"frames":[{"filename":"/home/airflow/.local/lib/python3.13/site-packages/airflow/dag_processing/importers/python_importer.py","lineno":238,"name":"parse"},{"filename":"<frozen importlib._bootstrap_external>","lineno":1023,"name":"exec_module"},{"filename":"<frozen importlib._bootstrap>","lineno":488,"name":"_call_with_frames_removed"},{"filename":"/opt/airflow/dags/aws_project.py","lineno":9,"name":"<module>"},{"filename":"/opt/airflow/utils/bronze_layer.py","lineno":66,"name":"<module>"},{"filename":"/opt/airflow/utils/bronze_layer.py","lineno":47,"name":"put_data_s3"},{"filename":"/home/airflow/.local/lib/python3.13/site-packages/boto3/__init__.py","lineno":93,"name":"client"},{"filename":"/home/airflow/.local/lib/python3.13/site-packages/boto3/session.py","lineno":337,"name":"client"},{"filename":"/home/airflow/.local/lib/python3.13/site-packages/botocore/context.py","lineno":123,"name":"wrapper"},{"filename":"/home/airflow/.local/lib/python3.13/site-packages/botocore/session.py","lineno":944,"name":"create_client"},{"filename":"/home/airflow/.local/lib/python3.13/site-packages/botocore/session.py","lineno":1058,"name":"_resolve_region_name"},{"filename":"/home/airflow/.local/lib/python3.13/site-packages/botocore/utils.py","lineno":1341,"name":"validate_region_name"}],"is_group":false,"exceptions":[]}]}
{"timestamp":"2026-09-05T11:17:54.071239Z","level":"error","event":"Error loading DAG from aws_project.py: Provided region_name 'Asia Pacific (Sydney)' doesn't match a supported format.","logger":"airflow.dag_processing.dagbag.BundleDagBag","filename":"dagbag.py","lineno":327}
{"timestamp":"2026-09-05T11:18:24.749544Z","level":"info","event":"Filling up the DagBag from /opt/airflow/dags/aws_project.py","logger":"airflow.dag_processing.dagbag.BundleDagBag","filename":"dagbag.py","lineno":469}
{"timestamp":"2026-09-05T11:21:10.673297Z","level":"info","event":"Filling up the DagBag from /opt/airflow/dags/aws_project.py","logger":"airflow.dag_processing.dagbag.BundleDagBag","filename":"dagbag.py","lineno":469}
{"timestamp":"2026-09-05T11:21:39.991947Z","level":"error","event":"Failed to import: /opt/airflow/dags/aws_project.py","logger":"airflow.dag_processing.importers.python_importer","filename":"python_importer.py","lineno":244,"error_detail":[{"exc_type":"InvalidRegionError","exc_value":"Provided region_name 'Asia Pacific (Sydney)' doesn't match a supported format.","exc_notes":[],"syntax_error":null,"is_cause":false,"frames":[{"filename":"/home/airflow/.local/lib/python3.13/site-packages/airflow/dag_processing/importers/python_importer.py","lineno":238,"name":"parse"},{"filename":"<frozen importlib._bootstrap_external>","lineno":1023,"name":"exec_module"},{"filename":"<frozen importlib._bootstrap>","lineno":488,"name":"_call_with_frames_removed"},{"filename":"/opt/airflow/dags/aws_project.py","lineno":9,"name":"<module>"},{"filename":"/opt/airflow/utils/bronze_layer.py","lineno":66,"name":"<module>"},{"filename":"/opt/airflow/utils/bronze_layer.py","lineno":47,"name":"put_data_s3"},{"filename":"/home/airflow/.local/lib/python3.13/site-packages/boto3/__init__.py","lineno":93,"name":"client"},{"filename":"/home/airflow/.local/lib/python3.13/site-packages/boto3/session.py","lineno":337,"name":"client"},{"filename":"/home/airflow/.local/lib/python3.13/site-packages/botocore/context.py","lineno":123,"name":"wrapper"},{"filename":"/home/airflow/.local/lib/python3.13/site-packages/botocore/session.py","lineno":944,"name":"create_client"},{"filename":"/home/airflow/.local/lib/python3.13/site-packages/botocore/session.py","lineno":1058,"name":"_resolve_region_name"},{"filename":"/home/airflow/.local/lib/python3.13/site-packages/botocore/utils.py","lineno":1341,"name":"validate_region_name"}],"is_group":false,"exceptions":[]}]}
{"timestamp":"2026-09-05T11:21:39.997273Z","level":"error","event":"Error loading DAG from aws_project.py: Provided region_name 'Asia Pacific (Sydney)' doesn't match a supported format.","logger":"airflow.dag_processing.dagbag.BundleDagBag","filename":"dagbag.py","lineno":327}
{"timestamp":"2026-09-05T11:22:10.437114Z","level":"info","event":"Filling up the DagBag from /opt/airflow/dags/aws_project.py","logger":"airflow.dag_processing.dagbag.BundleDagBag","filename":"dagbag.py","lineno":469}
{"timestamp":"2026-09-05T11:22:17.151602Z","level":"error","event":"Failed to import: /opt/airflow/dags/aws_project.py","logger":"airflow.dag_processing.importers.python_importer","filename":"python_importer.py","lineno":244,"error_detail":[{"exc_type":"InvalidRegionError","exc_value":"Provided region_name 'Asia Pacific (Sydney)' doesn't match a supported format.","exc_notes":[],"syntax_error":null,"is_cause":false,"frames":[{"filename":"/home/airflow/.local/lib/python3.13/site-packages/airflow/dag_processing/importers/python_importer.py","lineno":238,"name":"parse"},{"filename":"<frozen importlib._bootstrap_external>","lineno":1023,"name":"exec_module"},{"filename":"<frozen importlib._bootstrap>","lineno":488,"name":"_call_with_frames_removed"},{"filename":"/opt/airflow/dags/aws_project.py","lineno":9,"name":"<module>"},{"filename":"/opt/airflow/utils/bronze_layer.py","lineno":66,"name":"<module>"},{"filename":"/opt/airflow/utils/bronze_layer.py","lineno":47,"name":"put_data_s3"},{"filename":"/home/airflow/.local/lib/python3.13/site-packages/boto3/__init__.py","lineno":93,"name":"client"},{"filename":"/home/airflow/.local/lib/python3.13/site-packages/boto3/session.py","lineno":337,"name":"client"},{"filename":"/home/airflow/.local/lib/python3.13/site-packages/botocore/context.py","lineno":123,"name":"wrapper"},{"filename":"/home/airflow/.local/lib/python3.13/site-packages/botocore/session.py","lineno":944,"name":"create_client"},{"filename":"/home/airflow/.local/lib/python3.13/site-packages/botocore/session.py","lineno":1058,"name":"_resolve_region_name"},{"filename":"/home/airflow/.local/lib/python3.13/site-packages/botocore/utils.py","lineno":1341,"name":"validate_region_name"}],"is_group":false,"exceptions":[]}]}
{"timestamp":"2026-09-05T11:22:17.179126Z","level":"error","event":"Error loading DAG from aws_project.py: Provided region_name 'Asia Pacific (Sydney)' doesn't match a supported format.","logger":"airflow.dag_processing.dagbag.BundleDagBag","filename":"dagbag.py","lineno":327}
{"timestamp":"2026-09-05T11:22:47.528278Z","level":"info","event":"Filling up the DagBag from /opt/airflow/dags/aws_project.py","logger":"airflow.dag_processing.dagbag.BundleDagBag","filename":"dagbag.py","lineno":469}
{"timestamp":"2026-09-05T11:22:51.901405Z","level":"error","event":"Failed to import: /opt/airflow/dags/aws_project.py","logger":"airflow.dag_processing.importers.python_importer","filename":"python_importer.py","lineno":244,"error_detail":[{"exc_type":"InvalidRegionError","exc_value":"Provided region_name 'Asia Pacific' doesn't match a supported format.","exc_notes":[],"syntax_error":null,"is_cause":false,"frames":[{"filename":"/home/airflow/.local/lib/python3.13/site-packages/airflow/dag_processing/importers/python_importer.py","lineno":238,"name":"parse"},{"filename":"<frozen importlib._bootstrap_external>","lineno":1023,"name":"exec_module"},{"filename":"<frozen importlib._bootstrap>","lineno":488,"name":"_call_with_frames_removed"},{"filename":"/opt/airflow/dags/aws_project.py","lineno":9,"name":"<module>"},{"filename":"/opt/airflow/utils/bronze_layer.py","lineno":66,"name":"<module>"},{"filename":"/opt/airflow/utils/bronze_layer.py","lineno":47,"name":"put_data_s3"},{"filename":"/home/airflow/.local/lib/python3.13/site-packages/boto3/__init__.py","lineno":93,"name":"client"},{"filename":"/home/airflow/.local/lib/python3.13/site-packages/boto3/session.py","lineno":337,"name":"client"},{"filename":"/home/airflow/.local/lib/python3.13/site-packages/botocore/context.py","lineno":123,"name":"wrapper"},{"filename":"/home/airflow/.local/lib/python3.13/site-packages/botocore/session.py","lineno":944,"name":"create_client"},{"filename":"/home/airflow/.local/lib/python3.13/site-packages/botocore/session.py","lineno":1058,"name":"_resolve_region_name"},{"filename":"/home/airflow/.local/lib/python3.13/site-packages/botocore/utils.py","lineno":1341,"name":"validate_region_name"}],"is_group":false,"exceptions":[]}]}
{"timestamp":"2026-09-05T11:22:51.915445Z","level":"error","event":"Error loading DAG from aws_project.py: Provided region_name 'Asia Pacific' doesn't match a supported format.","logger":"airflow.dag_processing.dagbag.BundleDagBag","filename":"dagbag.py","lineno":327}
{"timestamp":"2026-09-05T11:23:22.308524Z","level":"info","event":"Filling up the DagBag from /opt/airflow/dags/aws_project.py","logger":"airflow.dag_processing.dagbag.BundleDagBag","filename":"dagbag.py","lineno":469}
{"timestamp":"2026-09-05T11:23:26.264280Z","level":"error","event":"Failed to import: /opt/airflow/dags/aws_project.py","logger":"airflow.dag_processing.importers.python_importer","filename":"python_importer.py","lineno":244,"error_detail":[{"exc_type":"InvalidRegionError","exc_value":"Provided region_name 'Asia Pacific' doesn't match a supported format.","exc_notes":[],"syntax_error":null,"is_cause":false,"frames":[{"filename":"/home/airflow/.local/lib/python3.13/site-packages/airflow/dag_processing/importers/python_importer.py","lineno":238,"name":"parse"},{"filename":"<frozen importlib._bootstrap_external>","lineno":1023,"name":"exec_module"},{"filename":"<frozen importlib._bootstrap>","lineno":488,"name":"_call_with_frames_removed"},{"filename":"/opt/airflow/dags/aws_project.py","lineno":9,"name":"<module>"},{"filename":"/opt/airflow/utils/bronze_layer.py","lineno":66,"name":"<module>"},{"filename":"/opt/airflow/utils/bronze_layer.py","lineno":47,"name":"put_data_s3"},{"filename":"/home/airflow/.local/lib/python3.13/site-packages/boto3/__init__.py","lineno":93,"name":"client"},{"filename":"/home/airflow/.local/lib/python3.13/site-packages/boto3/session.py","lineno":337,"name":"client"},{"filename":"/home/airflow/.local/lib/python3.13/site-packages/botocore/context.py","lineno":123,"name":"wrapper"},{"filename":"/home/airflow/.local/lib/python3.13/site-packages/botocore/session.py","lineno":944,"name":"create_client"},{"filename":"/home/airflow/.local/lib/python3.13/site-packages/botocore/session.py","lineno":1058,"name":"_resolve_region_name"},{"filename":"/home/airflow/.local/lib/python3.13/site-packages/botocore/utils.py","lineno":1341,"name":"validate_region_name"}],"is_group":false,"exceptions":[]}]}
{"timestamp":"2026-09-05T11:23:26.272352Z","level":"error","event":"Error loading DAG from aws_project.py: Provided region_name 'Asia Pacific' doesn't match a supported format.","logger":"airflow.dag_processing.dagbag.BundleDagBag","filename":"dagbag.py","lineno":327}
{"timestamp":"2026-09-05T11:23:56.644084Z","level":"info","event":"Filling up the DagBag from /opt/airflow/dags/aws_project.py","logger":"airflow.dag_processing.dagbag.BundleDagBag","filename":"dagbag.py","lineno":469}
{"timestamp":"2026-09-05T11:24:04.615792Z","level":"error","event":"Failed to import: /opt/airflow/dags/aws_project.py","logger":"airflow.dag_processing.importers.python_importer","filename":"python_importer.py","lineno":244,"error_detail":[{"exc_type":"InvalidRegionError","exc_value":"Provided region_name 'Asia Pacific' doesn't match a supported format.","exc_notes":[],"syntax_error":null,"is_cause":false,"frames":[{"filename":"/home/airflow/.local/lib/python3.13/site-packages/airflow/dag_processing/importers/python_importer.py","lineno":238,"name":"parse"},{"filename":"<frozen importlib._bootstrap_external>","lineno":1023,"name":"exec_module"},{"filename":"<frozen importlib._bootstrap>","lineno":488,"name":"_call_with_frames_removed"},{"filename":"/opt/airflow/dags/aws_project.py","lineno":9,"name":"<module>"},{"filename":"/opt/airflow/utils/bronze_layer.py","lineno":66,"name":"<module>"},{"filename":"/opt/airflow/utils/bronze_layer.py","lineno":47,"name":"put_data_s3"},{"filename":"/home/airflow/.local/lib/python3.13/site-packages/boto3/__init__.py","lineno":93,"name":"client"},{"filename":"/home/airflow/.local/lib/python3.13/site-packages/boto3/session.py","lineno":337,"name":"client"},{"filename":"/home/airflow/.local/lib/python3.13/site-packages/botocore/context.py","lineno":123,"name":"wrapper"},{"filename":"/home/airflow/.local/lib/python3.13/site-packages/botocore/session.py","lineno":944,"name":"create_client"},{"filename":"/home/airflow/.local/lib/python3.13/site-packages/botocore/session.py","lineno":1058,"name":"_resolve_region_name"},{"filename":"/home/airflow/.local/lib/python3.13/site-packages/botocore/utils.py","lineno":1341,"name":"validate_region_name"}],"is_group":false,"exceptions":[]}]}
{"timestamp":"2026-09-05T11:24:04.631256Z","level":"error","event":"Error loading DAG from aws_project.py: Provided region_name 'Asia Pacific' doesn't match a supported format.","logger":"airflow.dag_processing.dagbag.BundleDagBag","filename":"dagbag.py","lineno":327}
{"timestamp":"2026-09-05T11:24:35.062077Z","level":"info","event":"Filling up the DagBag from /opt/airflow/dags/aws_project.py","logger":"airflow.dag_processing.dagbag.BundleDagBag","filename":"dagbag.py","lineno":469}
{"timestamp":"2026-09-05T11:24:44.555486Z","level":"error","event":"Failed to import: /opt/airflow/dags/aws_project.py","logger":"airflow.dag_processing.importers.python_importer","filename":"python_importer.py","lineno":244,"error_detail":[{"exc_type":"InvalidRegionError","exc_value":"Provided region_name 'Asia Pacific' doesn't match a supported format.","exc_notes":[],"syntax_error":null,"is_cause":false,"frames":[{"filename":"/home/airflow/.local/lib/python3.13/site-packages/airflow/dag_processing/importers/python_importer.py","lineno":238,"name":"parse"},{"filename":"<frozen importlib._bootstrap_external>","lineno":1023,"name":"exec_module"},{"filename":"<frozen importlib._bootstrap>","lineno":488,"name":"_call_with_frames_removed"},{"filename":"/opt/airflow/dags/aws_project.py","lineno":9,"name":"<module>"},{"filename":"/opt/airflow/utils/bronze_layer.py","lineno":66,"name":"<module>"},{"filename":"/opt/airflow/utils/bronze_layer.py","lineno":47,"name":"put_data_s3"},{"filename":"/home/airflow/.local/lib/python3.13/site-packages/boto3/__init__.py","lineno":93,"name":"client"},{"filename":"/home/airflow/.local/lib/python3.13/site-packages/boto3/session.py","lineno":337,"name":"client"},{"filename":"/home/airflow/.local/lib/python3.13/site-packages/botocore/context.py","lineno":123,"name":"wrapper"},{"filename":"/home/airflow/.local/lib/python3.13/site-packages/botocore/session.py","lineno":944,"name":"create_client"},{"filename":"/home/airflow/.local/lib/python3.13/site-packages/botocore/session.py","lineno":1058,"name":"_resolve_region_name"},{"filename":"/home/airflow/.local/lib/python3.13/site-packages/botocore/utils.py","lineno":1341,"name":"validate_region_name"}],"is_group":false,"exceptions":[]}]}
{"timestamp":"2026-09-05T11:24:44.576715Z","level":"error","event":"Error loading DAG from aws_project.py: Provided region_name 'Asia Pacific' doesn't match a supported format.","logger":"airflow.dag_processing.dagbag.BundleDagBag","filename":"dagbag.py","lineno":327}
{"timestamp":"2026-09-05T11:25:15.047416Z","level":"info","event":"Filling up the DagBag from /opt/airflow/dags/aws_project.py","logger":"airflow.dag_processing.dagbag.BundleDagBag","filename":"dagbag.py","lineno":469}
{"timestamp":"2026-09-05T11:26:04.637711Z","level":"info","event":"Filling up the DagBag from /opt/airflow/dags/aws_project.py","logger":"airflow.dag_processing.dagbag.BundleDagBag","filename":"dagbag.py","lineno":469}
{"timestamp":"2026-09-05T11:26:46.851947Z","level":"info","event":"Filling up the DagBag from /opt/airflow/dags/aws_project.py","logger":"airflow.dag_processing.dagbag.BundleDagBag","filename":"dagbag.py","lineno":469}
{"timestamp":"2026-09-05T11:27:24.398112Z","level":"info","event":"Filling up the DagBag from /opt/airflow/dags/aws_project.py","logger":"airflow.dag_processing.dagbag.BundleDagBag","filename":"dagbag.py","lineno":469}
{"timestamp":"2026-09-05T11:28:02.518311Z","level":"info","event":"Filling up the DagBag from /opt/airflow/dags/aws_project.py","logger":"airflow.dag_processing.dagbag.BundleDagBag","filename":"dagbag.py","lineno":469}
{"timestamp":"2026-09-05T11:28:42.091117Z","level":"info","event":"Filling up the DagBag from /opt/airflow/dags/aws_project.py","logger":"airflow.dag_processing.dagbag.BundleDagBag","filename":"dagbag.py","lineno":469}
{"timestamp":"2026-09-05T11:29:20.594222Z","level":"info","event":"Filling up the DagBag from /opt/airflow/dags/aws_project.py","logger":"airflow.dag_processing.dagbag.BundleDagBag","filename":"dagbag.py","lineno":469}
{"timestamp":"2026-09-05T11:29:58.181790Z","level":"info","event":"Filling up the DagBag from /opt/airflow/dags/aws_project.py","logger":"airflow.dag_processing.dagbag.BundleDagBag","filename":"dagbag.py","lineno":469}
{"timestamp":"2026-09-05T11:30:35.679354Z","level":"info","event":"Filling up the DagBag from /opt/airflow/dags/aws_project.py","logger":"airflow.dag_processing.dagbag.BundleDagBag","filename":"dagbag.py","lineno":469}
{"timestamp":"2026-09-05T11:31:18.097756Z","level":"info","event":"Filling up the DagBag from /opt/airflow/dags/aws_project.py","logger":"airflow.dag_processing.dagbag.BundleDagBag","filename":"dagbag.py","lineno":469}
{"timestamp":"2026-09-05T11:31:56.436110Z","level":"info","event":"Filling up the DagBag from /opt/airflow/dags/aws_project.py","logger":"airflow.dag_processing.dagbag.BundleDagBag","filename":"dagbag.py","lineno":469}
{"timestamp":"2026-09-05T11:32:38.399792Z","level":"info","event":"Filling up the DagBag from /opt/airflow/dags/aws_project.py","logger":"airflow.dag_processing.dagbag.BundleDagBag","filename":"dagbag.py","lineno":469}
{"timestamp":"2026-09-05T11:33:17.748228Z","level":"info","event":"Filling up the DagBag from /opt/airflow/dags/aws_project.py","logger":"airflow.dag_processing.dagbag.BundleDagBag","filename":"dagbag.py","lineno":469}
{"timestamp":"2026-09-05T11:33:57.415037Z","level":"info","event":"Filling up the DagBag from /opt/airflow/dags/aws_project.py","logger":"airflow.dag_processing.dagbag.BundleDagBag","filename":"dagbag.py","lineno":469}
{"timestamp":"2026-09-05T11:34:38.420540Z","level":"info","event":"Filling up the DagBag from /opt/airflow/dags/aws_project.py","logger":"airflow.dag_processing.dagbag.BundleDagBag","filename":"dagbag.py","lineno":469}
{"timestamp":"2026-09-05T11:35:17.759809Z","level":"info","event":"Filling up the DagBag from /opt/airflow/dags/aws_project.py","logger":"airflow.dag_processing.dagbag.BundleDagBag","filename":"dagbag.py","lineno":469}
{"timestamp":"2026-09-05T11:36:02.434906Z","level":"info","event":"Filling up the DagBag from /opt/airflow/dags/aws_project.py","logger":"airflow.dag_processing.dagbag.BundleDagBag","filename":"dagbag.py","lineno":469}
{"timestamp":"2026-09-05T11:36:42.074761Z","level":"info","event":"Filling up the DagBag from /opt/airflow/dags/aws_project.py","logger":"airflow.dag_processing.dagbag.BundleDagBag","filename":"dagbag.py","lineno":469}
{"timestamp":"2026-09-05T11:37:21.658803Z","level":"info","event":"Filling up the DagBag from /opt/airflow/dags/aws_project.py","logger":"airflow.dag_processing.dagbag.BundleDagBag","filename":"dagbag.py","lineno":469}
{"timestamp":"2026-09-05T11:38:00.310519Z","level":"info","event":"Filling up the DagBag from /opt/airflow/dags/aws_project.py","logger":"airflow.dag_processing.dagbag.BundleDagBag","filename":"dagbag.py","lineno":469}
{"timestamp":"2026-09-05T11:38:38.055237Z","level":"info","event":"Filling up the DagBag from /opt/airflow/dags/aws_project.py","logger":"airflow.dag_processing.dagbag.BundleDagBag","filename":"dagbag.py","lineno":469}
{"timestamp":"2026-09-05T11:39:16.851303Z","level":"info","event":"Filling up the DagBag from /opt/airflow/dags/aws_project.py","logger":"airflow.dag_processing.dagbag.BundleDagBag","filename":"dagbag.py","lineno":469}
{"timestamp":"2026-09-05T11:39:56.819604Z","level":"info","event":"Filling up the DagBag from /opt/airflow/dags/aws_project.py","logger":"airflow.dag_processing.dagbag.BundleDagBag","filename":"dagbag.py","lineno":469}
{"timestamp":"2026-09-05T11:40:34.963992Z","level":"info","event":"Filling up the DagBag from /opt/airflow/dags/aws_project.py","logger":"airflow.dag_processing.dagbag.BundleDagBag","filename":"dagbag.py","lineno":469}
{"timestamp":"2026-09-05T11:41:14.967734Z","level":"info","event":"Filling up the DagBag from /opt/airflow/dags/aws_project.py","logger":"airflow.dag_processing.dagbag.BundleDagBag","filename":"dagbag.py","lineno":469}
{"timestamp":"2026-09-05T11:41:52.113009Z","level":"info","event":"Filling up the DagBag from /opt/airflow/dags/aws_project.py","logger":"airflow.dag_processing.dagbag.BundleDagBag","filename":"dagbag.py","lineno":469}
{"timestamp":"2026-09-05T11:42:33.946333Z","level":"info","event":"Filling up the DagBag from /opt/airflow/dags/aws_project.py","logger":"airflow.dag_processing.dagbag.BundleDagBag","filename":"dagbag.py","lineno":469}
{"timestamp":"2026-09-05T11:43:14.081051Z","level":"info","event":"Filling up the DagBag from /opt/airflow/dags/aws_project.py","logger":"airflow.dag_processing.dagbag.BundleDagBag","filename":"dagbag.py","lineno":469}
{"timestamp":"2026-09-05T11:43:52.836289Z","level":"info","event":"Filling up the DagBag from /opt/airflow/dags/aws_project.py","logger":"airflow.dag_processing.dagbag.BundleDagBag","filename":"dagbag.py","lineno":469}
{"timestamp":"2026-09-05T11:44:32.727757Z","level":"info","event":"Filling up the DagBag from /opt/airflow/dags/aws_project.py","logger":"airflow.dag_processing.dagbag.BundleDagBag","filename":"dagbag.py","lineno":469}
{"timestamp":"2026-09-05T11:45:11.688926Z","level":"info","event":"Filling up the DagBag from /opt/airflow/dags/aws_project.py","logger":"airflow.dag_processing.dagbag.BundleDagBag","filename":"dagbag.py","lineno":469}
{"timestamp":"2026-09-05T11:45:52.743982Z","level":"info","event":"Filling up the DagBag from /opt/airflow/dags/aws_project.py","logger":"airflow.dag_processing.dagbag.BundleDagBag","filename":"dagbag.py","lineno":469}
{"timestamp":"2026-09-05T11:46:30.492623Z","level":"info","event":"Filling up the DagBag from /opt/airflow/dags/aws_project.py","logger":"airflow.dag_processing.dagbag.BundleDagBag","filename":"dagbag.py","lineno":469}
{"timestamp":"2026-09-05T11:47:09.621490Z","level":"info","event":"Filling up the DagBag from /opt/airflow/dags/aws_project.py","logger":"airflow.dag_processing.dagbag.BundleDagBag","filename":"dagbag.py","lineno":469}
{"timestamp":"2026-09-05T15:53:22.672739Z","level":"info","event":"Filling up the DagBag from /opt/airflow/dags/aws_project.py","logger":"airflow.dag_processing.dagbag.BundleDagBag","filename":"dagbag.py","lineno":469}
{"timestamp":"2026-09-05T15:54:18.004082Z","level":"info","event":"Filling up the DagBag from /opt/airflow/dags/aws_project.py","logger":"airflow.dag_processing.dagbag.BundleDagBag","filename":"dagbag.py","lineno":469}
{"timestamp":"2026-09-05T15:54:51.687666Z","level":"info","event":"Filling up the DagBag from /opt/airflow/dags/aws_project.py","logger":"airflow.dag_processing.dagbag.BundleDagBag","filename":"dagbag.py","lineno":469}
{"timestamp":"2026-09-05T15:55:27.519853Z","level":"info","event":"Filling up the DagBag from /opt/airflow/dags/aws_project.py","logger":"airflow.dag_processing.dagbag.BundleDagBag","filename":"dagbag.py","lineno":469}
{"timestamp":"2026-09-05T15:56:03.172408Z","level":"info","event":"Filling up the DagBag from /opt/airflow/dags/aws_project.py","logger":"airflow.dag_processing.dagbag.BundleDagBag","filename":"dagbag.py","lineno":469}
{"timestamp":"2026-09-05T15:56:39.497376Z","level":"info","event":"Filling up the DagBag from /opt/airflow/dags/aws_project.py","logger":"airflow.dag_processing.dagbag.BundleDagBag","filename":"dagbag.py","lineno":469}
{"timestamp":"2026-09-05T15:57:14.749389Z","level":"info","event":"Filling up the DagBag from /opt/airflow/dags/aws_project.py","logger":"airflow.dag_processing.dagbag.BundleDagBag","filename":"dagbag.py","lineno":469}
{"timestamp":"2026-09-05T15:57:47.152740Z","level":"info","event":"Filling up the DagBag from /opt/airflow/dags/aws_project.py","logger":"airflow.dag_processing.dagbag.BundleDagBag","filename":"dagbag.py","lineno":469}
{"timestamp":"2026-09-05T15:58:20.047904Z","level":"info","event":"Filling up the DagBag from /opt/airflow/dags/aws_project.py","logger":"airflow.dag_processing.dagbag.BundleDagBag","filename":"dagbag.py","lineno":469}
{"timestamp":"2026-09-05T15:58:52.645622Z","level":"info","event":"Filling up the DagBag from /opt/airflow/dags/aws_project.py","logger":"airflow.dag_processing.dagbag.BundleDagBag","filename":"dagbag.py","lineno":469}
{"timestamp":"2026-09-05T15:59:25.712728Z","level":"info","event":"Filling up the DagBag from /opt/airflow/dags/aws_project.py","logger":"airflow.dag_processing.dagbag.BundleDagBag","filename":"dagbag.py","lineno":469}
{"timestamp":"2026-09-05T15:59:58.555255Z","level":"info","event":"Filling up the DagBag from /opt/airflow/dags/aws_project.py","logger":"airflow.dag_processing.dagbag.BundleDagBag","filename":"dagbag.py","lineno":469}
{"timestamp":"2026-09-05T16:00:31.080401Z","level":"info","event":"Filling up the DagBag from /opt/airflow/dags/aws_project.py","logger":"airflow.dag_processing.dagbag.BundleDagBag","filename":"dagbag.py","lineno":469}
{"timestamp":"2026-09-05T16:01:03.897776Z","level":"info","event":"Filling up the DagBag from /opt/airflow/dags/aws_project.py","logger":"airflow.dag_processing.dagbag.BundleDagBag","filename":"dagbag.py","lineno":469}
{"timestamp":"2026-09-05T16:01:36.297845Z","level":"info","event":"Filling up the DagBag from /opt/airflow/dags/aws_project.py","logger":"airflow.dag_processing.dagbag.BundleDagBag","filename":"dagbag.py","lineno":469}
{"timestamp":"2026-09-05T16:02:08.851521Z","level":"info","event":"Filling up the DagBag from /opt/airflow/dags/aws_project.py","logger":"airflow.dag_processing.dagbag.BundleDagBag","filename":"dagbag.py","lineno":469}
{"timestamp":"2026-09-05T16:02:41.621352Z","level":"info","event":"Filling up the DagBag from /opt/airflow/dags/aws_project.py","logger":"airflow.dag_processing.dagbag.BundleDagBag","filename":"dagbag.py","lineno":469}
{"timestamp":"2026-09-05T16:03:15.090585Z","level":"info","event":"Filling up the DagBag from /opt/airflow/dags/aws_project.py","logger":"airflow.dag_processing.dagbag.BundleDagBag","filename":"dagbag.py","lineno":469}
{"timestamp":"2026-09-05T16:03:49.315066Z","level":"info","event":"Filling up the DagBag from /opt/airflow/dags/aws_project.py","logger":"airflow.dag_processing.dagbag.BundleDagBag","filename":"dagbag.py","lineno":469}
{"timestamp":"2026-09-05T16:04:24.119736Z","level":"info","event":"Filling up the DagBag from /opt/airflow/dags/aws_project.py","logger":"airflow.dag_processing.dagbag.BundleDagBag","filename":"dagbag.py","lineno":469}
{"timestamp":"2026-09-05T16:04:58.791821Z","level":"info","event":"Filling up the DagBag from /opt/airflow/dags/aws_project.py","logger":"airflow.dag_processing.dagbag.BundleDagBag","filename":"dagbag.py","lineno":469}
{"timestamp":"2026-09-05T16:05:32.505716Z","level":"info","event":"Filling up the DagBag from /opt/airflow/dags/aws_project.py","logger":"airflow.dag_processing.dagbag.BundleDagBag","filename":"dagbag.py","lineno":469}
{"timestamp":"2026-09-05T16:06:05.747891Z","level":"info","event":"Filling up the DagBag from /opt/airflow/dags/aws_project.py","logger":"airflow.dag_processing.dagbag.BundleDagBag","filename":"dagbag.py","lineno":469}
{"timestamp":"2026-09-05T16:06:38.928028Z","level":"info","event":"Filling up the DagBag from /opt/airflow/dags/aws_project.py","logger":"airflow.dag_processing.dagbag.BundleDagBag","filename":"dagbag.py","lineno":469}
{"timestamp":"2026-09-05T16:07:12.248018Z","level":"info","event":"Filling up the DagBag from /opt/airflow/dags/aws_project.py","logger":"airflow.dag_processing.dagbag.BundleDagBag","filename":"dagbag.py","lineno":469}
{"timestamp":"2026-09-05T16:07:45.186528Z","level":"info","event":"Filling up the DagBag from /opt/airflow/dags/aws_project.py","logger":"airflow.dag_processing.dagbag.BundleDagBag","filename":"dagbag.py","lineno":469}
{"timestamp":"2026-09-05T16:08:18.531799Z","level":"info","event":"Filling up the DagBag from /opt/airflow/dags/aws_project.py","logger":"airflow.dag_processing.dagbag.BundleDagBag","filename":"dagbag.py","lineno":469}
{"timestamp":"2026-09-05T16:08:51.631773Z","level":"info","event":"Filling up the DagBag from /opt/airflow/dags/aws_project.py","logger":"airflow.dag_processing.dagbag.BundleDagBag","filename":"dagbag.py","lineno":469}
{"timestamp":"2026-09-05T16:09:25.065781Z","level":"info","event":"Filling up the DagBag from /opt/airflow/dags/aws_project.py","logger":"airflow.dag_processing.dagbag.BundleDagBag","filename":"dagbag.py","lineno":469}
{"timestamp":"2026-09-05T16:09:58.344881Z","level":"info","event":"Filling up the DagBag from /opt/airflow/dags/aws_project.py","logger":"airflow.dag_processing.dagbag.BundleDagBag","filename":"dagbag.py","lineno":469}
{"timestamp":"2026-09-05T16:10:31.805755Z","level":"info","event":"Filling up the DagBag from /opt/airflow/dags/aws_project.py","logger":"airflow.dag_processing.dagbag.BundleDagBag","filename":"dagbag.py","lineno":469}
{"timestamp":"2026-09-05T16:11:05.954833Z","level":"info","event":"Filling up the DagBag from /opt/airflow/dags/aws_project.py","logger":"airflow.dag_processing.dagbag.BundleDagBag","filename":"dagbag.py","lineno":469}
{"timestamp":"2026-09-05T16:11:39.381590Z","level":"info","event":"Filling up the DagBag from /opt/airflow/dags/aws_project.py","logger":"airflow.dag_processing.dagbag.BundleDagBag","filename":"dagbag.py","lineno":469}
{"timestamp":"2026-09-05T16:12:12.855705Z","level":"info","event":"Filling up the DagBag from /opt/airflow/dags/aws_project.py","logger":"airflow.dag_processing.dagbag.BundleDagBag","filename":"dagbag.py","lineno":469}
{"timestamp":"2026-09-05T16:12:45.728317Z","level":"info","event":"Filling up the DagBag from /opt/airflow/dags/aws_project.py","logger":"airflow.dag_processing.dagbag.BundleDagBag","filename":"dagbag.py","lineno":469}
{"timestamp":"2026-09-05T16:13:18.454109Z","level":"info","event":"Filling up the DagBag from /opt/airflow/dags/aws_project.py","logger":"airflow.dag_processing.dagbag.BundleDagBag","filename":"dagbag.py","lineno":469}
{"timestamp":"2026-09-05T16:13:51.156969Z","level":"info","event":"Filling up the DagBag from /opt/airflow/dags/aws_project.py","logger":"airflow.dag_processing.dagbag.BundleDagBag","filename":"dagbag.py","lineno":469}
{"timestamp":"2026-09-05T16:14:23.893355Z","level":"info","event":"Filling up the DagBag from /opt/airflow/dags/aws_project.py","logger":"airflow.dag_processing.dagbag.BundleDagBag","filename":"dagbag.py","lineno":469}
{"timestamp":"2026-09-05T16:14:56.631898Z","level":"info","event":"Filling up the DagBag from /opt/airflow/dags/aws_project.py","logger":"airflow.dag_processing.dagbag.BundleDagBag","filename":"dagbag.py","lineno":469}
{"timestamp":"2026-09-05T16:15:28.986363Z","level":"info","event":"Filling up the DagBag from /opt/airflow/dags/aws_project.py","logger":"airflow.dag_processing.dagbag.BundleDagBag","filename":"dagbag.py","lineno":469}
{"timestamp":"2026-09-05T16:16:01.649955Z","level":"info","event":"Filling up the DagBag from /opt/airflow/dags/aws_project.py","logger":"airflow.dag_processing.dagbag.BundleDagBag","filename":"dagbag.py","lineno":469}
{"timestamp":"2026-09-05T16:16:34.476449Z","level":"info","event":"Filling up the DagBag from /opt/airflow/dags/aws_project.py","logger":"airflow.dag_processing.dagbag.BundleDagBag","filename":"dagbag.py","lineno":469}
{"timestamp":"2026-09-05T16:17:06.819857Z","level":"info","event":"Filling up the DagBag from /opt/airflow/dags/aws_project.py","logger":"airflow.dag_processing.dagbag.BundleDagBag","filename":"dagbag.py","lineno":469}
{"timestamp":"2026-09-05T16:17:39.847988Z","level":"info","event":"Filling up the DagBag from /opt/airflow/dags/aws_project.py","logger":"airflow.dag_processing.dagbag.BundleDagBag","filename":"dagbag.py","lineno":469}
{"timestamp":"2026-09-05T16:18:13.197081Z","level":"info","event":"Filling up the DagBag from /opt/airflow/dags/aws_project.py","logger":"airflow.dag_processing.dagbag.BundleDagBag","filename":"dagbag.py","lineno":469}
{"timestamp":"2026-09-05T16:18:46.495337Z","level":"info","event":"Filling up the DagBag from /opt/airflow/dags/aws_project.py","logger":"airflow.dag_processing.dagbag.BundleDagBag","filename":"dagbag.py","lineno":469}
{"timestamp":"2026-09-05T16:19:19.718997Z","level":"info","event":"Filling up the DagBag from /opt/airflow/dags/aws_project.py","logger":"airflow.dag_processing.dagbag.BundleDagBag","filename":"dagbag.py","lineno":469}
{"timestamp":"2026-09-05T16:19:52.821817Z","level":"info","event":"Filling up the DagBag from /opt/airflow/dags/aws_project.py","logger":"airflow.dag_processing.dagbag.BundleDagBag","filename":"dagbag.py","lineno":469}
{"timestamp":"2026-09-05T16:20:25.414866Z","level":"info","event":"Filling up the DagBag from /opt/airflow/dags/aws_project.py","logger":"airflow.dag_processing.dagbag.BundleDagBag","filename":"dagbag.py","lineno":469}
{"timestamp":"2026-09-05T16:20:59.174683Z","level":"info","event":"Filling up the DagBag from /opt/airflow/dags/aws_project.py","logger":"airflow.dag_processing.dagbag.BundleDagBag","filename":"dagbag.py","lineno":469}
{"timestamp":"2026-09-05T16:21:32.189360Z","level":"info","event":"Filling up the DagBag from /opt/airflow/dags/aws_project.py","logger":"airflow.dag_processing.dagbag.BundleDagBag","filename":"dagbag.py","lineno":469}
{"timestamp":"2026-09-05T16:22:05.048119Z","level":"info","event":"Filling up the DagBag from /opt/airflow/dags/aws_project.py","logger":"airflow.dag_processing.dagbag.BundleDagBag","filename":"dagbag.py","lineno":469}
{"timestamp":"2026-09-05T16:22:37.788664Z","level":"info","event":"Filling up the DagBag from /opt/airflow/dags/aws_project.py","logger":"airflow.dag_processing.dagbag.BundleDagBag","filename":"dagbag.py","lineno":469}
{"timestamp":"2026-09-05T16:23:10.671093Z","level":"info","event":"Filling up the DagBag from /opt/airflow/dags/aws_project.py","logger":"airflow.dag_processing.dagbag.BundleDagBag","filename":"dagbag.py","lineno":469}
{"timestamp":"2026-09-05T16:23:43.283238Z","level":"info","event":"Filling up the DagBag from /opt/airflow/dags/aws_project.py","logger":"airflow.dag_processing.dagbag.BundleDagBag","filename":"dagbag.py","lineno":469}
{"timestamp":"2026-09-05T16:24:15.835742Z","level":"info","event":"Filling up the DagBag from /opt/airflow/dags/aws_project.py","logger":"airflow.dag_processing.dagbag.BundleDagBag","filename":"dagbag.py","lineno":469}
{"timestamp":"2026-09-05T16:24:48.300609Z","level":"info","event":"Filling up the DagBag from /opt/airflow/dags/aws_project.py","logger":"airflow.dag_processing.dagbag.BundleDagBag","filename":"dagbag.py","lineno":469}
{"timestamp":"2026-09-05T16:25:20.852780Z","level":"info","event":"Filling up the DagBag from /opt/airflow/dags/aws_project.py","logger":"airflow.dag_processing.dagbag.BundleDagBag","filename":"dagbag.py","lineno":469}
{"timestamp":"2026-09-05T16:25:53.293638Z","level":"info","event":"Filling up the DagBag from /opt/airflow/dags/aws_project.py","logger":"airflow.dag_processing.dagbag.BundleDagBag","filename":"dagbag.py","lineno":469}
{"timestamp":"2026-09-05T16:26:26.402168Z","level":"info","event":"Filling up the DagBag from /opt/airflow/dags/aws_project.py","logger":"airflow.dag_processing.dagbag.BundleDagBag","filename":"dagbag.py","lineno":469}
{"timestamp":"2026-09-05T16:26:59.670140Z","level":"info","event":"Filling up the DagBag from /opt/airflow/dags/aws_project.py","logger":"airflow.dag_processing.dagbag.BundleDagBag","filename":"dagbag.py","lineno":469}
{"timestamp":"2026-09-05T16:27:32.908580Z","level":"info","event":"Filling up the DagBag from /opt/airflow/dags/aws_project.py","logger":"airflow.dag_processing.dagbag.BundleDagBag","filename":"dagbag.py","lineno":469}
{"timestamp":"2026-09-05T16:28:06.004373Z","level":"info","event":"Filling up the DagBag from /opt/airflow/dags/aws_project.py","logger":"airflow.dag_processing.dagbag.BundleDagBag","filename":"dagbag.py","lineno":469}
{"timestamp":"2026-09-05T16:28:39.317357Z","level":"info","event":"Filling up the DagBag from /opt/airflow/dags/aws_project.py","logger":"airflow.dag_processing.dagbag.BundleDagBag","filename":"dagbag.py","lineno":469}
{"timestamp":"2026-09-05T16:29:12.104335Z","level":"info","event":"Filling up the DagBag from /opt/airflow/dags/aws_project.py","logger":"airflow.dag_processing.dagbag.BundleDagBag","filename":"dagbag.py","lineno":469}
{"timestamp":"2026-09-05T16:29:45.186025Z","level":"info","event":"Filling up the DagBag from /opt/airflow/dags/aws_project.py","logger":"airflow.dag_processing.dagbag.BundleDagBag","filename":"dagbag.py","lineno":469}
{"timestamp":"2026-09-05T16:30:18.459663Z","level":"info","event":"Filling up the DagBag from /opt/airflow/dags/aws_project.py","logger":"airflow.dag_processing.dagbag.BundleDagBag","filename":"dagbag.py","lineno":469}
{"timestamp":"2026-09-05T16:30:51.850988Z","level":"info","event":"Filling up the DagBag from /opt/airflow/dags/aws_project.py","logger":"airflow.dag_processing.dagbag.BundleDagBag","filename":"dagbag.py","lineno":469}
{"timestamp":"2026-09-05T16:31:25.083005Z","level":"info","event":"Filling up the DagBag from /opt/airflow/dags/aws_project.py","logger":"airflow.dag_processing.dagbag.BundleDagBag","filename":"dagbag.py","lineno":469}
{"timestamp":"2026-09-05T16:31:58.299613Z","level":"info","event":"Filling up the DagBag from /opt/airflow/dags/aws_project.py","logger":"airflow.dag_processing.dagbag.BundleDagBag","filename":"dagbag.py","lineno":469}
{"timestamp":"2026-09-05T16:32:31.551867Z","level":"info","event":"Filling up the DagBag from /opt/airflow/dags/aws_project.py","logger":"airflow.dag_processing.dagbag.BundleDagBag","filename":"dagbag.py","lineno":469}
{"timestamp":"2026-09-05T16:33:04.465366Z","level":"info","event":"Filling up the DagBag from /opt/airflow/dags/aws_project.py","logger":"airflow.dag_processing.dagbag.BundleDagBag","filename":"dagbag.py","lineno":469}
{"timestamp":"2026-09-05T16:33:37.184552Z","level":"info","event":"Filling up the DagBag from /opt/airflow/dags/aws_project.py","logger":"airflow.dag_processing.dagbag.BundleDagBag","filename":"dagbag.py","lineno":469}
{"timestamp":"2026-09-05T16:34:09.641708Z","level":"info","event":"Filling up the DagBag from /opt/airflow/dags/aws_project.py","logger":"airflow.dag_processing.dagbag.BundleDagBag","filename":"dagbag.py","lineno":469}
{"timestamp":"2026-09-05T16:34:42.134127Z","level":"info","event":"Filling up the DagBag from /opt/airflow/dags/aws_project.py","logger":"airflow.dag_processing.dagbag.BundleDagBag","filename":"dagbag.py","lineno":469}
{"timestamp":"2026-09-05T16:35:14.394692Z","level":"info","event":"Filling up the DagBag from /opt/airflow/dags/aws_project.py","logger":"airflow.dag_processing.dagbag.BundleDagBag","filename":"dagbag.py","lineno":469}
{"timestamp":"2026-09-05T16:35:46.843204Z","level":"info","event":"Filling up the DagBag from /opt/airflow/dags/aws_project.py","logger":"airflow.dag_processing.dagbag.BundleDagBag","filename":"dagbag.py","lineno":469}
{"timestamp":"2026-09-05T16:36:19.221584Z","level":"info","event":"Filling up the DagBag from /opt/airflow/dags/aws_project.py","logger":"airflow.dag_processing.dagbag.BundleDagBag","filename":"dagbag.py","lineno":469}
{"timestamp":"2026-09-05T16:36:51.725145Z","level":"info","event":"Filling up the DagBag from /opt/airflow/dags/aws_project.py","logger":"airflow.dag_processing.dagbag.BundleDagBag","filename":"dagbag.py","lineno":469}
{"timestamp":"2026-09-05T16:37:24.331399Z","level":"info","event":"Filling up the DagBag from /opt/airflow/dags/aws_project.py","logger":"airflow.dag_processing.dagbag.BundleDagBag","filename":"dagbag.py","lineno":469}
{"timestamp":"2026-09-05T16:37:57.032872Z","level":"info","event":"Filling up the DagBag from /opt/airflow/dags/aws_project.py","logger":"airflow.dag_processing.dagbag.BundleDagBag","filename":"dagbag.py","lineno":469}
{"timestamp":"2026-09-05T16:38:29.596038Z","level":"info","event":"Filling up the DagBag from /opt/airflow/dags/aws_project.py","logger":"airflow.dag_processing.dagbag.BundleDagBag","filename":"dagbag.py","lineno":469}
{"timestamp":"2026-09-05T16:39:02.241766Z","level":"info","event":"Filling up the DagBag from /opt/airflow/dags/aws_project.py","logger":"airflow.dag_processing.dagbag.BundleDagBag","filename":"dagbag.py","lineno":469}
{"timestamp":"2026-09-05T16:39:34.894218Z","level":"info","event":"Filling up the DagBag from /opt/airflow/dags/aws_project.py","logger":"airflow.dag_processing.dagbag.BundleDagBag","filename":"dagbag.py","lineno":469}
{"timestamp":"2026-09-05T16:40:07.407833Z","level":"info","event":"Filling up the DagBag from /opt/airflow/dags/aws_project.py","logger":"airflow.dag_processing.dagbag.BundleDagBag","filename":"dagbag.py","lineno":469}
{"timestamp":"2026-09-05T16:40:39.875569Z","level":"info","event":"Filling up the DagBag from /opt/airflow/dags/aws_project.py","logger":"airflow.dag_processing.dagbag.BundleDagBag","filename":"dagbag.py","lineno":469}
{"timestamp":"2026-09-05T16:41:12.487745Z","level":"info","event":"Filling up the DagBag from /opt/airflow/dags/aws_project.py","logger":"airflow.dag_processing.dagbag.BundleDagBag","filename":"dagbag.py","lineno":469}
{"timestamp":"2026-09-05T16:41:45.195183Z","level":"info","event":"Filling up the DagBag from /opt/airflow/dags/aws_project.py","logger":"airflow.dag_processing.dagbag.BundleDagBag","filename":"dagbag.py","lineno":469}
{"timestamp":"2026-09-05T16:42:17.809156Z","level":"info","event":"Filling up the DagBag from /opt/airflow/dags/aws_project.py","logger":"airflow.dag_processing.dagbag.BundleDagBag","filename":"dagbag.py","lineno":469}
{"timestamp":"2026-09-05T16:42:50.535347Z","level":"info","event":"Filling up the DagBag from /opt/airflow/dags/aws_project.py","logger":"airflow.dag_processing.dagbag.BundleDagBag","filename":"dagbag.py","lineno":469}
{"timestamp":"2026-09-05T16:43:24.450772Z","level":"info","event":"Filling up the DagBag from /opt/airflow/dags/aws_project.py","logger":"airflow.dag_processing.dagbag.BundleDagBag","filename":"dagbag.py","lineno":469}
{"timestamp":"2026-09-05T16:43:57.403255Z","level":"info","event":"Filling up the DagBag from /opt/airflow/dags/aws_project.py","logger":"airflow.dag_processing.dagbag.BundleDagBag","filename":"dagbag.py","lineno":469}
{"timestamp":"2026-09-05T16:44:30.112309Z","level":"info","event":"Filling up the DagBag from /opt/airflow/dags/aws_project.py","logger":"airflow.dag_processing.dagbag.BundleDagBag","filename":"dagbag.py","lineno":469}
{"timestamp":"2026-09-05T16:45:02.941758Z","level":"info","event":"Filling up the DagBag from /opt/airflow/dags/aws_project.py","logger":"airflow.dag_processing.dagbag.BundleDagBag","filename":"dagbag.py","lineno":469}
{"timestamp":"2026-09-05T16:45:35.692390Z","level":"info","event":"Filling up the DagBag from /opt/airflow/dags/aws_project.py","logger":"airflow.dag_processing.dagbag.BundleDagBag","filename":"dagbag.py","lineno":469}
{"timestamp":"2026-09-05T16:46:08.796591Z","level":"info","event":"Filling up the DagBag from /opt/airflow/dags/aws_project.py","logger":"airflow.dag_processing.dagbag.BundleDagBag","filename":"dagbag.py","lineno":469}
{"timestamp":"2026-09-05T16:46:41.359159Z","level":"info","event":"Filling up the DagBag from /opt/airflow/dags/aws_project.py","logger":"airflow.dag_processing.dagbag.BundleDagBag","filename":"dagbag.py","lineno":469}
{"timestamp":"2026-09-05T16:47:13.953090Z","level":"info","event":"Filling up the DagBag from /opt/airflow/dags/aws_project.py","logger":"airflow.dag_processing.dagbag.BundleDagBag","filename":"dagbag.py","lineno":469}
{"timestamp":"2026-09-05T16:47:46.631368Z","level":"info","event":"Filling up the DagBag from /opt/airflow/dags/aws_project.py","logger":"airflow.dag_processing.dagbag.BundleDagBag","filename":"dagbag.py","lineno":469}
{"timestamp":"2026-09-05T16:48:19.383881Z","level":"info","event":"Filling up the DagBag from /opt/airflow/dags/aws_project.py","logger":"airflow.dag_processing.dagbag.BundleDagBag","filename":"dagbag.py","lineno":469}
{"timestamp":"2026-09-05T16:48:52.161903Z","level":"info","event":"Filling up the DagBag from /opt/airflow/dags/aws_project.py","logger":"airflow.dag_processing.dagbag.BundleDagBag","filename":"dagbag.py","lineno":469}
{"timestamp":"2026-09-05T16:49:24.865281Z","level":"info","event":"Filling up the DagBag from /opt/airflow/dags/aws_project.py","logger":"airflow.dag_processing.dagbag.BundleDagBag","filename":"dagbag.py","lineno":469}
{"timestamp":"2026-09-05T16:49:57.285470Z","level":"info","event":"Filling up the DagBag from /opt/airflow/dags/aws_project.py","logger":"airflow.dag_processing.dagbag.BundleDagBag","filename":"dagbag.py","lineno":469}
{"timestamp":"2026-09-05T16:50:29.937932Z","level":"info","event":"Filling up the DagBag from /opt/airflow/dags/aws_project.py","logger":"airflow.dag_processing.dagbag.BundleDagBag","filename":"dagbag.py","lineno":469}
{"timestamp":"2026-09-05T16:51:02.886189Z","level":"info","event":"Filling up the DagBag from /opt/airflow/dags/aws_project.py","logger":"airflow.dag_processing.dagbag.BundleDagBag","filename":"dagbag.py","lineno":469}
{"timestamp":"2026-09-05T16:51:36.078866Z","level":"info","event":"Filling up the DagBag from /opt/airflow/dags/aws_project.py","logger":"airflow.dag_processing.dagbag.BundleDagBag","filename":"dagbag.py","lineno":469}
{"timestamp":"2026-09-05T16:52:09.400874Z","level":"info","event":"Filling up the DagBag from /opt/airflow/dags/aws_project.py","logger":"airflow.dag_processing.dagbag.BundleDagBag","filename":"dagbag.py","lineno":469}
{"timestamp":"2026-09-05T16:52:42.623949Z","level":"info","event":"Filling up the DagBag from /opt/airflow/dags/aws_project.py","logger":"airflow.dag_processing.dagbag.BundleDagBag","filename":"dagbag.py","lineno":469}
{"timestamp":"2026-09-05T16:53:15.903849Z","level":"info","event":"Filling up the DagBag from /opt/airflow/dags/aws_project.py","logger":"airflow.dag_processing.dagbag.BundleDagBag","filename":"dagbag.py","lineno":469}
{"timestamp":"2026-09-05T16:53:49.282487Z","level":"info","event":"Filling up the DagBag from /opt/airflow/dags/aws_project.py","logger":"airflow.dag_processing.dagbag.BundleDagBag","filename":"dagbag.py","lineno":469}
{"timestamp":"2026-09-05T16:54:22.610993Z","level":"info","event":"Filling up the DagBag from /opt/airflow/dags/aws_project.py","logger":"airflow.dag_processing.dagbag.BundleDagBag","filename":"dagbag.py","lineno":469}
