{"timestamp":"2026-09-02T16:20:38.221431Z","level":"info","event":"Filling up the DagBag from /opt/airflow/dags/reports.py","logger":"airflow.dag_processing.dagbag.BundleDagBag","filename":"dagbag.py","lineno":469}
{"timestamp":"2026-09-02T16:20:38.259968Z","level":"error","event":"Failed to import: /opt/airflow/dags/reports.py","logger":"airflow.dag_processing.importers.python_importer","filename":"python_importer.py","lineno":244,"error_detail":[{"exc_type":"NameError","exc_value":"name 'report_dag' is not defined","exc_notes":[],"syntax_error":null,"is_cause":false,"frames":[{"filename":"/home/airflow/.local/lib/python3.13/site-packages/airflow/dag_processing/importers/python_importer.py","lineno":238,"name":"parse"},{"filename":"<frozen importlib._bootstrap_external>","lineno":1023,"name":"exec_module"},{"filename":"<frozen importlib._bootstrap>","lineno":488,"name":"_call_with_frames_removed"},{"filename":"/opt/airflow/dags/reports.py","lineno":18,"name":"<module>"}],"is_group":false,"exceptions":[]}]}
{"timestamp":"2026-09-02T16:20:38.261278Z","level":"error","event":"Error loading DAG from reports.py: name 'report_dag' is not defined","logger":"airflow.dag_processing.dagbag.BundleDagBag","filename":"dagbag.py","lineno":327}
{"timestamp":"2026-09-02T16:20:41.315705Z","level":"info","event":"Filling up the DagBag from /opt/airflow/dags/reports.py","logger":"airflow.dag_processing.dagbag.BundleDagBag","filename":"dagbag.py","lineno":469}
{"timestamp":"2026-09-02T16:20:41.318853Z","level":"error","event":"Failed to import: /opt/airflow/dags/reports.py","logger":"airflow.dag_processing.importers.python_importer","filename":"python_importer.py","lineno":244,"error_detail":[{"exc_type":"SyntaxError","exc_value":"invalid syntax (reports.py, line 18)","exc_notes":[],"syntax_error":{"offset":12,"filename":"/opt/airflow/dags/reports.py","line":"report_dag=","lineno":18,"msg":"invalid syntax"},"is_cause":false,"frames":[{"filename":"/home/airflow/.local/lib/python3.13/site-packages/airflow/dag_processing/importers/python_importer.py","lineno":238,"name":"parse"},{"filename":"<frozen importlib._bootstrap_external>","lineno":1019,"name":"exec_module"},{"filename":"<frozen importlib._bootstrap_external>","lineno":1157,"name":"get_code"},{"filename":"<frozen importlib._bootstrap_external>","lineno":1087,"name":"source_to_code"},{"filename":"<frozen importlib._bootstrap>","lineno":488,"name":"_call_with_frames_removed"}],"is_group":false,"exceptions":[]}]}
{"timestamp":"2026-09-02T16:20:41.320138Z","level":"error","event":"Error loading DAG from reports.py: invalid syntax (reports.py, line 18)","logger":"airflow.dag_processing.dagbag.BundleDagBag","filename":"dagbag.py","lineno":327}
{"timestamp":"2026-09-02T16:20:45.384136Z","level":"info","event":"Filling up the DagBag from /opt/airflow/dags/reports.py","logger":"airflow.dag_processing.dagbag.BundleDagBag","filename":"dagbag.py","lineno":469}
{"timestamp":"2026-09-02T16:20:45.418141Z","level":"error","event":"Failed to import: /opt/airflow/dags/reports.py","logger":"airflow.dag_processing.importers.python_importer","filename":"python_importer.py","lineno":244,"error_detail":[{"exc_type":"NameError","exc_value":"name 'reports' is not defined","exc_notes":[],"syntax_error":null,"is_cause":false,"frames":[{"filename":"/home/airflow/.local/lib/python3.13/site-packages/airflow/dag_processing/importers/python_importer.py","lineno":238,"name":"parse"},{"filename":"<frozen importlib._bootstrap_external>","lineno":1023,"name":"exec_module"},{"filename":"<frozen importlib._bootstrap>","lineno":488,"name":"_call_with_frames_removed"},{"filename":"/opt/airflow/dags/reports.py","lineno":18,"name":"<module>"}],"is_group":false,"exceptions":[]}]}
{"timestamp":"2026-09-02T16:20:45.419162Z","level":"error","event":"Error loading DAG from reports.py: name 'reports' is not defined","logger":"airflow.dag_processing.dagbag.BundleDagBag","filename":"dagbag.py","lineno":327}
{"timestamp":"2026-09-02T16:20:51.485129Z","level":"info","event":"Filling up the DagBag from /opt/airflow/dags/reports.py","logger":"airflow.dag_processing.dagbag.BundleDagBag","filename":"dagbag.py","lineno":469}
{"timestamp":"2026-09-02T16:20:51.519030Z","level":"error","event":"Failed to import: /opt/airflow/dags/reports.py","logger":"airflow.dag_processing.importers.python_importer","filename":"python_importer.py","lineno":244,"error_detail":[{"exc_type":"TypeError","exc_value":"DAG.__init__() got an unexpected keyword argument 'is_paused_upon_creatin'. Did you mean 'is_paused_upon_creation'?","exc_notes":[],"syntax_error":null,"is_cause":false,"frames":[{"filename":"/home/airflow/.local/lib/python3.13/site-packages/airflow/dag_processing/importers/python_importer.py","lineno":238,"name":"parse"},{"filename":"<frozen importlib._bootstrap_external>","lineno":1023,"name":"exec_module"},{"filename":"<frozen importlib._bootstrap>","lineno":488,"name":"_call_with_frames_removed"},{"filename":"/opt/airflow/dags/reports.py","lineno":18,"name":"<module>"},{"filename":"/home/airflow/.local/lib/python3.13/site-packages/airflow/sdk/definitions/dag.py","lineno":1613,"name":"factory"}],"is_group":false,"exceptions":[]}]}
{"timestamp":"2026-09-02T16:20:51.520597Z","level":"error","event":"Error loading DAG from reports.py: DAG.__init__() got an unexpected keyword argument 'is_paused_upon_creatin'. Did you mean 'is_paused_upon_creation'?","logger":"airflow.dag_processing.dagbag.BundleDagBag","filename":"dagbag.py","lineno":327}
{"timestamp":"2026-09-02T16:20:53.575034Z","level":"info","event":"Filling up the DagBag from /opt/airflow/dags/reports.py","logger":"airflow.dag_processing.dagbag.BundleDagBag","filename":"dagbag.py","lineno":469}
{"timestamp":"2026-09-02T16:20:53.607533Z","level":"error","event":"Failed to import: /opt/airflow/dags/reports.py","logger":"airflow.dag_processing.importers.python_importer","filename":"python_importer.py","lineno":244,"error_detail":[{"exc_type":"TypeError","exc_value":"DAG.__init__() got an unexpected keyword argument 'is_paused_upon_creatin'. Did you mean 'is_paused_upon_creation'?","exc_notes":[],"syntax_error":null,"is_cause":false,"frames":[{"filename":"/home/airflow/.local/lib/python3.13/site-packages/airflow/dag_processing/importers/python_importer.py","lineno":238,"name":"parse"},{"filename":"<frozen importlib._bootstrap_external>","lineno":1023,"name":"exec_module"},{"filename":"<frozen importlib._bootstrap>","lineno":488,"name":"_call_with_frames_removed"},{"filename":"/opt/airflow/dags/reports.py","lineno":18,"name":"<module>"},{"filename":"/home/airflow/.local/lib/python3.13/site-packages/airflow/sdk/definitions/dag.py","lineno":1613,"name":"factory"}],"is_group":false,"exceptions":[]}]}
{"timestamp":"2026-09-02T16:20:53.609530Z","level":"error","event":"Error loading DAG from reports.py: DAG.__init__() got an unexpected keyword argument 'is_paused_upon_creatin'. Did you mean 'is_paused_upon_creation'?","logger":"airflow.dag_processing.dagbag.BundleDagBag","filename":"dagbag.py","lineno":327}
{"timestamp":"2026-09-02T16:21:18.858991Z","level":"info","event":"Filling up the DagBag from /opt/airflow/dags/reports.py","logger":"airflow.dag_processing.dagbag.BundleDagBag","filename":"dagbag.py","lineno":469}
{"timestamp":"2026-09-02T16:21:19.936689Z","level":"info","event":"Filling up the DagBag from /opt/airflow/dags/reports.py","logger":"airflow.dag_processing.dagbag.BundleDagBag","filename":"dagbag.py","lineno":469}
{"timestamp":"2026-09-02T16:21:50.274443Z","level":"info","event":"Filling up the DagBag from /opt/airflow/dags/reports.py","logger":"airflow.dag_processing.dagbag.BundleDagBag","filename":"dagbag.py","lineno":469}
{"timestamp":"2026-09-02T16:22:20.608870Z","level":"info","event":"Filling up the DagBag from /opt/airflow/dags/reports.py","logger":"airflow.dag_processing.dagbag.BundleDagBag","filename":"dagbag.py","lineno":469}
{"timestamp":"2026-09-02T16:22:50.958968Z","level":"info","event":"Filling up the DagBag from /opt/airflow/dags/reports.py","logger":"airflow.dag_processing.dagbag.BundleDagBag","filename":"dagbag.py","lineno":469}
{"timestamp":"2026-09-02T16:23:21.296276Z","level":"info","event":"Filling up the DagBag from /opt/airflow/dags/reports.py","logger":"airflow.dag_processing.dagbag.BundleDagBag","filename":"dagbag.py","lineno":469}
{"timestamp":"2026-09-02T16:23:51.644121Z","level":"info","event":"Filling up the DagBag from /opt/airflow/dags/reports.py","logger":"airflow.dag_processing.dagbag.BundleDagBag","filename":"dagbag.py","lineno":469}
{"timestamp":"2026-09-02T16:24:21.993115Z","level":"info","event":"Filling up the DagBag from /opt/airflow/dags/reports.py","logger":"airflow.dag_processing.dagbag.BundleDagBag","filename":"dagbag.py","lineno":469}
{"timestamp":"2026-09-02T16:24:52.557629Z","level":"info","event":"Filling up the DagBag from /opt/airflow/dags/reports.py","logger":"airflow.dag_processing.dagbag.BundleDagBag","filename":"dagbag.py","lineno":469}
{"timestamp":"2026-09-02T16:25:23.037404Z","level":"info","event":"Filling up the DagBag from /opt/airflow/dags/reports.py","logger":"airflow.dag_processing.dagbag.BundleDagBag","filename":"dagbag.py","lineno":469}
{"timestamp":"2026-09-02T16:25:53.422449Z","level":"info","event":"Filling up the DagBag from /opt/airflow/dags/reports.py","logger":"airflow.dag_processing.dagbag.BundleDagBag","filename":"dagbag.py","lineno":469}
{"timestamp":"2026-09-02T16:26:23.754223Z","level":"info","event":"Filling up the DagBag from /opt/airflow/dags/reports.py","logger":"airflow.dag_processing.dagbag.BundleDagBag","filename":"dagbag.py","lineno":469}
{"timestamp":"2026-09-02T16:26:54.092558Z","level":"info","event":"Filling up the DagBag from /opt/airflow/dags/reports.py","logger":"airflow.dag_processing.dagbag.BundleDagBag","filename":"dagbag.py","lineno":469}
{"timestamp":"2026-09-02T16:27:24.481456Z","level":"info","event":"Filling up the DagBag from /opt/airflow/dags/reports.py","logger":"airflow.dag_processing.dagbag.BundleDagBag","filename":"dagbag.py","lineno":469}
{"timestamp":"2026-09-02T16:27:54.600267Z","level":"info","event":"Filling up the DagBag from /opt/airflow/dags/reports.py","logger":"airflow.dag_processing.dagbag.BundleDagBag","filename":"dagbag.py","lineno":469}
{"timestamp":"2026-09-02T16:28:24.937575Z","level":"info","event":"Filling up the DagBag from /opt/airflow/dags/reports.py","logger":"airflow.dag_processing.dagbag.BundleDagBag","filename":"dagbag.py","lineno":469}
{"timestamp":"2026-09-02T16:28:55.290554Z","level":"info","event":"Filling up the DagBag from /opt/airflow/dags/reports.py","logger":"airflow.dag_processing.dagbag.BundleDagBag","filename":"dagbag.py","lineno":469}
{"timestamp":"2026-09-02T16:29:25.642414Z","level":"info","event":"Filling up the DagBag from /opt/airflow/dags/reports.py","logger":"airflow.dag_processing.dagbag.BundleDagBag","filename":"dagbag.py","lineno":469}
{"timestamp":"2026-09-02T16:29:55.998387Z","level":"info","event":"Filling up the DagBag from /opt/airflow/dags/reports.py","logger":"airflow.dag_processing.dagbag.BundleDagBag","filename":"dagbag.py","lineno":469}
{"timestamp":"2026-09-02T16:30:26.882449Z","level":"info","event":"Filling up the DagBag from /opt/airflow/dags/reports.py","logger":"airflow.dag_processing.dagbag.BundleDagBag","filename":"dagbag.py","lineno":469}
{"timestamp":"2026-09-02T16:30:57.210603Z","level":"info","event":"Filling up the DagBag from /opt/airflow/dags/reports.py","logger":"airflow.dag_processing.dagbag.BundleDagBag","filename":"dagbag.py","lineno":469}
{"timestamp":"2026-09-02T16:31:27.533906Z","level":"info","event":"Filling up the DagBag from /opt/airflow/dags/reports.py","logger":"airflow.dag_processing.dagbag.BundleDagBag","filename":"dagbag.py","lineno":469}
{"timestamp":"2026-09-02T16:31:57.862593Z","level":"info","event":"Filling up the DagBag from /opt/airflow/dags/reports.py","logger":"airflow.dag_processing.dagbag.BundleDagBag","filename":"dagbag.py","lineno":469}
{"timestamp":"2026-09-02T16:32:28.199710Z","level":"info","event":"Filling up the DagBag from /opt/airflow/dags/reports.py","logger":"airflow.dag_processing.dagbag.BundleDagBag","filename":"dagbag.py","lineno":469}
{"timestamp":"2026-09-02T16:32:58.561463Z","level":"info","event":"Filling up the DagBag from /opt/airflow/dags/reports.py","logger":"airflow.dag_processing.dagbag.BundleDagBag","filename":"dagbag.py","lineno":469}
{"timestamp":"2026-09-02T16:33:28.974647Z","level":"info","event":"Filling up the DagBag from /opt/airflow/dags/reports.py","logger":"airflow.dag_processing.dagbag.BundleDagBag","filename":"dagbag.py","lineno":469}
{"timestamp":"2026-09-02T16:33:59.311439Z","level":"info","event":"Filling up the DagBag from /opt/airflow/dags/reports.py","logger":"airflow.dag_processing.dagbag.BundleDagBag","filename":"dagbag.py","lineno":469}
{"timestamp":"2026-09-02T16:34:29.639615Z","level":"info","event":"Filling up the DagBag from /opt/airflow/dags/reports.py","logger":"airflow.dag_processing.dagbag.BundleDagBag","filename":"dagbag.py","lineno":469}
{"timestamp":"2026-09-02T16:34:59.962905Z","level":"info","event":"Filling up the DagBag from /opt/airflow/dags/reports.py","logger":"airflow.dag_processing.dagbag.BundleDagBag","filename":"dagbag.py","lineno":469}
{"timestamp":"2026-09-02T16:35:30.291257Z","level":"info","event":"Filling up the DagBag from /opt/airflow/dags/reports.py","logger":"airflow.dag_processing.dagbag.BundleDagBag","filename":"dagbag.py","lineno":469}
{"timestamp":"2026-09-02T16:36:00.654636Z","level":"info","event":"Filling up the DagBag from /opt/airflow/dags/reports.py","logger":"airflow.dag_processing.dagbag.BundleDagBag","filename":"dagbag.py","lineno":469}
{"timestamp":"2026-09-02T16:36:31.046717Z","level":"info","event":"Filling up the DagBag from /opt/airflow/dags/reports.py","logger":"airflow.dag_processing.dagbag.BundleDagBag","filename":"dagbag.py","lineno":469}
{"timestamp":"2026-09-02T16:37:01.370352Z","level":"info","event":"Filling up the DagBag from /opt/airflow/dags/reports.py","logger":"airflow.dag_processing.dagbag.BundleDagBag","filename":"dagbag.py","lineno":469}
{"timestamp":"2026-09-02T16:37:31.703607Z","level":"info","event":"Filling up the DagBag from /opt/airflow/dags/reports.py","logger":"airflow.dag_processing.dagbag.BundleDagBag","filename":"dagbag.py","lineno":469}
{"timestamp":"2026-09-02T16:38:02.036875Z","level":"info","event":"Filling up the DagBag from /opt/airflow/dags/reports.py","logger":"airflow.dag_processing.dagbag.BundleDagBag","filename":"dagbag.py","lineno":469}
{"timestamp":"2026-09-02T16:38:32.359966Z","level":"info","event":"Filling up the DagBag from /opt/airflow/dags/reports.py","logger":"airflow.dag_processing.dagbag.BundleDagBag","filename":"dagbag.py","lineno":469}
{"timestamp":"2026-09-02T16:39:02.786057Z","level":"info","event":"Filling up the DagBag from /opt/airflow/dags/reports.py","logger":"airflow.dag_processing.dagbag.BundleDagBag","filename":"dagbag.py","lineno":469}
{"timestamp":"2026-09-02T16:39:33.132164Z","level":"info","event":"Filling up the DagBag from /opt/airflow/dags/reports.py","logger":"airflow.dag_processing.dagbag.BundleDagBag","filename":"dagbag.py","lineno":469}
{"timestamp":"2026-09-02T16:40:03.464404Z","level":"info","event":"Filling up the DagBag from /opt/airflow/dags/reports.py","logger":"airflow.dag_processing.dagbag.BundleDagBag","filename":"dagbag.py","lineno":469}
{"timestamp":"2026-09-02T16:40:33.796543Z","level":"info","event":"Filling up the DagBag from /opt/airflow/dags/reports.py","logger":"airflow.dag_processing.dagbag.BundleDagBag","filename":"dagbag.py","lineno":469}
{"timestamp":"2026-09-02T16:41:04.153144Z","level":"info","event":"Filling up the DagBag from /opt/airflow/dags/reports.py","logger":"airflow.dag_processing.dagbag.BundleDagBag","filename":"dagbag.py","lineno":469}
{"timestamp":"2026-09-02T16:41:34.501928Z","level":"info","event":"Filling up the DagBag from /opt/airflow/dags/reports.py","logger":"airflow.dag_processing.dagbag.BundleDagBag","filename":"dagbag.py","lineno":469}
{"timestamp":"2026-09-02T16:42:04.876761Z","level":"info","event":"Filling up the DagBag from /opt/airflow/dags/reports.py","logger":"airflow.dag_processing.dagbag.BundleDagBag","filename":"dagbag.py","lineno":469}
{"timestamp":"2026-09-02T16:42:35.193942Z","level":"info","event":"Filling up the DagBag from /opt/airflow/dags/reports.py","logger":"airflow.dag_processing.dagbag.BundleDagBag","filename":"dagbag.py","lineno":469}
{"timestamp":"2026-09-02T16:43:05.547531Z","level":"info","event":"Filling up the DagBag from /opt/airflow/dags/reports.py","logger":"airflow.dag_processing.dagbag.BundleDagBag","filename":"dagbag.py","lineno":469}
{"timestamp":"2026-09-02T16:43:35.893305Z","level":"info","event":"Filling up the DagBag from /opt/airflow/dags/reports.py","logger":"airflow.dag_processing.dagbag.BundleDagBag","filename":"dagbag.py","lineno":469}
{"timestamp":"2026-09-02T16:44:06.243106Z","level":"info","event":"Filling up the DagBag from /opt/airflow/dags/reports.py","logger":"airflow.dag_processing.dagbag.BundleDagBag","filename":"dagbag.py","lineno":469}
{"timestamp":"2026-09-02T16:44:36.646707Z","level":"info","event":"Filling up the DagBag from /opt/airflow/dags/reports.py","logger":"airflow.dag_processing.dagbag.BundleDagBag","filename":"dagbag.py","lineno":469}
{"timestamp":"2026-09-02T16:45:06.973546Z","level":"info","event":"Filling up the DagBag from /opt/airflow/dags/reports.py","logger":"airflow.dag_processing.dagbag.BundleDagBag","filename":"dagbag.py","lineno":469}
{"timestamp":"2026-09-02T16:45:37.312253Z","level":"info","event":"Filling up the DagBag from /opt/airflow/dags/reports.py","logger":"airflow.dag_processing.dagbag.BundleDagBag","filename":"dagbag.py","lineno":469}
{"timestamp":"2026-09-02T16:46:07.638011Z","level":"info","event":"Filling up the DagBag from /opt/airflow/dags/reports.py","logger":"airflow.dag_processing.dagbag.BundleDagBag","filename":"dagbag.py","lineno":469}
{"timestamp":"2026-09-02T16:46:37.957413Z","level":"info","event":"Filling up the DagBag from /opt/airflow/dags/reports.py","logger":"airflow.dag_processing.dagbag.BundleDagBag","filename":"dagbag.py","lineno":469}
{"timestamp":"2026-09-02T16:47:08.464917Z","level":"info","event":"Filling up the DagBag from /opt/airflow/dags/reports.py","logger":"airflow.dag_processing.dagbag.BundleDagBag","filename":"dagbag.py","lineno":469}
{"timestamp":"2026-09-02T16:47:38.851559Z","level":"info","event":"Filling up the DagBag from /opt/airflow/dags/reports.py","logger":"airflow.dag_processing.dagbag.BundleDagBag","filename":"dagbag.py","lineno":469}
{"timestamp":"2026-09-02T16:48:09.188937Z","level":"info","event":"Filling up the DagBag from /opt/airflow/dags/reports.py","logger":"airflow.dag_processing.dagbag.BundleDagBag","filename":"dagbag.py","lineno":469}
{"timestamp":"2026-09-02T16:48:39.511781Z","level":"info","event":"Filling up the DagBag from /opt/airflow/dags/reports.py","logger":"airflow.dag_processing.dagbag.BundleDagBag","filename":"dagbag.py","lineno":469}
{"timestamp":"2026-09-02T16:49:10.024645Z","level":"info","event":"Filling up the DagBag from /opt/airflow/dags/reports.py","logger":"airflow.dag_processing.dagbag.BundleDagBag","filename":"dagbag.py","lineno":469}
{"timestamp":"2026-09-02T16:49:40.345878Z","level":"info","event":"Filling up the DagBag from /opt/airflow/dags/reports.py","logger":"airflow.dag_processing.dagbag.BundleDagBag","filename":"dagbag.py","lineno":469}
{"timestamp":"2026-09-02T16:50:10.719788Z","level":"info","event":"Filling up the DagBag from /opt/airflow/dags/reports.py","logger":"airflow.dag_processing.dagbag.BundleDagBag","filename":"dagbag.py","lineno":469}
{"timestamp":"2026-09-02T16:50:41.062227Z","level":"info","event":"Filling up the DagBag from /opt/airflow/dags/reports.py","logger":"airflow.dag_processing.dagbag.BundleDagBag","filename":"dagbag.py","lineno":469}
{"timestamp":"2026-09-02T16:51:11.396570Z","level":"info","event":"Filling up the DagBag from /opt/airflow/dags/reports.py","logger":"airflow.dag_processing.dagbag.BundleDagBag","filename":"dagbag.py","lineno":469}
{"timestamp":"2026-09-02T16:51:41.717097Z","level":"info","event":"Filling up the DagBag from /opt/airflow/dags/reports.py","logger":"airflow.dag_processing.dagbag.BundleDagBag","filename":"dagbag.py","lineno":469}
{"timestamp":"2026-09-02T16:52:12.043749Z","level":"info","event":"Filling up the DagBag from /opt/airflow/dags/reports.py","logger":"airflow.dag_processing.dagbag.BundleDagBag","filename":"dagbag.py","lineno":469}
{"timestamp":"2026-09-02T16:52:42.361572Z","level":"info","event":"Filling up the DagBag from /opt/airflow/dags/reports.py","logger":"airflow.dag_processing.dagbag.BundleDagBag","filename":"dagbag.py","lineno":469}
{"timestamp":"2026-09-02T16:53:12.677466Z","level":"info","event":"Filling up the DagBag from /opt/airflow/dags/reports.py","logger":"airflow.dag_processing.dagbag.BundleDagBag","filename":"dagbag.py","lineno":469}
{"timestamp":"2026-09-02T16:53:43.012764Z","level":"info","event":"Filling up the DagBag from /opt/airflow/dags/reports.py","logger":"airflow.dag_processing.dagbag.BundleDagBag","filename":"dagbag.py","lineno":469}
{"timestamp":"2026-09-02T16:54:13.364544Z","level":"info","event":"Filling up the DagBag from /opt/airflow/dags/reports.py","logger":"airflow.dag_processing.dagbag.BundleDagBag","filename":"dagbag.py","lineno":469}
{"timestamp":"2026-09-02T16:54:43.688756Z","level":"info","event":"Filling up the DagBag from /opt/airflow/dags/reports.py","logger":"airflow.dag_processing.dagbag.BundleDagBag","filename":"dagbag.py","lineno":469}
{"timestamp":"2026-09-02T16:55:14.009066Z","level":"info","event":"Filling up the DagBag from /opt/airflow/dags/reports.py","logger":"airflow.dag_processing.dagbag.BundleDagBag","filename":"dagbag.py","lineno":469}
{"timestamp":"2026-09-02T16:55:44.354856Z","level":"info","event":"Filling up the DagBag from /opt/airflow/dags/reports.py","logger":"airflow.dag_processing.dagbag.BundleDagBag","filename":"dagbag.py","lineno":469}
{"timestamp":"2026-09-02T16:56:14.692770Z","level":"info","event":"Filling up the DagBag from /opt/airflow/dags/reports.py","logger":"airflow.dag_processing.dagbag.BundleDagBag","filename":"dagbag.py","lineno":469}
{"timestamp":"2026-09-02T16:56:45.026208Z","level":"info","event":"Filling up the DagBag from /opt/airflow/dags/reports.py","logger":"airflow.dag_processing.dagbag.BundleDagBag","filename":"dagbag.py","lineno":469}
{"timestamp":"2026-09-02T16:57:15.357082Z","level":"info","event":"Filling up the DagBag from /opt/airflow/dags/reports.py","logger":"airflow.dag_processing.dagbag.BundleDagBag","filename":"dagbag.py","lineno":469}
{"timestamp":"2026-09-02T16:57:45.681996Z","level":"info","event":"Filling up the DagBag from /opt/airflow/dags/reports.py","logger":"airflow.dag_processing.dagbag.BundleDagBag","filename":"dagbag.py","lineno":469}
{"timestamp":"2026-09-02T16:58:16.013549Z","level":"info","event":"Filling up the DagBag from /opt/airflow/dags/reports.py","logger":"airflow.dag_processing.dagbag.BundleDagBag","filename":"dagbag.py","lineno":469}
{"timestamp":"2026-09-02T16:58:46.324843Z","level":"info","event":"Filling up the DagBag from /opt/airflow/dags/reports.py","logger":"airflow.dag_processing.dagbag.BundleDagBag","filename":"dagbag.py","lineno":469}
{"timestamp":"2026-09-02T16:59:16.656270Z","level":"info","event":"Filling up the DagBag from /opt/airflow/dags/reports.py","logger":"airflow.dag_processing.dagbag.BundleDagBag","filename":"dagbag.py","lineno":469}
{"timestamp":"2026-09-02T16:59:46.984250Z","level":"info","event":"Filling up the DagBag from /opt/airflow/dags/reports.py","logger":"airflow.dag_processing.dagbag.BundleDagBag","filename":"dagbag.py","lineno":469}
{"timestamp":"2026-09-02T17:00:17.335837Z","level":"info","event":"Filling up the DagBag from /opt/airflow/dags/reports.py","logger":"airflow.dag_processing.dagbag.BundleDagBag","filename":"dagbag.py","lineno":469}
{"timestamp":"2026-09-02T17:00:47.686542Z","level":"info","event":"Filling up the DagBag from /opt/airflow/dags/reports.py","logger":"airflow.dag_processing.dagbag.BundleDagBag","filename":"dagbag.py","lineno":469}
{"timestamp":"2026-09-02T17:01:18.005321Z","level":"info","event":"Filling up the DagBag from /opt/airflow/dags/reports.py","logger":"airflow.dag_processing.dagbag.BundleDagBag","filename":"dagbag.py","lineno":469}
{"timestamp":"2026-09-02T17:01:48.343101Z","level":"info","event":"Filling up the DagBag from /opt/airflow/dags/reports.py","logger":"airflow.dag_processing.dagbag.BundleDagBag","filename":"dagbag.py","lineno":469}
{"timestamp":"2026-09-02T17:02:18.746219Z","level":"info","event":"Filling up the DagBag from /opt/airflow/dags/reports.py","logger":"airflow.dag_processing.dagbag.BundleDagBag","filename":"dagbag.py","lineno":469}
{"timestamp":"2026-09-02T17:02:49.076873Z","level":"info","event":"Filling up the DagBag from /opt/airflow/dags/reports.py","logger":"airflow.dag_processing.dagbag.BundleDagBag","filename":"dagbag.py","lineno":469}
{"timestamp":"2026-09-02T17:03:19.405994Z","level":"info","event":"Filling up the DagBag from /opt/airflow/dags/reports.py","logger":"airflow.dag_processing.dagbag.BundleDagBag","filename":"dagbag.py","lineno":469}
{"timestamp":"2026-09-02T17:03:49.728223Z","level":"info","event":"Filling up the DagBag from /opt/airflow/dags/reports.py","logger":"airflow.dag_processing.dagbag.BundleDagBag","filename":"dagbag.py","lineno":469}
{"timestamp":"2026-09-02T17:04:20.047786Z","level":"info","event":"Filling up the DagBag from /opt/airflow/dags/reports.py","logger":"airflow.dag_processing.dagbag.BundleDagBag","filename":"dagbag.py","lineno":469}
{"timestamp":"2026-09-02T17:04:50.393848Z","level":"info","event":"Filling up the DagBag from /opt/airflow/dags/reports.py","logger":"airflow.dag_processing.dagbag.BundleDagBag","filename":"dagbag.py","lineno":469}
{"timestamp":"2026-09-02T17:05:20.737399Z","level":"info","event":"Filling up the DagBag from /opt/airflow/dags/reports.py","logger":"airflow.dag_processing.dagbag.BundleDagBag","filename":"dagbag.py","lineno":469}
{"timestamp":"2026-09-02T17:05:51.082803Z","level":"info","event":"Filling up the DagBag from /opt/airflow/dags/reports.py","logger":"airflow.dag_processing.dagbag.BundleDagBag","filename":"dagbag.py","lineno":469}
{"timestamp":"2026-09-02T17:06:21.419931Z","level":"info","event":"Filling up the DagBag from /opt/airflow/dags/reports.py","logger":"airflow.dag_processing.dagbag.BundleDagBag","filename":"dagbag.py","lineno":469}
{"timestamp":"2026-09-02T17:06:51.780319Z","level":"info","event":"Filling up the DagBag from /opt/airflow/dags/reports.py","logger":"airflow.dag_processing.dagbag.BundleDagBag","filename":"dagbag.py","lineno":469}
{"timestamp":"2026-09-02T17:07:22.120575Z","level":"info","event":"Filling up the DagBag from /opt/airflow/dags/reports.py","logger":"airflow.dag_processing.dagbag.BundleDagBag","filename":"dagbag.py","lineno":469}
{"timestamp":"2026-09-02T17:07:52.451565Z","level":"info","event":"Filling up the DagBag from /opt/airflow/dags/reports.py","logger":"airflow.dag_processing.dagbag.BundleDagBag","filename":"dagbag.py","lineno":469}
{"timestamp":"2026-09-02T17:08:22.839082Z","level":"info","event":"Filling up the DagBag from /opt/airflow/dags/reports.py","logger":"airflow.dag_processing.dagbag.BundleDagBag","filename":"dagbag.py","lineno":469}
{"timestamp":"2026-09-02T17:08:53.174235Z","level":"info","event":"Filling up the DagBag from /opt/airflow/dags/reports.py","logger":"airflow.dag_processing.dagbag.BundleDagBag","filename":"dagbag.py","lineno":469}
{"timestamp":"2026-09-02T17:09:23.534409Z","level":"info","event":"Filling up the DagBag from /opt/airflow/dags/reports.py","logger":"airflow.dag_processing.dagbag.BundleDagBag","filename":"dagbag.py","lineno":469}
{"timestamp":"2026-09-02T17:09:53.866123Z","level":"info","event":"Filling up the DagBag from /opt/airflow/dags/reports.py","logger":"airflow.dag_processing.dagbag.BundleDagBag","filename":"dagbag.py","lineno":469}
{"timestamp":"2026-09-02T17:10:24.190691Z","level":"info","event":"Filling up the DagBag from /opt/airflow/dags/reports.py","logger":"airflow.dag_processing.dagbag.BundleDagBag","filename":"dagbag.py","lineno":469}
{"timestamp":"2026-09-02T17:10:54.510903Z","level":"info","event":"Filling up the DagBag from /opt/airflow/dags/reports.py","logger":"airflow.dag_processing.dagbag.BundleDagBag","filename":"dagbag.py","lineno":469}
{"timestamp":"2026-09-02T17:11:24.864777Z","level":"info","event":"Filling up the DagBag from /opt/airflow/dags/reports.py","logger":"airflow.dag_processing.dagbag.BundleDagBag","filename":"dagbag.py","lineno":469}
{"timestamp":"2026-09-02T17:11:55.205804Z","level":"info","event":"Filling up the DagBag from /opt/airflow/dags/reports.py","logger":"airflow.dag_processing.dagbag.BundleDagBag","filename":"dagbag.py","lineno":469}
{"timestamp":"2026-09-02T17:12:25.544295Z","level":"info","event":"Filling up the DagBag from /opt/airflow/dags/reports.py","logger":"airflow.dag_processing.dagbag.BundleDagBag","filename":"dagbag.py","lineno":469}
{"timestamp":"2026-09-02T17:12:55.904313Z","level":"info","event":"Filling up the DagBag from /opt/airflow/dags/reports.py","logger":"airflow.dag_processing.dagbag.BundleDagBag","filename":"dagbag.py","lineno":469}
{"timestamp":"2026-09-02T17:13:26.252474Z","level":"info","event":"Filling up the DagBag from /opt/airflow/dags/reports.py","logger":"airflow.dag_processing.dagbag.BundleDagBag","filename":"dagbag.py","lineno":469}
{"timestamp":"2026-09-02T17:13:56.586181Z","level":"info","event":"Filling up the DagBag from /opt/airflow/dags/reports.py","logger":"airflow.dag_processing.dagbag.BundleDagBag","filename":"dagbag.py","lineno":469}
{"timestamp":"2026-09-02T17:14:26.949385Z","level":"info","event":"Filling up the DagBag from /opt/airflow/dags/reports.py","logger":"airflow.dag_processing.dagbag.BundleDagBag","filename":"dagbag.py","lineno":469}
{"timestamp":"2026-09-02T17:14:57.838286Z","level":"info","event":"Filling up the DagBag from /opt/airflow/dags/reports.py","logger":"airflow.dag_processing.dagbag.BundleDagBag","filename":"dagbag.py","lineno":469}
{"timestamp":"2026-09-02T17:15:28.177812Z","level":"info","event":"Filling up the DagBag from /opt/airflow/dags/reports.py","logger":"airflow.dag_processing.dagbag.BundleDagBag","filename":"dagbag.py","lineno":469}
{"timestamp":"2026-09-02T17:15:58.506817Z","level":"info","event":"Filling up the DagBag from /opt/airflow/dags/reports.py","logger":"airflow.dag_processing.dagbag.BundleDagBag","filename":"dagbag.py","lineno":469}
{"timestamp":"2026-09-02T17:16:28.834292Z","level":"info","event":"Filling up the DagBag from /opt/airflow/dags/reports.py","logger":"airflow.dag_processing.dagbag.BundleDagBag","filename":"dagbag.py","lineno":469}
{"timestamp":"2026-09-02T17:16:59.207650Z","level":"info","event":"Filling up the DagBag from /opt/airflow/dags/reports.py","logger":"airflow.dag_processing.dagbag.BundleDagBag","filename":"dagbag.py","lineno":469}
{"timestamp":"2026-09-02T17:17:29.575432Z","level":"info","event":"Filling up the DagBag from /opt/airflow/dags/reports.py","logger":"airflow.dag_processing.dagbag.BundleDagBag","filename":"dagbag.py","lineno":469}
{"timestamp":"2026-09-02T17:17:59.902043Z","level":"info","event":"Filling up the DagBag from /opt/airflow/dags/reports.py","logger":"airflow.dag_processing.dagbag.BundleDagBag","filename":"dagbag.py","lineno":469}
{"timestamp":"2026-09-02T17:18:30.240158Z","level":"info","event":"Filling up the DagBag from /opt/airflow/dags/reports.py","logger":"airflow.dag_processing.dagbag.BundleDagBag","filename":"dagbag.py","lineno":469}
{"timestamp":"2026-09-02T17:19:00.589917Z","level":"info","event":"Filling up the DagBag from /opt/airflow/dags/reports.py","logger":"airflow.dag_processing.dagbag.BundleDagBag","filename":"dagbag.py","lineno":469}
{"timestamp":"2026-09-02T17:19:30.935864Z","level":"info","event":"Filling up the DagBag from /opt/airflow/dags/reports.py","logger":"airflow.dag_processing.dagbag.BundleDagBag","filename":"dagbag.py","lineno":469}
{"timestamp":"2026-09-02T17:20:01.269836Z","level":"info","event":"Filling up the DagBag from /opt/airflow/dags/reports.py","logger":"airflow.dag_processing.dagbag.BundleDagBag","filename":"dagbag.py","lineno":469}
{"timestamp":"2026-09-02T17:20:31.591739Z","level":"info","event":"Filling up the DagBag from /opt/airflow/dags/reports.py","logger":"airflow.dag_processing.dagbag.BundleDagBag","filename":"dagbag.py","lineno":469}
{"timestamp":"2026-09-02T17:21:01.912845Z","level":"info","event":"Filling up the DagBag from /opt/airflow/dags/reports.py","logger":"airflow.dag_processing.dagbag.BundleDagBag","filename":"dagbag.py","lineno":469}
{"timestamp":"2026-09-02T17:21:32.229783Z","level":"info","event":"Filling up the DagBag from /opt/airflow/dags/reports.py","logger":"airflow.dag_processing.dagbag.BundleDagBag","filename":"dagbag.py","lineno":469}
{"timestamp":"2026-09-02T17:22:02.562051Z","level":"info","event":"Filling up the DagBag from /opt/airflow/dags/reports.py","logger":"airflow.dag_processing.dagbag.BundleDagBag","filename":"dagbag.py","lineno":469}
{"timestamp":"2026-09-02T17:22:32.901457Z","level":"info","event":"Filling up the DagBag from /opt/airflow/dags/reports.py","logger":"airflow.dag_processing.dagbag.BundleDagBag","filename":"dagbag.py","lineno":469}
{"timestamp":"2026-09-02T17:23:03.224816Z","level":"info","event":"Filling up the DagBag from /opt/airflow/dags/reports.py","logger":"airflow.dag_processing.dagbag.BundleDagBag","filename":"dagbag.py","lineno":469}
{"timestamp":"2026-09-02T17:23:33.606451Z","level":"info","event":"Filling up the DagBag from /opt/airflow/dags/reports.py","logger":"airflow.dag_processing.dagbag.BundleDagBag","filename":"dagbag.py","lineno":469}
{"timestamp":"2026-09-02T17:24:03.934828Z","level":"info","event":"Filling up the DagBag from /opt/airflow/dags/reports.py","logger":"airflow.dag_processing.dagbag.BundleDagBag","filename":"dagbag.py","lineno":469}
{"timestamp":"2026-09-02T17:24:34.267135Z","level":"info","event":"Filling up the DagBag from /opt/airflow/dags/reports.py","logger":"airflow.dag_processing.dagbag.BundleDagBag","filename":"dagbag.py","lineno":469}
{"timestamp":"2026-09-02T17:25:04.634697Z","level":"info","event":"Filling up the DagBag from /opt/airflow/dags/reports.py","logger":"airflow.dag_processing.dagbag.BundleDagBag","filename":"dagbag.py","lineno":469}
{"timestamp":"2026-09-02T17:25:34.988187Z","level":"info","event":"Filling up the DagBag from /opt/airflow/dags/reports.py","logger":"airflow.dag_processing.dagbag.BundleDagBag","filename":"dagbag.py","lineno":469}
{"timestamp":"2026-09-02T17:26:05.337546Z","level":"info","event":"Filling up the DagBag from /opt/airflow/dags/reports.py","logger":"airflow.dag_processing.dagbag.BundleDagBag","filename":"dagbag.py","lineno":469}
{"timestamp":"2026-09-02T17:26:35.666291Z","level":"info","event":"Filling up the DagBag from /opt/airflow/dags/reports.py","logger":"airflow.dag_processing.dagbag.BundleDagBag","filename":"dagbag.py","lineno":469}
{"timestamp":"2026-09-02T17:27:05.992707Z","level":"info","event":"Filling up the DagBag from /opt/airflow/dags/reports.py","logger":"airflow.dag_processing.dagbag.BundleDagBag","filename":"dagbag.py","lineno":469}
{"timestamp":"2026-09-02T17:27:36.316411Z","level":"info","event":"Filling up the DagBag from /opt/airflow/dags/reports.py","logger":"airflow.dag_processing.dagbag.BundleDagBag","filename":"dagbag.py","lineno":469}
{"timestamp":"2026-09-02T17:28:06.643828Z","level":"info","event":"Filling up the DagBag from /opt/airflow/dags/reports.py","logger":"airflow.dag_processing.dagbag.BundleDagBag","filename":"dagbag.py","lineno":469}
{"timestamp":"2026-09-02T17:28:36.973722Z","level":"info","event":"Filling up the DagBag from /opt/airflow/dags/reports.py","logger":"airflow.dag_processing.dagbag.BundleDagBag","filename":"dagbag.py","lineno":469}
{"timestamp":"2026-09-02T17:29:07.298863Z","level":"info","event":"Filling up the DagBag from /opt/airflow/dags/reports.py","logger":"airflow.dag_processing.dagbag.BundleDagBag","filename":"dagbag.py","lineno":469}
{"timestamp":"2026-09-02T17:29:37.631191Z","level":"info","event":"Filling up the DagBag from /opt/airflow/dags/reports.py","logger":"airflow.dag_processing.dagbag.BundleDagBag","filename":"dagbag.py","lineno":469}
{"timestamp":"2026-09-02T17:30:08.020859Z","level":"info","event":"Filling up the DagBag from /opt/airflow/dags/reports.py","logger":"airflow.dag_processing.dagbag.BundleDagBag","filename":"dagbag.py","lineno":469}
{"timestamp":"2026-09-02T17:30:38.356755Z","level":"info","event":"Filling up the DagBag from /opt/airflow/dags/reports.py","logger":"airflow.dag_processing.dagbag.BundleDagBag","filename":"dagbag.py","lineno":469}
{"timestamp":"2026-09-02T17:31:08.700148Z","level":"info","event":"Filling up the DagBag from /opt/airflow/dags/reports.py","logger":"airflow.dag_processing.dagbag.BundleDagBag","filename":"dagbag.py","lineno":469}
{"timestamp":"2026-09-02T17:31:39.112187Z","level":"info","event":"Filling up the DagBag from /opt/airflow/dags/reports.py","logger":"airflow.dag_processing.dagbag.BundleDagBag","filename":"dagbag.py","lineno":469}
{"timestamp":"2026-09-02T17:32:09.451383Z","level":"info","event":"Filling up the DagBag from /opt/airflow/dags/reports.py","logger":"airflow.dag_processing.dagbag.BundleDagBag","filename":"dagbag.py","lineno":469}
{"timestamp":"2026-09-02T17:32:39.804238Z","level":"info","event":"Filling up the DagBag from /opt/airflow/dags/reports.py","logger":"airflow.dag_processing.dagbag.BundleDagBag","filename":"dagbag.py","lineno":469}
{"timestamp":"2026-09-02T17:33:10.150633Z","level":"info","event":"Filling up the DagBag from /opt/airflow/dags/reports.py","logger":"airflow.dag_processing.dagbag.BundleDagBag","filename":"dagbag.py","lineno":469}
{"timestamp":"2026-09-02T17:33:40.521893Z","level":"info","event":"Filling up the DagBag from /opt/airflow/dags/reports.py","logger":"airflow.dag_processing.dagbag.BundleDagBag","filename":"dagbag.py","lineno":469}
