{"timestamp":"2026-08-27T10:07:01.081483Z","level":"info","event":"Filling up the DagBag from /opt/airflow/dags/3_conditional_dag.py","logger":"airflow.dag_processing.dagbag.BundleDagBag","filename":"dagbag.py","lineno":469}
{"timestamp":"2026-08-27T10:07:31.720895Z","level":"info","event":"Filling up the DagBag from /opt/airflow/dags/3_conditional_dag.py","logger":"airflow.dag_processing.dagbag.BundleDagBag","filename":"dagbag.py","lineno":469}
{"timestamp":"2026-08-27T10:08:02.151109Z","level":"info","event":"Filling up the DagBag from /opt/airflow/dags/3_conditional_dag.py","logger":"airflow.dag_processing.dagbag.BundleDagBag","filename":"dagbag.py","lineno":469}
{"timestamp":"2026-08-27T10:08:32.547029Z","level":"info","event":"Filling up the DagBag from /opt/airflow/dags/3_conditional_dag.py","logger":"airflow.dag_processing.dagbag.BundleDagBag","filename":"dagbag.py","lineno":469}
{"timestamp":"2026-08-27T10:09:02.960881Z","level":"info","event":"Filling up the DagBag from /opt/airflow/dags/3_conditional_dag.py","logger":"airflow.dag_processing.dagbag.BundleDagBag","filename":"dagbag.py","lineno":469}
{"timestamp":"2026-08-27T10:09:33.375503Z","level":"info","event":"Filling up the DagBag from /opt/airflow/dags/3_conditional_dag.py","logger":"airflow.dag_processing.dagbag.BundleDagBag","filename":"dagbag.py","lineno":469}
{"timestamp":"2026-08-27T10:10:03.758734Z","level":"info","event":"Filling up the DagBag from /opt/airflow/dags/3_conditional_dag.py","logger":"airflow.dag_processing.dagbag.BundleDagBag","filename":"dagbag.py","lineno":469}
{"timestamp":"2026-08-27T10:10:34.174756Z","level":"info","event":"Filling up the DagBag from /opt/airflow/dags/3_conditional_dag.py","logger":"airflow.dag_processing.dagbag.BundleDagBag","filename":"dagbag.py","lineno":469}
{"timestamp":"2026-08-27T10:11:04.640911Z","level":"info","event":"Filling up the DagBag from /opt/airflow/dags/3_conditional_dag.py","logger":"airflow.dag_processing.dagbag.BundleDagBag","filename":"dagbag.py","lineno":469}
{"timestamp":"2026-08-27T10:11:35.111540Z","level":"info","event":"Filling up the DagBag from /opt/airflow/dags/3_conditional_dag.py","logger":"airflow.dag_processing.dagbag.BundleDagBag","filename":"dagbag.py","lineno":469}
{"timestamp":"2026-08-27T10:12:05.592459Z","level":"info","event":"Filling up the DagBag from /opt/airflow/dags/3_conditional_dag.py","logger":"airflow.dag_processing.dagbag.BundleDagBag","filename":"dagbag.py","lineno":469}
{"timestamp":"2026-08-27T10:12:36.021766Z","level":"info","event":"Filling up the DagBag from /opt/airflow/dags/3_conditional_dag.py","logger":"airflow.dag_processing.dagbag.BundleDagBag","filename":"dagbag.py","lineno":469}
{"timestamp":"2026-08-27T10:13:06.451216Z","level":"info","event":"Filling up the DagBag from /opt/airflow/dags/3_conditional_dag.py","logger":"airflow.dag_processing.dagbag.BundleDagBag","filename":"dagbag.py","lineno":469}
{"timestamp":"2026-08-27T10:13:36.853482Z","level":"info","event":"Filling up the DagBag from /opt/airflow/dags/3_conditional_dag.py","logger":"airflow.dag_processing.dagbag.BundleDagBag","filename":"dagbag.py","lineno":469}
{"timestamp":"2026-08-27T10:14:07.276932Z","level":"info","event":"Filling up the DagBag from /opt/airflow/dags/3_conditional_dag.py","logger":"airflow.dag_processing.dagbag.BundleDagBag","filename":"dagbag.py","lineno":469}
{"timestamp":"2026-08-27T10:14:37.672642Z","level":"info","event":"Filling up the DagBag from /opt/airflow/dags/3_conditional_dag.py","logger":"airflow.dag_processing.dagbag.BundleDagBag","filename":"dagbag.py","lineno":469}
{"timestamp":"2026-08-27T10:15:08.066001Z","level":"info","event":"Filling up the DagBag from /opt/airflow/dags/3_conditional_dag.py","logger":"airflow.dag_processing.dagbag.BundleDagBag","filename":"dagbag.py","lineno":469}
{"timestamp":"2026-08-27T10:15:38.476307Z","level":"info","event":"Filling up the DagBag from /opt/airflow/dags/3_conditional_dag.py","logger":"airflow.dag_processing.dagbag.BundleDagBag","filename":"dagbag.py","lineno":469}
{"timestamp":"2026-08-27T10:16:08.891360Z","level":"info","event":"Filling up the DagBag from /opt/airflow/dags/3_conditional_dag.py","logger":"airflow.dag_processing.dagbag.BundleDagBag","filename":"dagbag.py","lineno":469}
{"timestamp":"2026-08-27T10:16:39.295094Z","level":"info","event":"Filling up the DagBag from /opt/airflow/dags/3_conditional_dag.py","logger":"airflow.dag_processing.dagbag.BundleDagBag","filename":"dagbag.py","lineno":469}
{"timestamp":"2026-08-27T10:17:09.847472Z","level":"info","event":"Filling up the DagBag from /opt/airflow/dags/3_conditional_dag.py","logger":"airflow.dag_processing.dagbag.BundleDagBag","filename":"dagbag.py","lineno":469}
{"timestamp":"2026-08-27T10:17:40.238316Z","level":"info","event":"Filling up the DagBag from /opt/airflow/dags/3_conditional_dag.py","logger":"airflow.dag_processing.dagbag.BundleDagBag","filename":"dagbag.py","lineno":469}
{"timestamp":"2026-08-27T10:18:10.637540Z","level":"info","event":"Filling up the DagBag from /opt/airflow/dags/3_conditional_dag.py","logger":"airflow.dag_processing.dagbag.BundleDagBag","filename":"dagbag.py","lineno":469}
{"timestamp":"2026-08-27T10:18:41.036451Z","level":"info","event":"Filling up the DagBag from /opt/airflow/dags/3_conditional_dag.py","logger":"airflow.dag_processing.dagbag.BundleDagBag","filename":"dagbag.py","lineno":469}
{"timestamp":"2026-08-27T10:19:11.415093Z","level":"info","event":"Filling up the DagBag from /opt/airflow/dags/3_conditional_dag.py","logger":"airflow.dag_processing.dagbag.BundleDagBag","filename":"dagbag.py","lineno":469}
{"timestamp":"2026-08-27T10:19:41.818054Z","level":"info","event":"Filling up the DagBag from /opt/airflow/dags/3_conditional_dag.py","logger":"airflow.dag_processing.dagbag.BundleDagBag","filename":"dagbag.py","lineno":469}
{"timestamp":"2026-08-27T10:20:12.225909Z","level":"info","event":"Filling up the DagBag from /opt/airflow/dags/3_conditional_dag.py","logger":"airflow.dag_processing.dagbag.BundleDagBag","filename":"dagbag.py","lineno":469}
{"timestamp":"2026-08-27T10:20:42.639019Z","level":"info","event":"Filling up the DagBag from /opt/airflow/dags/3_conditional_dag.py","logger":"airflow.dag_processing.dagbag.BundleDagBag","filename":"dagbag.py","lineno":469}
{"timestamp":"2026-08-27T10:21:13.089414Z","level":"info","event":"Filling up the DagBag from /opt/airflow/dags/3_conditional_dag.py","logger":"airflow.dag_processing.dagbag.BundleDagBag","filename":"dagbag.py","lineno":469}
{"timestamp":"2026-08-27T10:21:43.528347Z","level":"info","event":"Filling up the DagBag from /opt/airflow/dags/3_conditional_dag.py","logger":"airflow.dag_processing.dagbag.BundleDagBag","filename":"dagbag.py","lineno":469}
{"timestamp":"2026-08-27T10:22:14.003586Z","level":"info","event":"Filling up the DagBag from /opt/airflow/dags/3_conditional_dag.py","logger":"airflow.dag_processing.dagbag.BundleDagBag","filename":"dagbag.py","lineno":469}
{"timestamp":"2026-08-27T10:22:44.536442Z","level":"info","event":"Filling up the DagBag from /opt/airflow/dags/3_conditional_dag.py","logger":"airflow.dag_processing.dagbag.BundleDagBag","filename":"dagbag.py","lineno":469}
{"timestamp":"2026-08-27T10:23:15.018475Z","level":"info","event":"Filling up the DagBag from /opt/airflow/dags/3_conditional_dag.py","logger":"airflow.dag_processing.dagbag.BundleDagBag","filename":"dagbag.py","lineno":469}
{"timestamp":"2026-08-27T10:23:45.447371Z","level":"info","event":"Filling up the DagBag from /opt/airflow/dags/3_conditional_dag.py","logger":"airflow.dag_processing.dagbag.BundleDagBag","filename":"dagbag.py","lineno":469}
{"timestamp":"2026-08-27T10:24:15.836023Z","level":"info","event":"Filling up the DagBag from /opt/airflow/dags/3_conditional_dag.py","logger":"airflow.dag_processing.dagbag.BundleDagBag","filename":"dagbag.py","lineno":469}
{"timestamp":"2026-08-27T10:24:46.228626Z","level":"info","event":"Filling up the DagBag from /opt/airflow/dags/3_conditional_dag.py","logger":"airflow.dag_processing.dagbag.BundleDagBag","filename":"dagbag.py","lineno":469}
{"timestamp":"2026-08-27T10:25:16.660347Z","level":"info","event":"Filling up the DagBag from /opt/airflow/dags/3_conditional_dag.py","logger":"airflow.dag_processing.dagbag.BundleDagBag","filename":"dagbag.py","lineno":469}
{"timestamp":"2026-08-27T10:25:47.052989Z","level":"info","event":"Filling up the DagBag from /opt/airflow/dags/3_conditional_dag.py","logger":"airflow.dag_processing.dagbag.BundleDagBag","filename":"dagbag.py","lineno":469}
{"timestamp":"2026-08-27T10:26:17.449819Z","level":"info","event":"Filling up the DagBag from /opt/airflow/dags/3_conditional_dag.py","logger":"airflow.dag_processing.dagbag.BundleDagBag","filename":"dagbag.py","lineno":469}
{"timestamp":"2026-08-27T10:26:47.856810Z","level":"info","event":"Filling up the DagBag from /opt/airflow/dags/3_conditional_dag.py","logger":"airflow.dag_processing.dagbag.BundleDagBag","filename":"dagbag.py","lineno":469}
{"timestamp":"2026-08-27T10:27:18.298986Z","level":"info","event":"Filling up the DagBag from /opt/airflow/dags/3_conditional_dag.py","logger":"airflow.dag_processing.dagbag.BundleDagBag","filename":"dagbag.py","lineno":469}
{"timestamp":"2026-08-27T10:27:48.701260Z","level":"info","event":"Filling up the DagBag from /opt/airflow/dags/3_conditional_dag.py","logger":"airflow.dag_processing.dagbag.BundleDagBag","filename":"dagbag.py","lineno":469}
{"timestamp":"2026-08-27T10:28:19.116537Z","level":"info","event":"Filling up the DagBag from /opt/airflow/dags/3_conditional_dag.py","logger":"airflow.dag_processing.dagbag.BundleDagBag","filename":"dagbag.py","lineno":469}
{"timestamp":"2026-08-27T10:28:49.579688Z","level":"info","event":"Filling up the DagBag from /opt/airflow/dags/3_conditional_dag.py","logger":"airflow.dag_processing.dagbag.BundleDagBag","filename":"dagbag.py","lineno":469}
{"timestamp":"2026-08-27T10:29:19.981298Z","level":"info","event":"Filling up the DagBag from /opt/airflow/dags/3_conditional_dag.py","logger":"airflow.dag_processing.dagbag.BundleDagBag","filename":"dagbag.py","lineno":469}
{"timestamp":"2026-08-27T10:29:50.369650Z","level":"info","event":"Filling up the DagBag from /opt/airflow/dags/3_conditional_dag.py","logger":"airflow.dag_processing.dagbag.BundleDagBag","filename":"dagbag.py","lineno":469}
{"timestamp":"2026-08-27T10:30:20.798272Z","level":"info","event":"Filling up the DagBag from /opt/airflow/dags/3_conditional_dag.py","logger":"airflow.dag_processing.dagbag.BundleDagBag","filename":"dagbag.py","lineno":469}
{"timestamp":"2026-08-27T10:30:51.185886Z","level":"info","event":"Filling up the DagBag from /opt/airflow/dags/3_conditional_dag.py","logger":"airflow.dag_processing.dagbag.BundleDagBag","filename":"dagbag.py","lineno":469}
{"timestamp":"2026-08-27T10:31:21.567612Z","level":"info","event":"Filling up the DagBag from /opt/airflow/dags/3_conditional_dag.py","logger":"airflow.dag_processing.dagbag.BundleDagBag","filename":"dagbag.py","lineno":469}
{"timestamp":"2026-08-27T10:31:51.965805Z","level":"info","event":"Filling up the DagBag from /opt/airflow/dags/3_conditional_dag.py","logger":"airflow.dag_processing.dagbag.BundleDagBag","filename":"dagbag.py","lineno":469}
{"timestamp":"2026-08-27T10:32:22.347249Z","level":"info","event":"Filling up the DagBag from /opt/airflow/dags/3_conditional_dag.py","logger":"airflow.dag_processing.dagbag.BundleDagBag","filename":"dagbag.py","lineno":469}
{"timestamp":"2026-08-27T10:32:52.740227Z","level":"info","event":"Filling up the DagBag from /opt/airflow/dags/3_conditional_dag.py","logger":"airflow.dag_processing.dagbag.BundleDagBag","filename":"dagbag.py","lineno":469}
{"timestamp":"2026-08-27T10:33:23.159743Z","level":"info","event":"Filling up the DagBag from /opt/airflow/dags/3_conditional_dag.py","logger":"airflow.dag_processing.dagbag.BundleDagBag","filename":"dagbag.py","lineno":469}
{"timestamp":"2026-08-27T10:33:53.570410Z","level":"info","event":"Filling up the DagBag from /opt/airflow/dags/3_conditional_dag.py","logger":"airflow.dag_processing.dagbag.BundleDagBag","filename":"dagbag.py","lineno":469}
{"timestamp":"2026-08-27T10:34:23.977909Z","level":"info","event":"Filling up the DagBag from /opt/airflow/dags/3_conditional_dag.py","logger":"airflow.dag_processing.dagbag.BundleDagBag","filename":"dagbag.py","lineno":469}
{"timestamp":"2026-08-27T10:34:54.498962Z","level":"info","event":"Filling up the DagBag from /opt/airflow/dags/3_conditional_dag.py","logger":"airflow.dag_processing.dagbag.BundleDagBag","filename":"dagbag.py","lineno":469}
{"timestamp":"2026-08-27T10:35:25.015473Z","level":"info","event":"Filling up the DagBag from /opt/airflow/dags/3_conditional_dag.py","logger":"airflow.dag_processing.dagbag.BundleDagBag","filename":"dagbag.py","lineno":469}
{"timestamp":"2026-08-27T10:35:55.404882Z","level":"info","event":"Filling up the DagBag from /opt/airflow/dags/3_conditional_dag.py","logger":"airflow.dag_processing.dagbag.BundleDagBag","filename":"dagbag.py","lineno":469}
{"timestamp":"2026-08-27T10:36:25.792908Z","level":"info","event":"Filling up the DagBag from /opt/airflow/dags/3_conditional_dag.py","logger":"airflow.dag_processing.dagbag.BundleDagBag","filename":"dagbag.py","lineno":469}
{"timestamp":"2026-08-27T10:36:56.207485Z","level":"info","event":"Filling up the DagBag from /opt/airflow/dags/3_conditional_dag.py","logger":"airflow.dag_processing.dagbag.BundleDagBag","filename":"dagbag.py","lineno":469}
{"timestamp":"2026-08-27T10:47:34.284923Z","level":"info","event":"Filling up the DagBag from /opt/airflow/dags/3_conditional_dag.py","logger":"airflow.dag_processing.dagbag.BundleDagBag","filename":"dagbag.py","lineno":469}
{"timestamp":"2026-08-27T10:48:04.734845Z","level":"info","event":"Filling up the DagBag from /opt/airflow/dags/3_conditional_dag.py","logger":"airflow.dag_processing.dagbag.BundleDagBag","filename":"dagbag.py","lineno":469}
{"timestamp":"2026-08-27T10:48:35.177275Z","level":"info","event":"Filling up the DagBag from /opt/airflow/dags/3_conditional_dag.py","logger":"airflow.dag_processing.dagbag.BundleDagBag","filename":"dagbag.py","lineno":469}
{"timestamp":"2026-08-27T10:49:05.639427Z","level":"info","event":"Filling up the DagBag from /opt/airflow/dags/3_conditional_dag.py","logger":"airflow.dag_processing.dagbag.BundleDagBag","filename":"dagbag.py","lineno":469}
{"timestamp":"2026-08-27T10:49:36.101547Z","level":"info","event":"Filling up the DagBag from /opt/airflow/dags/3_conditional_dag.py","logger":"airflow.dag_processing.dagbag.BundleDagBag","filename":"dagbag.py","lineno":469}
{"timestamp":"2026-08-27T10:50:06.561135Z","level":"info","event":"Filling up the DagBag from /opt/airflow/dags/3_conditional_dag.py","logger":"airflow.dag_processing.dagbag.BundleDagBag","filename":"dagbag.py","lineno":469}
{"timestamp":"2026-08-27T10:50:37.019920Z","level":"info","event":"Filling up the DagBag from /opt/airflow/dags/3_conditional_dag.py","logger":"airflow.dag_processing.dagbag.BundleDagBag","filename":"dagbag.py","lineno":469}
{"timestamp":"2026-08-27T10:51:07.479067Z","level":"info","event":"Filling up the DagBag from /opt/airflow/dags/3_conditional_dag.py","logger":"airflow.dag_processing.dagbag.BundleDagBag","filename":"dagbag.py","lineno":469}
{"timestamp":"2026-08-27T10:51:38.001211Z","level":"info","event":"Filling up the DagBag from /opt/airflow/dags/3_conditional_dag.py","logger":"airflow.dag_processing.dagbag.BundleDagBag","filename":"dagbag.py","lineno":469}
{"timestamp":"2026-08-27T10:52:08.522931Z","level":"info","event":"Filling up the DagBag from /opt/airflow/dags/3_conditional_dag.py","logger":"airflow.dag_processing.dagbag.BundleDagBag","filename":"dagbag.py","lineno":469}
{"timestamp":"2026-08-27T10:52:39.156835Z","level":"info","event":"Filling up the DagBag from /opt/airflow/dags/3_conditional_dag.py","logger":"airflow.dag_processing.dagbag.BundleDagBag","filename":"dagbag.py","lineno":469}
{"timestamp":"2026-08-27T10:53:09.654999Z","level":"info","event":"Filling up the DagBag from /opt/airflow/dags/3_conditional_dag.py","logger":"airflow.dag_processing.dagbag.BundleDagBag","filename":"dagbag.py","lineno":469}
{"timestamp":"2026-08-27T10:53:40.102197Z","level":"info","event":"Filling up the DagBag from /opt/airflow/dags/3_conditional_dag.py","logger":"airflow.dag_processing.dagbag.BundleDagBag","filename":"dagbag.py","lineno":469}
{"timestamp":"2026-08-27T10:54:10.619645Z","level":"info","event":"Filling up the DagBag from /opt/airflow/dags/3_conditional_dag.py","logger":"airflow.dag_processing.dagbag.BundleDagBag","filename":"dagbag.py","lineno":469}
{"timestamp":"2026-08-27T10:54:41.062397Z","level":"info","event":"Filling up the DagBag from /opt/airflow/dags/3_conditional_dag.py","logger":"airflow.dag_processing.dagbag.BundleDagBag","filename":"dagbag.py","lineno":469}
{"timestamp":"2026-08-27T10:55:11.528276Z","level":"info","event":"Filling up the DagBag from /opt/airflow/dags/3_conditional_dag.py","logger":"airflow.dag_processing.dagbag.BundleDagBag","filename":"dagbag.py","lineno":469}
{"timestamp":"2026-08-27T10:55:41.980014Z","level":"info","event":"Filling up the DagBag from /opt/airflow/dags/3_conditional_dag.py","logger":"airflow.dag_processing.dagbag.BundleDagBag","filename":"dagbag.py","lineno":469}
{"timestamp":"2026-08-27T10:56:12.467950Z","level":"info","event":"Filling up the DagBag from /opt/airflow/dags/3_conditional_dag.py","logger":"airflow.dag_processing.dagbag.BundleDagBag","filename":"dagbag.py","lineno":469}
{"timestamp":"2026-08-27T10:56:42.904487Z","level":"info","event":"Filling up the DagBag from /opt/airflow/dags/3_conditional_dag.py","logger":"airflow.dag_processing.dagbag.BundleDagBag","filename":"dagbag.py","lineno":469}
{"timestamp":"2026-08-27T10:57:13.364509Z","level":"info","event":"Filling up the DagBag from /opt/airflow/dags/3_conditional_dag.py","logger":"airflow.dag_processing.dagbag.BundleDagBag","filename":"dagbag.py","lineno":469}
{"timestamp":"2026-08-27T10:57:43.819359Z","level":"info","event":"Filling up the DagBag from /opt/airflow/dags/3_conditional_dag.py","logger":"airflow.dag_processing.dagbag.BundleDagBag","filename":"dagbag.py","lineno":469}
{"timestamp":"2026-08-27T10:58:14.320704Z","level":"info","event":"Filling up the DagBag from /opt/airflow/dags/3_conditional_dag.py","logger":"airflow.dag_processing.dagbag.BundleDagBag","filename":"dagbag.py","lineno":469}
{"timestamp":"2026-08-27T10:58:44.766050Z","level":"info","event":"Filling up the DagBag from /opt/airflow/dags/3_conditional_dag.py","logger":"airflow.dag_processing.dagbag.BundleDagBag","filename":"dagbag.py","lineno":469}
{"timestamp":"2026-08-27T10:59:15.253465Z","level":"info","event":"Filling up the DagBag from /opt/airflow/dags/3_conditional_dag.py","logger":"airflow.dag_processing.dagbag.BundleDagBag","filename":"dagbag.py","lineno":469}
{"timestamp":"2026-08-27T10:59:45.713611Z","level":"info","event":"Filling up the DagBag from /opt/airflow/dags/3_conditional_dag.py","logger":"airflow.dag_processing.dagbag.BundleDagBag","filename":"dagbag.py","lineno":469}
{"timestamp":"2026-08-27T11:00:16.211800Z","level":"info","event":"Filling up the DagBag from /opt/airflow/dags/3_conditional_dag.py","logger":"airflow.dag_processing.dagbag.BundleDagBag","filename":"dagbag.py","lineno":469}
{"timestamp":"2026-08-27T11:00:46.672810Z","level":"info","event":"Filling up the DagBag from /opt/airflow/dags/3_conditional_dag.py","logger":"airflow.dag_processing.dagbag.BundleDagBag","filename":"dagbag.py","lineno":469}
{"timestamp":"2026-08-27T11:01:17.112506Z","level":"info","event":"Filling up the DagBag from /opt/airflow/dags/3_conditional_dag.py","logger":"airflow.dag_processing.dagbag.BundleDagBag","filename":"dagbag.py","lineno":469}
{"timestamp":"2026-08-27T11:01:47.573847Z","level":"info","event":"Filling up the DagBag from /opt/airflow/dags/3_conditional_dag.py","logger":"airflow.dag_processing.dagbag.BundleDagBag","filename":"dagbag.py","lineno":469}
{"timestamp":"2026-08-27T11:02:18.024175Z","level":"info","event":"Filling up the DagBag from /opt/airflow/dags/3_conditional_dag.py","logger":"airflow.dag_processing.dagbag.BundleDagBag","filename":"dagbag.py","lineno":469}
{"timestamp":"2026-08-27T11:02:48.471644Z","level":"info","event":"Filling up the DagBag from /opt/airflow/dags/3_conditional_dag.py","logger":"airflow.dag_processing.dagbag.BundleDagBag","filename":"dagbag.py","lineno":469}
{"timestamp":"2026-08-27T11:03:17.988219Z","level":"info","event":"Filling up the DagBag from /opt/airflow/dags/3_conditional_dag.py","logger":"airflow.dag_processing.dagbag.BundleDagBag","filename":"dagbag.py","lineno":469}
{"timestamp":"2026-08-27T11:03:31.420196Z","level":"info","event":"Filling up the DagBag from /opt/airflow/dags/3_conditional_dag.py","logger":"airflow.dag_processing.dagbag.BundleDagBag","filename":"dagbag.py","lineno":469}
{"timestamp":"2026-08-27T11:04:01.921106Z","level":"info","event":"Filling up the DagBag from /opt/airflow/dags/3_conditional_dag.py","logger":"airflow.dag_processing.dagbag.BundleDagBag","filename":"dagbag.py","lineno":469}
{"timestamp":"2026-08-27T11:04:32.401712Z","level":"info","event":"Filling up the DagBag from /opt/airflow/dags/3_conditional_dag.py","logger":"airflow.dag_processing.dagbag.BundleDagBag","filename":"dagbag.py","lineno":469}
{"timestamp":"2026-08-27T11:05:02.887089Z","level":"info","event":"Filling up the DagBag from /opt/airflow/dags/3_conditional_dag.py","logger":"airflow.dag_processing.dagbag.BundleDagBag","filename":"dagbag.py","lineno":469}
{"timestamp":"2026-08-27T11:05:33.384629Z","level":"info","event":"Filling up the DagBag from /opt/airflow/dags/3_conditional_dag.py","logger":"airflow.dag_processing.dagbag.BundleDagBag","filename":"dagbag.py","lineno":469}
{"timestamp":"2026-08-27T11:05:57.711532Z","level":"info","event":"Filling up the DagBag from /opt/airflow/dags/3_conditional_dag.py","logger":"airflow.dag_processing.dagbag.BundleDagBag","filename":"dagbag.py","lineno":469}
{"timestamp":"2026-08-27T11:06:28.231553Z","level":"info","event":"Filling up the DagBag from /opt/airflow/dags/3_conditional_dag.py","logger":"airflow.dag_processing.dagbag.BundleDagBag","filename":"dagbag.py","lineno":469}
{"timestamp":"2026-08-27T11:06:58.722142Z","level":"info","event":"Filling up the DagBag from /opt/airflow/dags/3_conditional_dag.py","logger":"airflow.dag_processing.dagbag.BundleDagBag","filename":"dagbag.py","lineno":469}
{"timestamp":"2026-08-27T11:07:02.844173Z","level":"info","event":"Filling up the DagBag from /opt/airflow/dags/3_conditional_dag.py","logger":"airflow.dag_processing.dagbag.BundleDagBag","filename":"dagbag.py","lineno":469}
{"timestamp":"2026-08-27T11:07:33.281322Z","level":"info","event":"Filling up the DagBag from /opt/airflow/dags/3_conditional_dag.py","logger":"airflow.dag_processing.dagbag.BundleDagBag","filename":"dagbag.py","lineno":469}
{"timestamp":"2026-08-27T11:08:03.699512Z","level":"info","event":"Filling up the DagBag from /opt/airflow/dags/3_conditional_dag.py","logger":"airflow.dag_processing.dagbag.BundleDagBag","filename":"dagbag.py","lineno":469}
{"timestamp":"2026-08-27T11:08:18.983996Z","level":"info","event":"Filling up the DagBag from /opt/airflow/dags/3_conditional_dag.py","logger":"airflow.dag_processing.dagbag.BundleDagBag","filename":"dagbag.py","lineno":469}
{"timestamp":"2026-08-27T11:08:20.190674Z","level":"info","event":"Filling up the DagBag from /opt/airflow/dags/3_conditional_dag.py","logger":"airflow.dag_processing.dagbag.BundleDagBag","filename":"dagbag.py","lineno":469}
{"timestamp":"2026-08-27T11:08:50.694018Z","level":"info","event":"Filling up the DagBag from /opt/airflow/dags/3_conditional_dag.py","logger":"airflow.dag_processing.dagbag.BundleDagBag","filename":"dagbag.py","lineno":469}
{"timestamp":"2026-08-27T11:09:21.160804Z","level":"info","event":"Filling up the DagBag from /opt/airflow/dags/3_conditional_dag.py","logger":"airflow.dag_processing.dagbag.BundleDagBag","filename":"dagbag.py","lineno":469}
{"timestamp":"2026-08-27T11:09:51.610920Z","level":"info","event":"Filling up the DagBag from /opt/airflow/dags/3_conditional_dag.py","logger":"airflow.dag_processing.dagbag.BundleDagBag","filename":"dagbag.py","lineno":469}
{"timestamp":"2026-08-27T11:10:22.183986Z","level":"info","event":"Filling up the DagBag from /opt/airflow/dags/3_conditional_dag.py","logger":"airflow.dag_processing.dagbag.BundleDagBag","filename":"dagbag.py","lineno":469}
{"timestamp":"2026-08-27T11:10:35.487949Z","level":"info","event":"Filling up the DagBag from /opt/airflow/dags/3_conditional_dag.py","logger":"airflow.dag_processing.dagbag.BundleDagBag","filename":"dagbag.py","lineno":469}
{"timestamp":"2026-08-27T11:10:35.491299Z","level":"error","event":"Failed to import: /opt/airflow/dags/3_conditional_dag.py","logger":"airflow.dag_processing.importers.python_importer","filename":"python_importer.py","lineno":244,"error_detail":[{"exc_type":"IndentationError","exc_value":"unexpected indent (3_conditional_dag.py, line 11)","exc_notes":[],"syntax_error":{"offset":8,"filename":"/opt/airflow/dags/3_conditional_dag.py","line":"        @task.python\n","lineno":11,"msg":"unexpected indent"},"is_cause":false,"frames":[{"filename":"/home/airflow/.local/lib/python3.13/site-packages/airflow/dag_processing/importers/python_importer.py","lineno":238,"name":"parse"},{"filename":"<frozen importlib._bootstrap_external>","lineno":1019,"name":"exec_module"},{"filename":"<frozen importlib._bootstrap_external>","lineno":1157,"name":"get_code"},{"filename":"<frozen importlib._bootstrap_external>","lineno":1087,"name":"source_to_code"},{"filename":"<frozen importlib._bootstrap>","lineno":488,"name":"_call_with_frames_removed"}],"is_group":false,"exceptions":[]}]}
{"timestamp":"2026-08-27T11:10:35.492595Z","level":"error","event":"Error loading DAG from 3_conditional_dag.py: unexpected indent (3_conditional_dag.py, line 11)","logger":"airflow.dag_processing.dagbag.BundleDagBag","filename":"dagbag.py","lineno":327}
{"timestamp":"2026-08-27T11:10:40.660413Z","level":"info","event":"Filling up the DagBag from /opt/airflow/dags/3_conditional_dag.py","logger":"airflow.dag_processing.dagbag.BundleDagBag","filename":"dagbag.py","lineno":469}
{"timestamp":"2026-08-27T11:10:40.663461Z","level":"error","event":"Failed to import: /opt/airflow/dags/3_conditional_dag.py","logger":"airflow.dag_processing.importers.python_importer","filename":"python_importer.py","lineno":244,"error_detail":[{"exc_type":"IndentationError","exc_value":"unexpected indent (3_conditional_dag.py, line 11)","exc_notes":[],"syntax_error":{"offset":8,"filename":"/opt/airflow/dags/3_conditional_dag.py","line":"        @task.python\n","lineno":11,"msg":"unexpected indent"},"is_cause":false,"frames":[{"filename":"/home/airflow/.local/lib/python3.13/site-packages/airflow/dag_processing/importers/python_importer.py","lineno":238,"name":"parse"},{"filename":"<frozen importlib._bootstrap_external>","lineno":1019,"name":"exec_module"},{"filename":"<frozen importlib._bootstrap_external>","lineno":1157,"name":"get_code"},{"filename":"<frozen importlib._bootstrap_external>","lineno":1087,"name":"source_to_code"},{"filename":"<frozen importlib._bootstrap>","lineno":488,"name":"_call_with_frames_removed"}],"is_group":false,"exceptions":[]}]}
{"timestamp":"2026-08-27T11:10:40.664680Z","level":"error","event":"Error loading DAG from 3_conditional_dag.py: unexpected indent (3_conditional_dag.py, line 11)","logger":"airflow.dag_processing.dagbag.BundleDagBag","filename":"dagbag.py","lineno":327}
{"timestamp":"2026-08-27T11:10:43.733559Z","level":"info","event":"Filling up the DagBag from /opt/airflow/dags/3_conditional_dag.py","logger":"airflow.dag_processing.dagbag.BundleDagBag","filename":"dagbag.py","lineno":469}
{"timestamp":"2026-08-27T11:10:43.736665Z","level":"error","event":"Failed to import: /opt/airflow/dags/3_conditional_dag.py","logger":"airflow.dag_processing.importers.python_importer","filename":"python_importer.py","lineno":244,"error_detail":[{"exc_type":"IndentationError","exc_value":"unexpected indent (3_conditional_dag.py, line 11)","exc_notes":[],"syntax_error":{"offset":8,"filename":"/opt/airflow/dags/3_conditional_dag.py","line":"        @task.python\n","lineno":11,"msg":"unexpected indent"},"is_cause":false,"frames":[{"filename":"/home/airflow/.local/lib/python3.13/site-packages/airflow/dag_processing/importers/python_importer.py","lineno":238,"name":"parse"},{"filename":"<frozen importlib._bootstrap_external>","lineno":1019,"name":"exec_module"},{"filename":"<frozen importlib._bootstrap_external>","lineno":1157,"name":"get_code"},{"filename":"<frozen importlib._bootstrap_external>","lineno":1087,"name":"source_to_code"},{"filename":"<frozen importlib._bootstrap>","lineno":488,"name":"_call_with_frames_removed"}],"is_group":false,"exceptions":[]}]}
{"timestamp":"2026-08-27T11:10:43.737933Z","level":"error","event":"Error loading DAG from 3_conditional_dag.py: unexpected indent (3_conditional_dag.py, line 11)","logger":"airflow.dag_processing.dagbag.BundleDagBag","filename":"dagbag.py","lineno":327}
{"timestamp":"2026-08-27T11:10:46.815630Z","level":"info","event":"Filling up the DagBag from /opt/airflow/dags/3_conditional_dag.py","logger":"airflow.dag_processing.dagbag.BundleDagBag","filename":"dagbag.py","lineno":469}
{"timestamp":"2026-08-27T11:10:46.818718Z","level":"error","event":"Failed to import: /opt/airflow/dags/3_conditional_dag.py","logger":"airflow.dag_processing.importers.python_importer","filename":"python_importer.py","lineno":244,"error_detail":[{"exc_type":"IndentationError","exc_value":"unexpected indent (3_conditional_dag.py, line 11)","exc_notes":[],"syntax_error":{"offset":8,"filename":"/opt/airflow/dags/3_conditional_dag.py","line":"        @task.python\n","lineno":11,"msg":"unexpected indent"},"is_cause":false,"frames":[{"filename":"/home/airflow/.local/lib/python3.13/site-packages/airflow/dag_processing/importers/python_importer.py","lineno":238,"name":"parse"},{"filename":"<frozen importlib._bootstrap_external>","lineno":1019,"name":"exec_module"},{"filename":"<frozen importlib._bootstrap_external>","lineno":1157,"name":"get_code"},{"filename":"<frozen importlib._bootstrap_external>","lineno":1087,"name":"source_to_code"},{"filename":"<frozen importlib._bootstrap>","lineno":488,"name":"_call_with_frames_removed"}],"is_group":false,"exceptions":[]}]}
{"timestamp":"2026-08-27T11:10:46.820105Z","level":"error","event":"Error loading DAG from 3_conditional_dag.py: unexpected indent (3_conditional_dag.py, line 11)","logger":"airflow.dag_processing.dagbag.BundleDagBag","filename":"dagbag.py","lineno":327}
{"timestamp":"2026-08-27T11:10:51.904051Z","level":"info","event":"Filling up the DagBag from /opt/airflow/dags/3_conditional_dag.py","logger":"airflow.dag_processing.dagbag.BundleDagBag","filename":"dagbag.py","lineno":469}
{"timestamp":"2026-08-27T11:10:51.907204Z","level":"error","event":"Failed to import: /opt/airflow/dags/3_conditional_dag.py","logger":"airflow.dag_processing.importers.python_importer","filename":"python_importer.py","lineno":244,"error_detail":[{"exc_type":"IndentationError","exc_value":"unexpected indent (3_conditional_dag.py, line 12)","exc_notes":[],"syntax_error":{"offset":8,"filename":"/opt/airflow/dags/3_conditional_dag.py","line":"        @task.python\n","lineno":12,"msg":"unexpected indent"},"is_cause":false,"frames":[{"filename":"/home/airflow/.local/lib/python3.13/site-packages/airflow/dag_processing/importers/python_importer.py","lineno":238,"name":"parse"},{"filename":"<frozen importlib._bootstrap_external>","lineno":1019,"name":"exec_module"},{"filename":"<frozen importlib._bootstrap_external>","lineno":1157,"name":"get_code"},{"filename":"<frozen importlib._bootstrap_external>","lineno":1087,"name":"source_to_code"},{"filename":"<frozen importlib._bootstrap>","lineno":488,"name":"_call_with_frames_removed"}],"is_group":false,"exceptions":[]}]}
{"timestamp":"2026-08-27T11:10:51.908563Z","level":"error","event":"Error loading DAG from 3_conditional_dag.py: unexpected indent (3_conditional_dag.py, line 12)","logger":"airflow.dag_processing.dagbag.BundleDagBag","filename":"dagbag.py","lineno":327}
{"timestamp":"2026-08-27T11:10:53.999571Z","level":"info","event":"Filling up the DagBag from /opt/airflow/dags/3_conditional_dag.py","logger":"airflow.dag_processing.dagbag.BundleDagBag","filename":"dagbag.py","lineno":469}
{"timestamp":"2026-08-27T11:10:54.001873Z","level":"error","event":"Failed to import: /opt/airflow/dags/3_conditional_dag.py","logger":"airflow.dag_processing.importers.python_importer","filename":"python_importer.py","lineno":244,"error_detail":[{"exc_type":"SyntaxError","exc_value":"invalid syntax (3_conditional_dag.py, line 11)","exc_notes":[],"syntax_error":{"offset":8,"filename":"/opt/airflow/dags/3_conditional_dag.py","line":"    def\n","lineno":11,"msg":"invalid syntax"},"is_cause":false,"frames":[{"filename":"/home/airflow/.local/lib/python3.13/site-packages/airflow/dag_processing/importers/python_importer.py","lineno":238,"name":"parse"},{"filename":"<frozen importlib._bootstrap_external>","lineno":1019,"name":"exec_module"},{"filename":"<frozen importlib._bootstrap_external>","lineno":1157,"name":"get_code"},{"filename":"<frozen importlib._bootstrap_external>","lineno":1087,"name":"source_to_code"},{"filename":"<frozen importlib._bootstrap>","lineno":488,"name":"_call_with_frames_removed"}],"is_group":false,"exceptions":[]}]}
{"timestamp":"2026-08-27T11:10:54.002756Z","level":"error","event":"Error loading DAG from 3_conditional_dag.py: invalid syntax (3_conditional_dag.py, line 11)","logger":"airflow.dag_processing.dagbag.BundleDagBag","filename":"dagbag.py","lineno":327}
{"timestamp":"2026-08-27T11:10:58.089315Z","level":"info","event":"Filling up the DagBag from /opt/airflow/dags/3_conditional_dag.py","logger":"airflow.dag_processing.dagbag.BundleDagBag","filename":"dagbag.py","lineno":469}
{"timestamp":"2026-08-27T11:10:58.092471Z","level":"error","event":"Failed to import: /opt/airflow/dags/3_conditional_dag.py","logger":"airflow.dag_processing.importers.python_importer","filename":"python_importer.py","lineno":244,"error_detail":[{"exc_type":"SyntaxError","exc_value":"expected '(' (3_conditional_dag.py, line 11)","exc_notes":[],"syntax_error":{"offset":14,"filename":"/opt/airflow/dags/3_conditional_dag.py","line":"    def fetch\n","lineno":11,"msg":"expected '('"},"is_cause":false,"frames":[{"filename":"/home/airflow/.local/lib/python3.13/site-packages/airflow/dag_processing/importers/python_importer.py","lineno":238,"name":"parse"},{"filename":"<frozen importlib._bootstrap_external>","lineno":1019,"name":"exec_module"},{"filename":"<frozen importlib._bootstrap_external>","lineno":1157,"name":"get_code"},{"filename":"<frozen importlib._bootstrap_external>","lineno":1087,"name":"source_to_code"},{"filename":"<frozen importlib._bootstrap>","lineno":488,"name":"_call_with_frames_removed"}],"is_group":false,"exceptions":[]}]}
{"timestamp":"2026-08-27T11:10:58.093753Z","level":"error","event":"Error loading DAG from 3_conditional_dag.py: expected '(' (3_conditional_dag.py, line 11)","logger":"airflow.dag_processing.dagbag.BundleDagBag","filename":"dagbag.py","lineno":327}
{"timestamp":"2026-08-27T11:11:03.282146Z","level":"info","event":"Filling up the DagBag from /opt/airflow/dags/3_conditional_dag.py","logger":"airflow.dag_processing.dagbag.BundleDagBag","filename":"dagbag.py","lineno":469}
{"timestamp":"2026-08-27T11:11:03.284317Z","level":"error","event":"Failed to import: /opt/airflow/dags/3_conditional_dag.py","logger":"airflow.dag_processing.importers.python_importer","filename":"python_importer.py","lineno":244,"error_detail":[{"exc_type":"SyntaxError","exc_value":"expected '(' (3_conditional_dag.py, line 11)","exc_notes":[],"syntax_error":{"offset":23,"filename":"/opt/airflow/dags/3_conditional_dag.py","line":"    def fetch_task_gri\n","lineno":11,"msg":"expected '('"},"is_cause":false,"frames":[{"filename":"/home/airflow/.local/lib/python3.13/site-packages/airflow/dag_processing/importers/python_importer.py","lineno":238,"name":"parse"},{"filename":"<frozen importlib._bootstrap_external>","lineno":1019,"name":"exec_module"},{"filename":"<frozen importlib._bootstrap_external>","lineno":1157,"name":"get_code"},{"filename":"<frozen importlib._bootstrap_external>","lineno":1087,"name":"source_to_code"},{"filename":"<frozen importlib._bootstrap>","lineno":488,"name":"_call_with_frames_removed"}],"is_group":false,"exceptions":[]}]}
{"timestamp":"2026-08-27T11:11:03.285161Z","level":"error","event":"Error loading DAG from 3_conditional_dag.py: expected '(' (3_conditional_dag.py, line 11)","logger":"airflow.dag_processing.dagbag.BundleDagBag","filename":"dagbag.py","lineno":327}
{"timestamp":"2026-08-27T11:11:07.454345Z","level":"info","event":"Filling up the DagBag from /opt/airflow/dags/3_conditional_dag.py","logger":"airflow.dag_processing.dagbag.BundleDagBag","filename":"dagbag.py","lineno":469}
{"timestamp":"2026-08-27T11:11:07.457614Z","level":"error","event":"Failed to import: /opt/airflow/dags/3_conditional_dag.py","logger":"airflow.dag_processing.importers.python_importer","filename":"python_importer.py","lineno":244,"error_detail":[{"exc_type":"SyntaxError","exc_value":"expected '(' (3_conditional_dag.py, line 11)","exc_notes":[],"syntax_error":{"offset":25,"filename":"/opt/airflow/dags/3_conditional_dag.py","line":"    def fetch_task_group\n","lineno":11,"msg":"expected '('"},"is_cause":false,"frames":[{"filename":"/home/airflow/.local/lib/python3.13/site-packages/airflow/dag_processing/importers/python_importer.py","lineno":238,"name":"parse"},{"filename":"<frozen importlib._bootstrap_external>","lineno":1019,"name":"exec_module"},{"filename":"<frozen importlib._bootstrap_external>","lineno":1157,"name":"get_code"},{"filename":"<frozen importlib._bootstrap_external>","lineno":1087,"name":"source_to_code"},{"filename":"<frozen importlib._bootstrap>","lineno":488,"name":"_call_with_frames_removed"}],"is_group":false,"exceptions":[]}]}
{"timestamp":"2026-08-27T11:11:07.458945Z","level":"error","event":"Error loading DAG from 3_conditional_dag.py: expected '(' (3_conditional_dag.py, line 11)","logger":"airflow.dag_processing.dagbag.BundleDagBag","filename":"dagbag.py","lineno":327}
{"timestamp":"2026-08-27T11:11:09.711865Z","level":"info","event":"Filling up the DagBag from /opt/airflow/dags/3_conditional_dag.py","logger":"airflow.dag_processing.dagbag.BundleDagBag","filename":"dagbag.py","lineno":469}
{"timestamp":"2026-08-27T11:11:09.718196Z","level":"error","event":"Failed to import: /opt/airflow/dags/3_conditional_dag.py","logger":"airflow.dag_processing.importers.python_importer","filename":"python_importer.py","lineno":244,"error_detail":[{"exc_type":"SyntaxError","exc_value":"expected ':' (3_conditional_dag.py, line 11)","exc_notes":[],"syntax_error":{"offset":27,"filename":"/opt/airflow/dags/3_conditional_dag.py","line":"    def fetch_task_group()\n","lineno":11,"msg":"expected ':'"},"is_cause":false,"frames":[{"filename":"/home/airflow/.local/lib/python3.13/site-packages/airflow/dag_processing/importers/python_importer.py","lineno":238,"name":"parse"},{"filename":"<frozen importlib._bootstrap_external>","lineno":1019,"name":"exec_module"},{"filename":"<frozen importlib._bootstrap_external>","lineno":1157,"name":"get_code"},{"filename":"<frozen importlib._bootstrap_external>","lineno":1087,"name":"source_to_code"},{"filename":"<frozen importlib._bootstrap>","lineno":488,"name":"_call_with_frames_removed"}],"is_group":false,"exceptions":[]}]}
{"timestamp":"2026-08-27T11:11:09.723741Z","level":"error","event":"Error loading DAG from 3_conditional_dag.py: expected ':' (3_conditional_dag.py, line 11)","logger":"airflow.dag_processing.dagbag.BundleDagBag","filename":"dagbag.py","lineno":327}
{"timestamp":"2026-08-27T11:11:11.832594Z","level":"info","event":"Filling up the DagBag from /opt/airflow/dags/3_conditional_dag.py","logger":"airflow.dag_processing.dagbag.BundleDagBag","filename":"dagbag.py","lineno":469}
{"timestamp":"2026-08-27T11:11:11.871284Z","level":"error","event":"Failed to import: /opt/airflow/dags/3_conditional_dag.py","logger":"airflow.dag_processing.importers.python_importer","filename":"python_importer.py","lineno":244,"error_detail":[{"exc_type":"NameError","exc_value":"name 'task_group' is not defined","exc_notes":[],"syntax_error":null,"is_cause":false,"frames":[{"filename":"/home/airflow/.local/lib/python3.13/site-packages/airflow/dag_processing/importers/python_importer.py","lineno":238,"name":"parse"},{"filename":"<frozen importlib._bootstrap_external>","lineno":1023,"name":"exec_module"},{"filename":"<frozen importlib._bootstrap>","lineno":488,"name":"_call_with_frames_removed"},{"filename":"/opt/airflow/dags/3_conditional_dag.py","lineno":70,"name":"<module>"},{"filename":"/home/airflow/.local/lib/python3.13/site-packages/airflow/sdk/definitions/dag.py","lineno":1629,"name":"factory"},{"filename":"/opt/airflow/dags/3_conditional_dag.py","lineno":10,"name":"conditional_dag"}],"is_group":false,"exceptions":[]}]}
{"timestamp":"2026-08-27T11:11:11.873162Z","level":"error","event":"Error loading DAG from 3_conditional_dag.py: name 'task_group' is not defined","logger":"airflow.dag_processing.dagbag.BundleDagBag","filename":"dagbag.py","lineno":327}
{"timestamp":"2026-08-27T11:11:18.950774Z","level":"info","event":"Filling up the DagBag from /opt/airflow/dags/3_conditional_dag.py","logger":"airflow.dag_processing.dagbag.BundleDagBag","filename":"dagbag.py","lineno":469}
{"timestamp":"2026-08-27T11:11:18.987213Z","level":"error","event":"Failed to import: /opt/airflow/dags/3_conditional_dag.py","logger":"airflow.dag_processing.importers.python_importer","filename":"python_importer.py","lineno":244,"error_detail":[{"exc_type":"NameError","exc_value":"name 'fetch_api' is not defined","exc_notes":[],"syntax_error":null,"is_cause":false,"frames":[{"filename":"/home/airflow/.local/lib/python3.13/site-packages/airflow/dag_processing/importers/python_importer.py","lineno":238,"name":"parse"},{"filename":"<frozen importlib._bootstrap_external>","lineno":1023,"name":"exec_module"},{"filename":"<frozen importlib._bootstrap>","lineno":488,"name":"_call_with_frames_removed"},{"filename":"/opt/airflow/dags/3_conditional_dag.py","lineno":70,"name":"<module>"},{"filename":"/home/airflow/.local/lib/python3.13/site-packages/airflow/sdk/definitions/dag.py","lineno":1629,"name":"factory"},{"filename":"/opt/airflow/dags/3_conditional_dag.py","lineno":66,"name":"conditional_dag"}],"is_group":false,"exceptions":[]}]}
{"timestamp":"2026-08-27T11:11:18.989162Z","level":"error","event":"Error loading DAG from 3_conditional_dag.py: name 'fetch_api' is not defined","logger":"airflow.dag_processing.dagbag.BundleDagBag","filename":"dagbag.py","lineno":327}
{"timestamp":"2026-08-27T11:11:24.055836Z","level":"info","event":"Filling up the DagBag from /opt/airflow/dags/3_conditional_dag.py","logger":"airflow.dag_processing.dagbag.BundleDagBag","filename":"dagbag.py","lineno":469}
{"timestamp":"2026-08-27T11:11:24.092756Z","level":"error","event":"Failed to import: /opt/airflow/dags/3_conditional_dag.py","logger":"airflow.dag_processing.importers.python_importer","filename":"python_importer.py","lineno":244,"error_detail":[{"exc_type":"NameError","exc_value":"name 'fetch_api' is not defined","exc_notes":[],"syntax_error":null,"is_cause":false,"frames":[{"filename":"/home/airflow/.local/lib/python3.13/site-packages/airflow/dag_processing/importers/python_importer.py","lineno":238,"name":"parse"},{"filename":"<frozen importlib._bootstrap_external>","lineno":1023,"name":"exec_module"},{"filename":"<frozen importlib._bootstrap>","lineno":488,"name":"_call_with_frames_removed"},{"filename":"/opt/airflow/dags/3_conditional_dag.py","lineno":71,"name":"<module>"},{"filename":"/home/airflow/.local/lib/python3.13/site-packages/airflow/sdk/definitions/dag.py","lineno":1629,"name":"factory"},{"filename":"/opt/airflow/dags/3_conditional_dag.py","lineno":67,"name":"conditional_dag"}],"is_group":false,"exceptions":[]}]}
{"timestamp":"2026-08-27T11:11:24.094604Z","level":"error","event":"Error loading DAG from 3_conditional_dag.py: name 'fetch_api' is not defined","logger":"airflow.dag_processing.dagbag.BundleDagBag","filename":"dagbag.py","lineno":327}
{"timestamp":"2026-08-27T11:11:54.570402Z","level":"info","event":"Filling up the DagBag from /opt/airflow/dags/3_conditional_dag.py","logger":"airflow.dag_processing.dagbag.BundleDagBag","filename":"dagbag.py","lineno":469}
{"timestamp":"2026-08-27T11:11:54.607125Z","level":"error","event":"Failed to import: /opt/airflow/dags/3_conditional_dag.py","logger":"airflow.dag_processing.importers.python_importer","filename":"python_importer.py","lineno":244,"error_detail":[{"exc_type":"NameError","exc_value":"name 'fetch_api' is not defined","exc_notes":[],"syntax_error":null,"is_cause":false,"frames":[{"filename":"/home/airflow/.local/lib/python3.13/site-packages/airflow/dag_processing/importers/python_importer.py","lineno":238,"name":"parse"},{"filename":"<frozen importlib._bootstrap_external>","lineno":1023,"name":"exec_module"},{"filename":"<frozen importlib._bootstrap>","lineno":488,"name":"_call_with_frames_removed"},{"filename":"/opt/airflow/dags/3_conditional_dag.py","lineno":71,"name":"<module>"},{"filename":"/home/airflow/.local/lib/python3.13/site-packages/airflow/sdk/definitions/dag.py","lineno":1629,"name":"factory"},{"filename":"/opt/airflow/dags/3_conditional_dag.py","lineno":67,"name":"conditional_dag"}],"is_group":false,"exceptions":[]}]}
{"timestamp":"2026-08-27T11:11:54.609561Z","level":"error","event":"Error loading DAG from 3_conditional_dag.py: name 'fetch_api' is not defined","logger":"airflow.dag_processing.dagbag.BundleDagBag","filename":"dagbag.py","lineno":327}
{"timestamp":"2026-08-27T11:12:25.027591Z","level":"info","event":"Filling up the DagBag from /opt/airflow/dags/3_conditional_dag.py","logger":"airflow.dag_processing.dagbag.BundleDagBag","filename":"dagbag.py","lineno":469}
{"timestamp":"2026-08-27T11:12:25.078183Z","level":"error","event":"Failed to import: /opt/airflow/dags/3_conditional_dag.py","logger":"airflow.dag_processing.importers.python_importer","filename":"python_importer.py","lineno":244,"error_detail":[{"exc_type":"NameError","exc_value":"name 'fetch_api' is not defined","exc_notes":[],"syntax_error":null,"is_cause":false,"frames":[{"filename":"/home/airflow/.local/lib/python3.13/site-packages/airflow/dag_processing/importers/python_importer.py","lineno":238,"name":"parse"},{"filename":"<frozen importlib._bootstrap_external>","lineno":1023,"name":"exec_module"},{"filename":"<frozen importlib._bootstrap>","lineno":488,"name":"_call_with_frames_removed"},{"filename":"/opt/airflow/dags/3_conditional_dag.py","lineno":71,"name":"<module>"},{"filename":"/home/airflow/.local/lib/python3.13/site-packages/airflow/sdk/definitions/dag.py","lineno":1629,"name":"factory"},{"filename":"/opt/airflow/dags/3_conditional_dag.py","lineno":67,"name":"conditional_dag"}],"is_group":false,"exceptions":[]}]}
{"timestamp":"2026-08-27T11:12:25.082313Z","level":"error","event":"Error loading DAG from 3_conditional_dag.py: name 'fetch_api' is not defined","logger":"airflow.dag_processing.dagbag.BundleDagBag","filename":"dagbag.py","lineno":327}
{"timestamp":"2026-08-27T11:12:27.139976Z","level":"info","event":"Filling up the DagBag from /opt/airflow/dags/3_conditional_dag.py","logger":"airflow.dag_processing.dagbag.BundleDagBag","filename":"dagbag.py","lineno":469}
{"timestamp":"2026-08-27T11:12:27.181270Z","level":"error","event":"Failed to import: /opt/airflow/dags/3_conditional_dag.py","logger":"airflow.dag_processing.importers.python_importer","filename":"python_importer.py","lineno":244,"error_detail":[{"exc_type":"NameError","exc_value":"name 'fetch' is not defined","exc_notes":[],"syntax_error":null,"is_cause":false,"frames":[{"filename":"/home/airflow/.local/lib/python3.13/site-packages/airflow/dag_processing/importers/python_importer.py","lineno":238,"name":"parse"},{"filename":"<frozen importlib._bootstrap_external>","lineno":1023,"name":"exec_module"},{"filename":"<frozen importlib._bootstrap>","lineno":488,"name":"_call_with_frames_removed"},{"filename":"/opt/airflow/dags/3_conditional_dag.py","lineno":71,"name":"<module>"},{"filename":"/home/airflow/.local/lib/python3.13/site-packages/airflow/sdk/definitions/dag.py","lineno":1629,"name":"factory"},{"filename":"/opt/airflow/dags/3_conditional_dag.py","lineno":67,"name":"conditional_dag"}],"is_group":false,"exceptions":[]}]}
{"timestamp":"2026-08-27T11:12:27.183161Z","level":"error","event":"Error loading DAG from 3_conditional_dag.py: name 'fetch' is not defined","logger":"airflow.dag_processing.dagbag.BundleDagBag","filename":"dagbag.py","lineno":327}
{"timestamp":"2026-08-27T11:12:29.264350Z","level":"info","event":"Filling up the DagBag from /opt/airflow/dags/3_conditional_dag.py","logger":"airflow.dag_processing.dagbag.BundleDagBag","filename":"dagbag.py","lineno":469}
{"timestamp":"2026-08-27T11:12:29.304638Z","level":"error","event":"Failed to import: /opt/airflow/dags/3_conditional_dag.py","logger":"airflow.dag_processing.importers.python_importer","filename":"python_importer.py","lineno":244,"error_detail":[{"exc_type":"AttributeError","exc_value":"'_TaskGroupFactory' object has no attribute 'update_relative'","exc_notes":[],"syntax_error":null,"is_cause":false,"frames":[{"filename":"/home/airflow/.local/lib/python3.13/site-packages/airflow/dag_processing/importers/python_importer.py","lineno":238,"name":"parse"},{"filename":"<frozen importlib._bootstrap_external>","lineno":1023,"name":"exec_module"},{"filename":"<frozen importlib._bootstrap>","lineno":488,"name":"_call_with_frames_removed"},{"filename":"/opt/airflow/dags/3_conditional_dag.py","lineno":71,"name":"<module>"},{"filename":"/home/airflow/.local/lib/python3.13/site-packages/airflow/sdk/definitions/dag.py","lineno":1629,"name":"factory"},{"filename":"/opt/airflow/dags/3_conditional_dag.py","lineno":67,"name":"conditional_dag"},{"filename":"/home/airflow/.local/lib/python3.13/site-packages/airflow/sdk/definitions/_internal/mixins.py","lineno":99,"name":"__rshift__"},{"filename":"/home/airflow/.local/lib/python3.13/site-packages/airflow/sdk/definitions/xcom_arg.py","lineno":157,"name":"set_downstream"},{"filename":"/home/airflow/.local/lib/python3.13/site-packages/airflow/sdk/definitions/_internal/node.py","lineno":150,"name":"set_downstream"},{"filename":"/home/airflow/.local/lib/python3.13/site-packages/airflow/sdk/definitions/_internal/node.py","lineno":102,"name":"_set_relatives"}],"is_group":false,"exceptions":[]}]}
{"timestamp":"2026-08-27T11:12:29.308399Z","level":"error","event":"Error loading DAG from 3_conditional_dag.py: '_TaskGroupFactory' object has no attribute 'update_relative'","logger":"airflow.dag_processing.dagbag.BundleDagBag","filename":"dagbag.py","lineno":327}
{"timestamp":"2026-08-27T11:12:31.369129Z","level":"info","event":"Filling up the DagBag from /opt/airflow/dags/3_conditional_dag.py","logger":"airflow.dag_processing.dagbag.BundleDagBag","filename":"dagbag.py","lineno":469}
{"timestamp":"2026-08-27T11:12:41.711118Z","level":"info","event":"Filling up the DagBag from /opt/airflow/dags/3_conditional_dag.py","logger":"airflow.dag_processing.dagbag.BundleDagBag","filename":"dagbag.py","lineno":469}
{"timestamp":"2026-08-27T11:13:12.189166Z","level":"info","event":"Filling up the DagBag from /opt/airflow/dags/3_conditional_dag.py","logger":"airflow.dag_processing.dagbag.BundleDagBag","filename":"dagbag.py","lineno":469}
{"timestamp":"2026-08-27T11:13:42.647457Z","level":"info","event":"Filling up the DagBag from /opt/airflow/dags/3_conditional_dag.py","logger":"airflow.dag_processing.dagbag.BundleDagBag","filename":"dagbag.py","lineno":469}
{"timestamp":"2026-08-27T11:14:13.154653Z","level":"info","event":"Filling up the DagBag from /opt/airflow/dags/3_conditional_dag.py","logger":"airflow.dag_processing.dagbag.BundleDagBag","filename":"dagbag.py","lineno":469}
{"timestamp":"2026-08-27T11:14:43.664884Z","level":"info","event":"Filling up the DagBag from /opt/airflow/dags/3_conditional_dag.py","logger":"airflow.dag_processing.dagbag.BundleDagBag","filename":"dagbag.py","lineno":469}
{"timestamp":"2026-08-27T11:14:54.818657Z","level":"info","event":"Filling up the DagBag from /opt/airflow/dags/3_conditional_dag.py","logger":"airflow.dag_processing.dagbag.BundleDagBag","filename":"dagbag.py","lineno":469}
{"timestamp":"2026-08-27T11:14:54.859537Z","level":"error","event":"Failed to import: /opt/airflow/dags/3_conditional_dag.py","logger":"airflow.dag_processing.importers.python_importer","filename":"python_importer.py","lineno":244,"error_detail":[{"exc_type":"NameError","exc_value":"name 'fetch_api' is not defined","exc_notes":[],"syntax_error":null,"is_cause":false,"frames":[{"filename":"/home/airflow/.local/lib/python3.13/site-packages/airflow/dag_processing/importers/python_importer.py","lineno":238,"name":"parse"},{"filename":"<frozen importlib._bootstrap_external>","lineno":1023,"name":"exec_module"},{"filename":"<frozen importlib._bootstrap>","lineno":488,"name":"_call_with_frames_removed"},{"filename":"/opt/airflow/dags/3_conditional_dag.py","lineno":70,"name":"<module>"},{"filename":"/home/airflow/.local/lib/python3.13/site-packages/airflow/sdk/definitions/dag.py","lineno":1629,"name":"factory"},{"filename":"/opt/airflow/dags/3_conditional_dag.py","lineno":66,"name":"conditional_dag"}],"is_group":false,"exceptions":[]}]}
{"timestamp":"2026-08-27T11:14:54.862044Z","level":"error","event":"Error loading DAG from 3_conditional_dag.py: name 'fetch_api' is not defined","logger":"airflow.dag_processing.dagbag.BundleDagBag","filename":"dagbag.py","lineno":327}
{"timestamp":"2026-08-27T11:14:58.919901Z","level":"info","event":"Filling up the DagBag from /opt/airflow/dags/3_conditional_dag.py","logger":"airflow.dag_processing.dagbag.BundleDagBag","filename":"dagbag.py","lineno":469}
{"timestamp":"2026-08-27T11:14:58.922076Z","level":"error","event":"Failed to import: /opt/airflow/dags/3_conditional_dag.py","logger":"airflow.dag_processing.importers.python_importer","filename":"python_importer.py","lineno":244,"error_detail":[{"exc_type":"SyntaxError","exc_value":"trailing comma not allowed without surrounding parentheses (3_conditional_dag.py, line 1)","exc_notes":[],"syntax_error":{"offset":35,"filename":"/opt/airflow/dags/3_conditional_dag.py","line":"from airflow.sdk import dag, task,\n","lineno":1,"msg":"trailing comma not allowed without surrounding parentheses"},"is_cause":false,"frames":[{"filename":"/home/airflow/.local/lib/python3.13/site-packages/airflow/dag_processing/importers/python_importer.py","lineno":238,"name":"parse"},{"filename":"<frozen importlib._bootstrap_external>","lineno":1019,"name":"exec_module"},{"filename":"<frozen importlib._bootstrap_external>","lineno":1157,"name":"get_code"},{"filename":"<frozen importlib._bootstrap_external>","lineno":1087,"name":"source_to_code"},{"filename":"<frozen importlib._bootstrap>","lineno":488,"name":"_call_with_frames_removed"}],"is_group":false,"exceptions":[]}]}
{"timestamp":"2026-08-27T11:14:58.922931Z","level":"error","event":"Error loading DAG from 3_conditional_dag.py: trailing comma not allowed without surrounding parentheses (3_conditional_dag.py, line 1)","logger":"airflow.dag_processing.dagbag.BundleDagBag","filename":"dagbag.py","lineno":327}
{"timestamp":"2026-08-27T11:15:01.984843Z","level":"info","event":"Filling up the DagBag from /opt/airflow/dags/3_conditional_dag.py","logger":"airflow.dag_processing.dagbag.BundleDagBag","filename":"dagbag.py","lineno":469}
{"timestamp":"2026-08-27T11:15:02.022687Z","level":"error","event":"Failed to import: /opt/airflow/dags/3_conditional_dag.py","logger":"airflow.dag_processing.importers.python_importer","filename":"python_importer.py","lineno":244,"error_detail":[{"exc_type":"NameError","exc_value":"name 'task_group' is not defined","exc_notes":[],"syntax_error":null,"is_cause":false,"frames":[{"filename":"/home/airflow/.local/lib/python3.13/site-packages/airflow/dag_processing/importers/python_importer.py","lineno":238,"name":"parse"},{"filename":"<frozen importlib._bootstrap_external>","lineno":1023,"name":"exec_module"},{"filename":"<frozen importlib._bootstrap>","lineno":488,"name":"_call_with_frames_removed"},{"filename":"/opt/airflow/dags/3_conditional_dag.py","lineno":70,"name":"<module>"},{"filename":"/home/airflow/.local/lib/python3.13/site-packages/airflow/sdk/definitions/dag.py","lineno":1629,"name":"factory"},{"filename":"/opt/airflow/dags/3_conditional_dag.py","lineno":10,"name":"conditional_dag"}],"is_group":false,"exceptions":[]}]}
{"timestamp":"2026-08-27T11:15:02.025326Z","level":"error","event":"Error loading DAG from 3_conditional_dag.py: name 'task_group' is not defined","logger":"airflow.dag_processing.dagbag.BundleDagBag","filename":"dagbag.py","lineno":327}
{"timestamp":"2026-08-27T11:15:09.389358Z","level":"info","event":"Filling up the DagBag from /opt/airflow/dags/3_conditional_dag.py","logger":"airflow.dag_processing.dagbag.BundleDagBag","filename":"dagbag.py","lineno":469}
{"timestamp":"2026-08-27T11:15:39.926010Z","level":"info","event":"Filling up the DagBag from /opt/airflow/dags/3_conditional_dag.py","logger":"airflow.dag_processing.dagbag.BundleDagBag","filename":"dagbag.py","lineno":469}
{"timestamp":"2026-08-27T11:16:10.443217Z","level":"info","event":"Filling up the DagBag from /opt/airflow/dags/3_conditional_dag.py","logger":"airflow.dag_processing.dagbag.BundleDagBag","filename":"dagbag.py","lineno":469}
{"timestamp":"2026-08-27T11:16:40.934962Z","level":"info","event":"Filling up the DagBag from /opt/airflow/dags/3_conditional_dag.py","logger":"airflow.dag_processing.dagbag.BundleDagBag","filename":"dagbag.py","lineno":469}
{"timestamp":"2026-08-27T11:17:11.412223Z","level":"info","event":"Filling up the DagBag from /opt/airflow/dags/3_conditional_dag.py","logger":"airflow.dag_processing.dagbag.BundleDagBag","filename":"dagbag.py","lineno":469}
{"timestamp":"2026-08-27T11:17:41.965821Z","level":"info","event":"Filling up the DagBag from /opt/airflow/dags/3_conditional_dag.py","logger":"airflow.dag_processing.dagbag.BundleDagBag","filename":"dagbag.py","lineno":469}
{"timestamp":"2026-08-27T11:18:12.613477Z","level":"info","event":"Filling up the DagBag from /opt/airflow/dags/3_conditional_dag.py","logger":"airflow.dag_processing.dagbag.BundleDagBag","filename":"dagbag.py","lineno":469}
{"timestamp":"2026-08-27T11:18:43.222722Z","level":"info","event":"Filling up the DagBag from /opt/airflow/dags/3_conditional_dag.py","logger":"airflow.dag_processing.dagbag.BundleDagBag","filename":"dagbag.py","lineno":469}
{"timestamp":"2026-08-27T11:19:13.783482Z","level":"info","event":"Filling up the DagBag from /opt/airflow/dags/3_conditional_dag.py","logger":"airflow.dag_processing.dagbag.BundleDagBag","filename":"dagbag.py","lineno":469}
{"timestamp":"2026-08-27T11:19:44.331214Z","level":"info","event":"Filling up the DagBag from /opt/airflow/dags/3_conditional_dag.py","logger":"airflow.dag_processing.dagbag.BundleDagBag","filename":"dagbag.py","lineno":469}
{"timestamp":"2026-08-27T11:20:14.882958Z","level":"info","event":"Filling up the DagBag from /opt/airflow/dags/3_conditional_dag.py","logger":"airflow.dag_processing.dagbag.BundleDagBag","filename":"dagbag.py","lineno":469}
{"timestamp":"2026-08-27T11:20:45.456509Z","level":"info","event":"Filling up the DagBag from /opt/airflow/dags/3_conditional_dag.py","logger":"airflow.dag_processing.dagbag.BundleDagBag","filename":"dagbag.py","lineno":469}
{"timestamp":"2026-08-27T11:21:16.043332Z","level":"info","event":"Filling up the DagBag from /opt/airflow/dags/3_conditional_dag.py","logger":"airflow.dag_processing.dagbag.BundleDagBag","filename":"dagbag.py","lineno":469}
{"timestamp":"2026-08-27T11:21:46.609704Z","level":"info","event":"Filling up the DagBag from /opt/airflow/dags/3_conditional_dag.py","logger":"airflow.dag_processing.dagbag.BundleDagBag","filename":"dagbag.py","lineno":469}
{"timestamp":"2026-08-27T11:22:17.177014Z","level":"info","event":"Filling up the DagBag from /opt/airflow/dags/3_conditional_dag.py","logger":"airflow.dag_processing.dagbag.BundleDagBag","filename":"dagbag.py","lineno":469}
{"timestamp":"2026-08-27T11:22:47.770874Z","level":"info","event":"Filling up the DagBag from /opt/airflow/dags/3_conditional_dag.py","logger":"airflow.dag_processing.dagbag.BundleDagBag","filename":"dagbag.py","lineno":469}
{"timestamp":"2026-08-27T11:23:18.352610Z","level":"info","event":"Filling up the DagBag from /opt/airflow/dags/3_conditional_dag.py","logger":"airflow.dag_processing.dagbag.BundleDagBag","filename":"dagbag.py","lineno":469}
{"timestamp":"2026-08-27T11:23:48.953165Z","level":"info","event":"Filling up the DagBag from /opt/airflow/dags/3_conditional_dag.py","logger":"airflow.dag_processing.dagbag.BundleDagBag","filename":"dagbag.py","lineno":469}
{"timestamp":"2026-08-27T11:24:19.510568Z","level":"info","event":"Filling up the DagBag from /opt/airflow/dags/3_conditional_dag.py","logger":"airflow.dag_processing.dagbag.BundleDagBag","filename":"dagbag.py","lineno":469}
{"timestamp":"2026-08-27T11:24:50.334500Z","level":"info","event":"Filling up the DagBag from /opt/airflow/dags/3_conditional_dag.py","logger":"airflow.dag_processing.dagbag.BundleDagBag","filename":"dagbag.py","lineno":469}
{"timestamp":"2026-08-27T11:25:21.271386Z","level":"info","event":"Filling up the DagBag from /opt/airflow/dags/3_conditional_dag.py","logger":"airflow.dag_processing.dagbag.BundleDagBag","filename":"dagbag.py","lineno":469}
{"timestamp":"2026-08-27T11:25:51.883039Z","level":"info","event":"Filling up the DagBag from /opt/airflow/dags/3_conditional_dag.py","logger":"airflow.dag_processing.dagbag.BundleDagBag","filename":"dagbag.py","lineno":469}
{"timestamp":"2026-08-27T11:26:22.451055Z","level":"info","event":"Filling up the DagBag from /opt/airflow/dags/3_conditional_dag.py","logger":"airflow.dag_processing.dagbag.BundleDagBag","filename":"dagbag.py","lineno":469}
{"timestamp":"2026-08-27T11:26:53.021298Z","level":"info","event":"Filling up the DagBag from /opt/airflow/dags/3_conditional_dag.py","logger":"airflow.dag_processing.dagbag.BundleDagBag","filename":"dagbag.py","lineno":469}
{"timestamp":"2026-08-27T11:27:23.620719Z","level":"info","event":"Filling up the DagBag from /opt/airflow/dags/3_conditional_dag.py","logger":"airflow.dag_processing.dagbag.BundleDagBag","filename":"dagbag.py","lineno":469}
{"timestamp":"2026-08-27T11:27:54.168116Z","level":"info","event":"Filling up the DagBag from /opt/airflow/dags/3_conditional_dag.py","logger":"airflow.dag_processing.dagbag.BundleDagBag","filename":"dagbag.py","lineno":469}
{"timestamp":"2026-08-27T11:28:24.796588Z","level":"info","event":"Filling up the DagBag from /opt/airflow/dags/3_conditional_dag.py","logger":"airflow.dag_processing.dagbag.BundleDagBag","filename":"dagbag.py","lineno":469}
{"timestamp":"2026-08-27T11:28:55.392368Z","level":"info","event":"Filling up the DagBag from /opt/airflow/dags/3_conditional_dag.py","logger":"airflow.dag_processing.dagbag.BundleDagBag","filename":"dagbag.py","lineno":469}
{"timestamp":"2026-08-27T11:29:25.926589Z","level":"info","event":"Filling up the DagBag from /opt/airflow/dags/3_conditional_dag.py","logger":"airflow.dag_processing.dagbag.BundleDagBag","filename":"dagbag.py","lineno":469}
{"timestamp":"2026-08-27T11:29:56.475326Z","level":"info","event":"Filling up the DagBag from /opt/airflow/dags/3_conditional_dag.py","logger":"airflow.dag_processing.dagbag.BundleDagBag","filename":"dagbag.py","lineno":469}
{"timestamp":"2026-08-27T11:30:27.000987Z","level":"info","event":"Filling up the DagBag from /opt/airflow/dags/3_conditional_dag.py","logger":"airflow.dag_processing.dagbag.BundleDagBag","filename":"dagbag.py","lineno":469}
{"timestamp":"2026-08-27T11:30:57.531213Z","level":"info","event":"Filling up the DagBag from /opt/airflow/dags/3_conditional_dag.py","logger":"airflow.dag_processing.dagbag.BundleDagBag","filename":"dagbag.py","lineno":469}
{"timestamp":"2026-08-27T11:31:28.066230Z","level":"info","event":"Filling up the DagBag from /opt/airflow/dags/3_conditional_dag.py","logger":"airflow.dag_processing.dagbag.BundleDagBag","filename":"dagbag.py","lineno":469}
{"timestamp":"2026-08-27T11:31:58.605269Z","level":"info","event":"Filling up the DagBag from /opt/airflow/dags/3_conditional_dag.py","logger":"airflow.dag_processing.dagbag.BundleDagBag","filename":"dagbag.py","lineno":469}
{"timestamp":"2026-08-27T11:32:29.177477Z","level":"info","event":"Filling up the DagBag from /opt/airflow/dags/3_conditional_dag.py","logger":"airflow.dag_processing.dagbag.BundleDagBag","filename":"dagbag.py","lineno":469}
{"timestamp":"2026-08-27T11:32:59.712887Z","level":"info","event":"Filling up the DagBag from /opt/airflow/dags/3_conditional_dag.py","logger":"airflow.dag_processing.dagbag.BundleDagBag","filename":"dagbag.py","lineno":469}
{"timestamp":"2026-08-27T11:33:30.243176Z","level":"info","event":"Filling up the DagBag from /opt/airflow/dags/3_conditional_dag.py","logger":"airflow.dag_processing.dagbag.BundleDagBag","filename":"dagbag.py","lineno":469}
{"timestamp":"2026-08-27T11:34:00.828356Z","level":"info","event":"Filling up the DagBag from /opt/airflow/dags/3_conditional_dag.py","logger":"airflow.dag_processing.dagbag.BundleDagBag","filename":"dagbag.py","lineno":469}
{"timestamp":"2026-08-27T11:34:31.367010Z","level":"info","event":"Filling up the DagBag from /opt/airflow/dags/3_conditional_dag.py","logger":"airflow.dag_processing.dagbag.BundleDagBag","filename":"dagbag.py","lineno":469}
{"timestamp":"2026-08-27T11:35:01.943593Z","level":"info","event":"Filling up the DagBag from /opt/airflow/dags/3_conditional_dag.py","logger":"airflow.dag_processing.dagbag.BundleDagBag","filename":"dagbag.py","lineno":469}
{"timestamp":"2026-08-27T11:35:32.513262Z","level":"info","event":"Filling up the DagBag from /opt/airflow/dags/3_conditional_dag.py","logger":"airflow.dag_processing.dagbag.BundleDagBag","filename":"dagbag.py","lineno":469}
{"timestamp":"2026-08-27T11:36:03.055701Z","level":"info","event":"Filling up the DagBag from /opt/airflow/dags/3_conditional_dag.py","logger":"airflow.dag_processing.dagbag.BundleDagBag","filename":"dagbag.py","lineno":469}
{"timestamp":"2026-08-27T11:36:33.638996Z","level":"info","event":"Filling up the DagBag from /opt/airflow/dags/3_conditional_dag.py","logger":"airflow.dag_processing.dagbag.BundleDagBag","filename":"dagbag.py","lineno":469}
{"timestamp":"2026-08-27T11:37:04.276694Z","level":"info","event":"Filling up the DagBag from /opt/airflow/dags/3_conditional_dag.py","logger":"airflow.dag_processing.dagbag.BundleDagBag","filename":"dagbag.py","lineno":469}
{"timestamp":"2026-08-27T11:37:34.889403Z","level":"info","event":"Filling up the DagBag from /opt/airflow/dags/3_conditional_dag.py","logger":"airflow.dag_processing.dagbag.BundleDagBag","filename":"dagbag.py","lineno":469}
{"timestamp":"2026-08-27T11:38:05.924459Z","level":"info","event":"Filling up the DagBag from /opt/airflow/dags/3_conditional_dag.py","logger":"airflow.dag_processing.dagbag.BundleDagBag","filename":"dagbag.py","lineno":469}
{"timestamp":"2026-08-27T11:38:36.163898Z","level":"info","event":"Filling up the DagBag from /opt/airflow/dags/3_conditional_dag.py","logger":"airflow.dag_processing.dagbag.BundleDagBag","filename":"dagbag.py","lineno":469}
{"timestamp":"2026-08-27T11:39:06.917312Z","level":"info","event":"Filling up the DagBag from /opt/airflow/dags/3_conditional_dag.py","logger":"airflow.dag_processing.dagbag.BundleDagBag","filename":"dagbag.py","lineno":469}
{"timestamp":"2026-08-27T11:39:37.923184Z","level":"info","event":"Filling up the DagBag from /opt/airflow/dags/3_conditional_dag.py","logger":"airflow.dag_processing.dagbag.BundleDagBag","filename":"dagbag.py","lineno":469}
{"timestamp":"2026-08-27T11:40:08.760471Z","level":"info","event":"Filling up the DagBag from /opt/airflow/dags/3_conditional_dag.py","logger":"airflow.dag_processing.dagbag.BundleDagBag","filename":"dagbag.py","lineno":469}
{"timestamp":"2026-08-27T11:40:39.348764Z","level":"info","event":"Filling up the DagBag from /opt/airflow/dags/3_conditional_dag.py","logger":"airflow.dag_processing.dagbag.BundleDagBag","filename":"dagbag.py","lineno":469}
{"timestamp":"2026-08-27T11:41:10.385329Z","level":"info","event":"Filling up the DagBag from /opt/airflow/dags/3_conditional_dag.py","logger":"airflow.dag_processing.dagbag.BundleDagBag","filename":"dagbag.py","lineno":469}
{"timestamp":"2026-08-27T11:41:41.057927Z","level":"info","event":"Filling up the DagBag from /opt/airflow/dags/3_conditional_dag.py","logger":"airflow.dag_processing.dagbag.BundleDagBag","filename":"dagbag.py","lineno":469}
{"timestamp":"2026-08-27T11:42:11.667581Z","level":"info","event":"Filling up the DagBag from /opt/airflow/dags/3_conditional_dag.py","logger":"airflow.dag_processing.dagbag.BundleDagBag","filename":"dagbag.py","lineno":469}
{"timestamp":"2026-08-27T11:42:42.377043Z","level":"info","event":"Filling up the DagBag from /opt/airflow/dags/3_conditional_dag.py","logger":"airflow.dag_processing.dagbag.BundleDagBag","filename":"dagbag.py","lineno":469}
{"timestamp":"2026-08-27T11:43:13.014627Z","level":"info","event":"Filling up the DagBag from /opt/airflow/dags/3_conditional_dag.py","logger":"airflow.dag_processing.dagbag.BundleDagBag","filename":"dagbag.py","lineno":469}
{"timestamp":"2026-08-27T11:43:43.630760Z","level":"info","event":"Filling up the DagBag from /opt/airflow/dags/3_conditional_dag.py","logger":"airflow.dag_processing.dagbag.BundleDagBag","filename":"dagbag.py","lineno":469}
{"timestamp":"2026-08-27T11:44:13.798755Z","level":"info","event":"Filling up the DagBag from /opt/airflow/dags/3_conditional_dag.py","logger":"airflow.dag_processing.dagbag.BundleDagBag","filename":"dagbag.py","lineno":469}
{"timestamp":"2026-08-27T11:44:44.483131Z","level":"info","event":"Filling up the DagBag from /opt/airflow/dags/3_conditional_dag.py","logger":"airflow.dag_processing.dagbag.BundleDagBag","filename":"dagbag.py","lineno":469}
{"timestamp":"2026-08-27T11:45:15.473506Z","level":"info","event":"Filling up the DagBag from /opt/airflow/dags/3_conditional_dag.py","logger":"airflow.dag_processing.dagbag.BundleDagBag","filename":"dagbag.py","lineno":469}
{"timestamp":"2026-08-27T11:45:46.449042Z","level":"info","event":"Filling up the DagBag from /opt/airflow/dags/3_conditional_dag.py","logger":"airflow.dag_processing.dagbag.BundleDagBag","filename":"dagbag.py","lineno":469}
{"timestamp":"2026-08-27T11:46:16.906942Z","level":"info","event":"Filling up the DagBag from /opt/airflow/dags/3_conditional_dag.py","logger":"airflow.dag_processing.dagbag.BundleDagBag","filename":"dagbag.py","lineno":469}
{"timestamp":"2026-08-27T11:46:47.139074Z","level":"info","event":"Filling up the DagBag from /opt/airflow/dags/3_conditional_dag.py","logger":"airflow.dag_processing.dagbag.BundleDagBag","filename":"dagbag.py","lineno":469}
{"timestamp":"2026-08-27T11:47:17.767580Z","level":"info","event":"Filling up the DagBag from /opt/airflow/dags/3_conditional_dag.py","logger":"airflow.dag_processing.dagbag.BundleDagBag","filename":"dagbag.py","lineno":469}
{"timestamp":"2026-08-27T11:47:48.395897Z","level":"info","event":"Filling up the DagBag from /opt/airflow/dags/3_conditional_dag.py","logger":"airflow.dag_processing.dagbag.BundleDagBag","filename":"dagbag.py","lineno":469}
{"timestamp":"2026-08-27T11:48:19.017170Z","level":"info","event":"Filling up the DagBag from /opt/airflow/dags/3_conditional_dag.py","logger":"airflow.dag_processing.dagbag.BundleDagBag","filename":"dagbag.py","lineno":469}
{"timestamp":"2026-08-27T11:48:49.771182Z","level":"info","event":"Filling up the DagBag from /opt/airflow/dags/3_conditional_dag.py","logger":"airflow.dag_processing.dagbag.BundleDagBag","filename":"dagbag.py","lineno":469}
{"timestamp":"2026-08-27T11:49:20.437660Z","level":"info","event":"Filling up the DagBag from /opt/airflow/dags/3_conditional_dag.py","logger":"airflow.dag_processing.dagbag.BundleDagBag","filename":"dagbag.py","lineno":469}
{"timestamp":"2026-08-27T11:49:51.092221Z","level":"info","event":"Filling up the DagBag from /opt/airflow/dags/3_conditional_dag.py","logger":"airflow.dag_processing.dagbag.BundleDagBag","filename":"dagbag.py","lineno":469}
{"timestamp":"2026-08-27T11:50:21.850874Z","level":"info","event":"Filling up the DagBag from /opt/airflow/dags/3_conditional_dag.py","logger":"airflow.dag_processing.dagbag.BundleDagBag","filename":"dagbag.py","lineno":469}
{"timestamp":"2026-08-27T11:50:52.109907Z","level":"info","event":"Filling up the DagBag from /opt/airflow/dags/3_conditional_dag.py","logger":"airflow.dag_processing.dagbag.BundleDagBag","filename":"dagbag.py","lineno":469}
{"timestamp":"2026-08-27T11:51:22.944961Z","level":"info","event":"Filling up the DagBag from /opt/airflow/dags/3_conditional_dag.py","logger":"airflow.dag_processing.dagbag.BundleDagBag","filename":"dagbag.py","lineno":469}
{"timestamp":"2026-08-27T11:51:53.341281Z","level":"info","event":"Filling up the DagBag from /opt/airflow/dags/3_conditional_dag.py","logger":"airflow.dag_processing.dagbag.BundleDagBag","filename":"dagbag.py","lineno":469}
{"timestamp":"2026-08-27T11:52:24.382487Z","level":"info","event":"Filling up the DagBag from /opt/airflow/dags/3_conditional_dag.py","logger":"airflow.dag_processing.dagbag.BundleDagBag","filename":"dagbag.py","lineno":469}
{"timestamp":"2026-08-27T11:52:54.601639Z","level":"info","event":"Filling up the DagBag from /opt/airflow/dags/3_conditional_dag.py","logger":"airflow.dag_processing.dagbag.BundleDagBag","filename":"dagbag.py","lineno":469}
{"timestamp":"2026-08-27T11:53:25.660231Z","level":"info","event":"Filling up the DagBag from /opt/airflow/dags/3_conditional_dag.py","logger":"airflow.dag_processing.dagbag.BundleDagBag","filename":"dagbag.py","lineno":469}
{"timestamp":"2026-08-27T11:53:56.407207Z","level":"info","event":"Filling up the DagBag from /opt/airflow/dags/3_conditional_dag.py","logger":"airflow.dag_processing.dagbag.BundleDagBag","filename":"dagbag.py","lineno":469}
{"timestamp":"2026-08-27T11:54:27.014224Z","level":"info","event":"Filling up the DagBag from /opt/airflow/dags/3_conditional_dag.py","logger":"airflow.dag_processing.dagbag.BundleDagBag","filename":"dagbag.py","lineno":469}
{"timestamp":"2026-08-27T11:54:57.627920Z","level":"info","event":"Filling up the DagBag from /opt/airflow/dags/3_conditional_dag.py","logger":"airflow.dag_processing.dagbag.BundleDagBag","filename":"dagbag.py","lineno":469}
{"timestamp":"2026-08-27T11:55:28.482394Z","level":"info","event":"Filling up the DagBag from /opt/airflow/dags/3_conditional_dag.py","logger":"airflow.dag_processing.dagbag.BundleDagBag","filename":"dagbag.py","lineno":469}
{"timestamp":"2026-08-27T11:55:59.261592Z","level":"info","event":"Filling up the DagBag from /opt/airflow/dags/3_conditional_dag.py","logger":"airflow.dag_processing.dagbag.BundleDagBag","filename":"dagbag.py","lineno":469}
{"timestamp":"2026-08-27T11:56:29.866200Z","level":"info","event":"Filling up the DagBag from /opt/airflow/dags/3_conditional_dag.py","logger":"airflow.dag_processing.dagbag.BundleDagBag","filename":"dagbag.py","lineno":469}
{"timestamp":"2026-08-27T11:57:00.485419Z","level":"info","event":"Filling up the DagBag from /opt/airflow/dags/3_conditional_dag.py","logger":"airflow.dag_processing.dagbag.BundleDagBag","filename":"dagbag.py","lineno":469}
{"timestamp":"2026-08-27T11:57:31.130606Z","level":"info","event":"Filling up the DagBag from /opt/airflow/dags/3_conditional_dag.py","logger":"airflow.dag_processing.dagbag.BundleDagBag","filename":"dagbag.py","lineno":469}
{"timestamp":"2026-08-27T11:58:01.736238Z","level":"info","event":"Filling up the DagBag from /opt/airflow/dags/3_conditional_dag.py","logger":"airflow.dag_processing.dagbag.BundleDagBag","filename":"dagbag.py","lineno":469}
{"timestamp":"2026-08-27T11:58:32.375277Z","level":"info","event":"Filling up the DagBag from /opt/airflow/dags/3_conditional_dag.py","logger":"airflow.dag_processing.dagbag.BundleDagBag","filename":"dagbag.py","lineno":469}
{"timestamp":"2026-08-27T11:59:03.019877Z","level":"info","event":"Filling up the DagBag from /opt/airflow/dags/3_conditional_dag.py","logger":"airflow.dag_processing.dagbag.BundleDagBag","filename":"dagbag.py","lineno":469}
{"timestamp":"2026-08-27T11:59:33.693105Z","level":"info","event":"Filling up the DagBag from /opt/airflow/dags/3_conditional_dag.py","logger":"airflow.dag_processing.dagbag.BundleDagBag","filename":"dagbag.py","lineno":469}
{"timestamp":"2026-08-27T12:00:04.311114Z","level":"info","event":"Filling up the DagBag from /opt/airflow/dags/3_conditional_dag.py","logger":"airflow.dag_processing.dagbag.BundleDagBag","filename":"dagbag.py","lineno":469}
{"timestamp":"2026-08-27T12:00:34.949290Z","level":"info","event":"Filling up the DagBag from /opt/airflow/dags/3_conditional_dag.py","logger":"airflow.dag_processing.dagbag.BundleDagBag","filename":"dagbag.py","lineno":469}
{"timestamp":"2026-08-27T12:01:05.595591Z","level":"info","event":"Filling up the DagBag from /opt/airflow/dags/3_conditional_dag.py","logger":"airflow.dag_processing.dagbag.BundleDagBag","filename":"dagbag.py","lineno":469}
{"timestamp":"2026-08-27T12:01:36.285677Z","level":"info","event":"Filling up the DagBag from /opt/airflow/dags/3_conditional_dag.py","logger":"airflow.dag_processing.dagbag.BundleDagBag","filename":"dagbag.py","lineno":469}
{"timestamp":"2026-08-27T12:02:06.944260Z","level":"info","event":"Filling up the DagBag from /opt/airflow/dags/3_conditional_dag.py","logger":"airflow.dag_processing.dagbag.BundleDagBag","filename":"dagbag.py","lineno":469}
{"timestamp":"2026-08-27T12:02:37.587331Z","level":"info","event":"Filling up the DagBag from /opt/airflow/dags/3_conditional_dag.py","logger":"airflow.dag_processing.dagbag.BundleDagBag","filename":"dagbag.py","lineno":469}
{"timestamp":"2026-08-27T12:03:08.228508Z","level":"info","event":"Filling up the DagBag from /opt/airflow/dags/3_conditional_dag.py","logger":"airflow.dag_processing.dagbag.BundleDagBag","filename":"dagbag.py","lineno":469}
{"timestamp":"2026-08-27T12:03:38.860636Z","level":"info","event":"Filling up the DagBag from /opt/airflow/dags/3_conditional_dag.py","logger":"airflow.dag_processing.dagbag.BundleDagBag","filename":"dagbag.py","lineno":469}
{"timestamp":"2026-08-27T12:04:09.497693Z","level":"info","event":"Filling up the DagBag from /opt/airflow/dags/3_conditional_dag.py","logger":"airflow.dag_processing.dagbag.BundleDagBag","filename":"dagbag.py","lineno":469}
{"timestamp":"2026-08-27T12:04:40.237322Z","level":"info","event":"Filling up the DagBag from /opt/airflow/dags/3_conditional_dag.py","logger":"airflow.dag_processing.dagbag.BundleDagBag","filename":"dagbag.py","lineno":469}
{"timestamp":"2026-08-27T12:05:10.996967Z","level":"info","event":"Filling up the DagBag from /opt/airflow/dags/3_conditional_dag.py","logger":"airflow.dag_processing.dagbag.BundleDagBag","filename":"dagbag.py","lineno":469}
{"timestamp":"2026-08-27T12:05:41.609227Z","level":"info","event":"Filling up the DagBag from /opt/airflow/dags/3_conditional_dag.py","logger":"airflow.dag_processing.dagbag.BundleDagBag","filename":"dagbag.py","lineno":469}
{"timestamp":"2026-08-27T12:06:12.217304Z","level":"info","event":"Filling up the DagBag from /opt/airflow/dags/3_conditional_dag.py","logger":"airflow.dag_processing.dagbag.BundleDagBag","filename":"dagbag.py","lineno":469}
{"timestamp":"2026-08-27T12:06:42.829571Z","level":"info","event":"Filling up the DagBag from /opt/airflow/dags/3_conditional_dag.py","logger":"airflow.dag_processing.dagbag.BundleDagBag","filename":"dagbag.py","lineno":469}
{"timestamp":"2026-08-27T12:07:13.452344Z","level":"info","event":"Filling up the DagBag from /opt/airflow/dags/3_conditional_dag.py","logger":"airflow.dag_processing.dagbag.BundleDagBag","filename":"dagbag.py","lineno":469}
{"timestamp":"2026-08-27T12:07:44.274606Z","level":"info","event":"Filling up the DagBag from /opt/airflow/dags/3_conditional_dag.py","logger":"airflow.dag_processing.dagbag.BundleDagBag","filename":"dagbag.py","lineno":469}
{"timestamp":"2026-08-27T12:08:14.884323Z","level":"info","event":"Filling up the DagBag from /opt/airflow/dags/3_conditional_dag.py","logger":"airflow.dag_processing.dagbag.BundleDagBag","filename":"dagbag.py","lineno":469}
{"timestamp":"2026-08-27T12:08:45.552806Z","level":"info","event":"Filling up the DagBag from /opt/airflow/dags/3_conditional_dag.py","logger":"airflow.dag_processing.dagbag.BundleDagBag","filename":"dagbag.py","lineno":469}
{"timestamp":"2026-08-27T12:09:16.190027Z","level":"info","event":"Filling up the DagBag from /opt/airflow/dags/3_conditional_dag.py","logger":"airflow.dag_processing.dagbag.BundleDagBag","filename":"dagbag.py","lineno":469}
{"timestamp":"2026-08-27T12:09:46.833067Z","level":"info","event":"Filling up the DagBag from /opt/airflow/dags/3_conditional_dag.py","logger":"airflow.dag_processing.dagbag.BundleDagBag","filename":"dagbag.py","lineno":469}
{"timestamp":"2026-08-27T12:10:17.602348Z","level":"info","event":"Filling up the DagBag from /opt/airflow/dags/3_conditional_dag.py","logger":"airflow.dag_processing.dagbag.BundleDagBag","filename":"dagbag.py","lineno":469}
{"timestamp":"2026-08-27T12:10:48.265157Z","level":"info","event":"Filling up the DagBag from /opt/airflow/dags/3_conditional_dag.py","logger":"airflow.dag_processing.dagbag.BundleDagBag","filename":"dagbag.py","lineno":469}
{"timestamp":"2026-08-27T12:11:18.891000Z","level":"info","event":"Filling up the DagBag from /opt/airflow/dags/3_conditional_dag.py","logger":"airflow.dag_processing.dagbag.BundleDagBag","filename":"dagbag.py","lineno":469}
{"timestamp":"2026-08-27T12:11:49.541110Z","level":"info","event":"Filling up the DagBag from /opt/airflow/dags/3_conditional_dag.py","logger":"airflow.dag_processing.dagbag.BundleDagBag","filename":"dagbag.py","lineno":469}
{"timestamp":"2026-08-27T12:12:20.173317Z","level":"info","event":"Filling up the DagBag from /opt/airflow/dags/3_conditional_dag.py","logger":"airflow.dag_processing.dagbag.BundleDagBag","filename":"dagbag.py","lineno":469}
{"timestamp":"2026-08-27T12:12:50.817255Z","level":"info","event":"Filling up the DagBag from /opt/airflow/dags/3_conditional_dag.py","logger":"airflow.dag_processing.dagbag.BundleDagBag","filename":"dagbag.py","lineno":469}
{"timestamp":"2026-08-27T12:13:21.473268Z","level":"info","event":"Filling up the DagBag from /opt/airflow/dags/3_conditional_dag.py","logger":"airflow.dag_processing.dagbag.BundleDagBag","filename":"dagbag.py","lineno":469}
{"timestamp":"2026-08-27T12:13:52.093860Z","level":"info","event":"Filling up the DagBag from /opt/airflow/dags/3_conditional_dag.py","logger":"airflow.dag_processing.dagbag.BundleDagBag","filename":"dagbag.py","lineno":469}
{"timestamp":"2026-08-27T12:14:22.806279Z","level":"info","event":"Filling up the DagBag from /opt/airflow/dags/3_conditional_dag.py","logger":"airflow.dag_processing.dagbag.BundleDagBag","filename":"dagbag.py","lineno":469}
{"timestamp":"2026-08-27T12:14:53.414677Z","level":"info","event":"Filling up the DagBag from /opt/airflow/dags/3_conditional_dag.py","logger":"airflow.dag_processing.dagbag.BundleDagBag","filename":"dagbag.py","lineno":469}
{"timestamp":"2026-08-27T12:15:24.083410Z","level":"info","event":"Filling up the DagBag from /opt/airflow/dags/3_conditional_dag.py","logger":"airflow.dag_processing.dagbag.BundleDagBag","filename":"dagbag.py","lineno":469}
{"timestamp":"2026-08-27T12:15:54.767605Z","level":"info","event":"Filling up the DagBag from /opt/airflow/dags/3_conditional_dag.py","logger":"airflow.dag_processing.dagbag.BundleDagBag","filename":"dagbag.py","lineno":469}
{"timestamp":"2026-08-27T12:16:25.439533Z","level":"info","event":"Filling up the DagBag from /opt/airflow/dags/3_conditional_dag.py","logger":"airflow.dag_processing.dagbag.BundleDagBag","filename":"dagbag.py","lineno":469}
{"timestamp":"2026-08-27T12:16:56.044561Z","level":"info","event":"Filling up the DagBag from /opt/airflow/dags/3_conditional_dag.py","logger":"airflow.dag_processing.dagbag.BundleDagBag","filename":"dagbag.py","lineno":469}
{"timestamp":"2026-08-27T12:17:26.628374Z","level":"info","event":"Filling up the DagBag from /opt/airflow/dags/3_conditional_dag.py","logger":"airflow.dag_processing.dagbag.BundleDagBag","filename":"dagbag.py","lineno":469}
{"timestamp":"2026-08-27T12:17:57.236645Z","level":"info","event":"Filling up the DagBag from /opt/airflow/dags/3_conditional_dag.py","logger":"airflow.dag_processing.dagbag.BundleDagBag","filename":"dagbag.py","lineno":469}
{"timestamp":"2026-08-27T12:18:27.809684Z","level":"info","event":"Filling up the DagBag from /opt/airflow/dags/3_conditional_dag.py","logger":"airflow.dag_processing.dagbag.BundleDagBag","filename":"dagbag.py","lineno":469}
{"timestamp":"2026-08-27T12:18:58.418426Z","level":"info","event":"Filling up the DagBag from /opt/airflow/dags/3_conditional_dag.py","logger":"airflow.dag_processing.dagbag.BundleDagBag","filename":"dagbag.py","lineno":469}
{"timestamp":"2026-08-27T12:19:29.094236Z","level":"info","event":"Filling up the DagBag from /opt/airflow/dags/3_conditional_dag.py","logger":"airflow.dag_processing.dagbag.BundleDagBag","filename":"dagbag.py","lineno":469}
{"timestamp":"2026-08-27T12:19:59.727862Z","level":"info","event":"Filling up the DagBag from /opt/airflow/dags/3_conditional_dag.py","logger":"airflow.dag_processing.dagbag.BundleDagBag","filename":"dagbag.py","lineno":469}
