{"timestamp":"2026-09-21T08:58:56.080793Z","level":"info","event":"DAG bundles loaded: dags-folder","logger":"airflow.dag_processing.bundles.manager.DagBundlesManager","filename":"manager.py","lineno":209}
{"timestamp":"2026-09-21T08:58:56.081776Z","level":"info","event":"Filling up the DagBag from /opt/airflow/dags/aws_project.py","logger":"airflow.dag_processing.dagbag.BundleDagBag","filename":"dagbag.py","lineno":469}
{"timestamp":"2026-09-21T08:58:56.097695Z","level":"info","event":"None","logger":"task.stdout"}
{"timestamp":"2026-09-21T08:58:56.870845Z","level":"warning","event":"ProvidersManager.hooks is deprecated. Use ProvidersManagerTaskRuntime.hooks from task-sdk instead.","category":"DeprecatedImportWarning","filename":"/home/airflow/.local/lib/python3.13/site-packages/airflow/providers/databricks/hooks/databricks_base.py","lineno":207,"logger":"py.warnings"}
{"timestamp":"2026-09-21T08:58:58.336225Z","level":"info","event":"Run submitted with run_id: 22676093893055","logger":"airflow.task.operators.airflow.providers.databricks.operators.databricks.DatabricksRunNowOperator","filename":"databricks.py","lineno":1507}
{"timestamp":"2026-09-21T08:59:00.413853Z","level":"info","event":"trigger_databricks_pipeline in run state: {'life_cycle_state': 'RUNNING', 'result_state': '', 'state_message': ''}","logger":"airflow.task.operators.airflow.providers.databricks.operators.databricks.DatabricksRunNowOperator","filename":"databricks.py","lineno":194}
{"timestamp":"2026-09-21T08:59:00.414043Z","level":"info","event":"View run status, Spark UI, and logs at https://dbc-0de9192d-83be.cloud.databricks.com/?o=7474657226522822#job/90107865620121/run/22676093893055","logger":"airflow.task.operators.airflow.providers.databricks.operators.databricks.DatabricksRunNowOperator","filename":"databricks.py","lineno":195}
{"timestamp":"2026-09-21T08:59:00.414125Z","level":"info","event":"Sleeping for 30 seconds.","logger":"airflow.task.operators.airflow.providers.databricks.operators.databricks.DatabricksRunNowOperator","filename":"databricks.py","lineno":196}
{"timestamp":"2026-09-21T08:59:31.440045Z","level":"info","event":"trigger_databricks_pipeline in run state: {'life_cycle_state': 'RUNNING', 'result_state': '', 'state_message': ''}","logger":"airflow.task.operators.airflow.providers.databricks.operators.databricks.DatabricksRunNowOperator","filename":"databricks.py","lineno":194}
{"timestamp":"2026-09-21T08:59:31.440207Z","level":"info","event":"View run status, Spark UI, and logs at https://dbc-0de9192d-83be.cloud.databricks.com/?o=7474657226522822#job/90107865620121/run/22676093893055","logger":"airflow.task.operators.airflow.providers.databricks.operators.databricks.DatabricksRunNowOperator","filename":"databricks.py","lineno":195}
{"timestamp":"2026-09-21T08:59:31.440289Z","level":"info","event":"Sleeping for 30 seconds.","logger":"airflow.task.operators.airflow.providers.databricks.operators.databricks.DatabricksRunNowOperator","filename":"databricks.py","lineno":196}
{"timestamp":"2026-09-21T09:00:02.592639Z","level":"info","event":"trigger_databricks_pipeline in run state: {'life_cycle_state': 'RUNNING', 'result_state': '', 'state_message': ''}","logger":"airflow.task.operators.airflow.providers.databricks.operators.databricks.DatabricksRunNowOperator","filename":"databricks.py","lineno":194}
{"timestamp":"2026-09-21T09:00:02.593181Z","level":"info","event":"View run status, Spark UI, and logs at https://dbc-0de9192d-83be.cloud.databricks.com/?o=7474657226522822#job/90107865620121/run/22676093893055","logger":"airflow.task.operators.airflow.providers.databricks.operators.databricks.DatabricksRunNowOperator","filename":"databricks.py","lineno":195}
{"timestamp":"2026-09-21T09:00:02.593288Z","level":"info","event":"Sleeping for 30 seconds.","logger":"airflow.task.operators.airflow.providers.databricks.operators.databricks.DatabricksRunNowOperator","filename":"databricks.py","lineno":196}
{"timestamp":"2026-09-21T09:00:33.500239Z","level":"info","event":"trigger_databricks_pipeline in run state: {'life_cycle_state': 'RUNNING', 'result_state': '', 'state_message': ''}","logger":"airflow.task.operators.airflow.providers.databricks.operators.databricks.DatabricksRunNowOperator","filename":"databricks.py","lineno":194}
{"timestamp":"2026-09-21T09:00:33.500370Z","level":"info","event":"View run status, Spark UI, and logs at https://dbc-0de9192d-83be.cloud.databricks.com/?o=7474657226522822#job/90107865620121/run/22676093893055","logger":"airflow.task.operators.airflow.providers.databricks.operators.databricks.DatabricksRunNowOperator","filename":"databricks.py","lineno":195}
{"timestamp":"2026-09-21T09:00:33.500424Z","level":"info","event":"Sleeping for 30 seconds.","logger":"airflow.task.operators.airflow.providers.databricks.operators.databricks.DatabricksRunNowOperator","filename":"databricks.py","lineno":196}
{"timestamp":"2026-09-21T09:01:04.456138Z","level":"info","event":"trigger_databricks_pipeline in run state: {'life_cycle_state': 'RUNNING', 'result_state': '', 'state_message': ''}","logger":"airflow.task.operators.airflow.providers.databricks.operators.databricks.DatabricksRunNowOperator","filename":"databricks.py","lineno":194}
{"timestamp":"2026-09-21T09:01:04.456269Z","level":"info","event":"View run status, Spark UI, and logs at https://dbc-0de9192d-83be.cloud.databricks.com/?o=7474657226522822#job/90107865620121/run/22676093893055","logger":"airflow.task.operators.airflow.providers.databricks.operators.databricks.DatabricksRunNowOperator","filename":"databricks.py","lineno":195}
{"timestamp":"2026-09-21T09:01:04.456321Z","level":"info","event":"Sleeping for 30 seconds.","logger":"airflow.task.operators.airflow.providers.databricks.operators.databricks.DatabricksRunNowOperator","filename":"databricks.py","lineno":196}
{"timestamp":"2026-09-21T09:01:35.385370Z","level":"info","event":"trigger_databricks_pipeline completed successfully.","logger":"airflow.task.operators.airflow.providers.databricks.operators.databricks.DatabricksRunNowOperator","filename":"databricks.py","lineno":151}
{"timestamp":"2026-09-21T09:01:35.385490Z","level":"info","event":"View run status, Spark UI, and logs at https://dbc-0de9192d-83be.cloud.databricks.com/?o=7474657226522822#job/90107865620121/run/22676093893055","logger":"airflow.task.operators.airflow.providers.databricks.operators.databricks.DatabricksRunNowOperator","filename":"databricks.py","lineno":152}
